---
http_interactions:
- request:
    method: get
    uri: http://gamification-api.dev/v1/recipients?user=dfsgsdgg
    body:
      encoding: US-ASCII
      string: ''
    headers:
      User-Agent:
      - Faraday v0.9.1
      Authorization:
      - Token token="c9cde524238644fa93393159e5e9ad87"
      Accept-Encoding:
      - gzip;q=1.0,deflate;q=0.6,identity;q=0.3
      Accept:
      - "*/*"
  response:
    status:
      code: 422
      message: Unprocessable Entity
    headers:
      X-Frame-Options:
      - SAMEORIGIN
      X-Xss-Protection:
      - 1; mode=block
      X-Content-Type-Options:
      - nosniff
      Content-Type:
      - application/json; charset=utf-8
      Cache-Control:
      - no-cache
      X-Request-Id:
      - e17f9816-5c8b-4f8c-9ab2-4795f93410ae
      X-Runtime:
      - '0.023507'
      Date:
      - Tue, 21 Jul 2015 08:10:13 GMT
      Connection:
      - close
    body:
      encoding: UTF-8
      string: '{"error":{"type":"invalid_request_error","message":"Invalid search
        parameter: dfsgsdgg, must be university email address or university card number.","status":422}}'
    http_version: 
  recorded_at: Tue, 21 Jul 2015 08:10:13 GMT
- request:
    method: get
    uri: http://gamification-api.dev/v1/recipients?user=dfsgsdgg
    body:
      encoding: US-ASCII
      string: ''
    headers:
      User-Agent:
      - Faraday v0.9.1
      Authorization:
      - Token token="c9cde524238644fa93393159e5e9ad87"
      Accept-Encoding:
      - gzip;q=1.0,deflate;q=0.6,identity;q=0.3
      Accept:
      - "*/*"
  response:
    status:
      code: 422
      message: Unprocessable Entity
    headers:
      X-Frame-Options:
      - SAMEORIGIN
      X-Xss-Protection:
      - 1; mode=block
      X-Content-Type-Options:
      - nosniff
      Content-Type:
      - application/json; charset=utf-8
      Cache-Control:
      - no-cache
      X-Request-Id:
      - 3e4ce4ed-0c45-4614-8a37-302341b9146c
      X-Runtime:
      - '0.011082'
      Date:
      - Tue, 21 Jul 2015 08:10:13 GMT
      Connection:
      - close
    body:
      encoding: UTF-8
      string: '{"error":{"type":"invalid_request_error","message":"Invalid search
        parameter: dfsgsdgg, must be university email address or university card number.","status":422}}'
    http_version: 
  recorded_at: Tue, 21 Jul 2015 08:10:13 GMT
- request:
    method: get
    uri: http://gamification-api.dev/v1/recipients?user=j.stennet@lancaster.ac.uk
    body:
      encoding: US-ASCII
      string: ''
    headers:
      User-Agent:
      - Faraday v0.9.1
      Authorization:
      - Token token="c9cde524238644fa93393159e5e9ad87"
      Accept-Encoding:
      - gzip;q=1.0,deflate;q=0.6,identity;q=0.3
      Accept:
      - "*/*"
  response:
    status:
      code: 404
      message: Not Found
    headers:
      X-Frame-Options:
      - SAMEORIGIN
      X-Xss-Protection:
      - 1; mode=block
      X-Content-Type-Options:
      - nosniff
      Content-Type:
      - application/json; charset=utf-8
      Cache-Control:
      - no-cache
      X-Request-Id:
      - b4b710d2-b893-411b-9f2f-ce2b8c52b0e0
      X-Runtime:
      - '0.021127'
      Date:
      - Tue, 21 Jul 2015 08:10:13 GMT
      Connection:
      - close
    body:
      encoding: UTF-8
      string: '{"error":{"type":"invalid_request_error","message":"Unable to find
        user with specified data j.stennet@lancaster.ac.uk","status":404}}'
    http_version: 
  recorded_at: Tue, 21 Jul 2015 08:10:13 GMT
- request:
    method: get
    uri: http://gamification-api.dev/v1/recipients?user=j.stennet@lancaster.ac.uk
    body:
      encoding: US-ASCII
      string: ''
    headers:
      User-Agent:
      - Faraday v0.9.1
      Authorization:
      - Token token="c9cde524238644fa93393159e5e9ad87"
      Accept-Encoding:
      - gzip;q=1.0,deflate;q=0.6,identity;q=0.3
      Accept:
      - "*/*"
  response:
    status:
      code: 404
      message: Not Found
    headers:
      X-Frame-Options:
      - SAMEORIGIN
      X-Xss-Protection:
      - 1; mode=block
      X-Content-Type-Options:
      - nosniff
      Content-Type:
      - application/json; charset=utf-8
      Cache-Control:
      - no-cache
      X-Request-Id:
      - 1756748d-2654-4a11-bf25-c7db9cb3697f
      X-Runtime:
      - '0.021705'
      Date:
      - Tue, 21 Jul 2015 08:10:13 GMT
      Connection:
      - close
    body:
      encoding: UTF-8
      string: '{"error":{"type":"invalid_request_error","message":"Unable to find
        user with specified data j.stennet@lancaster.ac.uk","status":404}}'
    http_version: 
  recorded_at: Tue, 21 Jul 2015 08:10:13 GMT
recorded_with: VCR 2.9.3
