---
http_interactions:
- request:
    method: get
    uri: http://gamification-api.dev/v1/recipients?user=dfsgsdgg
    body:
      encoding: US-ASCII
      string: ''
    headers:
      User-Agent:
      - Faraday v0.9.1
      Authorization:
      - Token token="c9cde524238644fa93393159e5e9ad87"
      Accept-Encoding:
      - gzip;q=1.0,deflate;q=0.6,identity;q=0.3
      Accept:
      - "*/*"
  response:
    status:
      code: 404
      message: Not Found
    headers:
      X-Frame-Options:
      - SAMEORIGIN
      X-Xss-Protection:
      - 1; mode=block
      X-Content-Type-Options:
      - nosniff
      Content-Type:
      - application/json; charset=utf-8
      Cache-Control:
      - no-cache
      X-Request-Id:
      - f5eadd51-1671-4c29-add5-0509508fd460
      X-Runtime:
      - '0.023088'
      Date:
      - Thu, 03 Sep 2015 10:56:09 GMT
      Connection:
      - close
    body:
      encoding: UTF-8
      string: '{"error":{"type":"invalid_request_error","message":"Unable to find
        user with specified data dfsgsdgg. Recipient data must be a university email
        address, university card number or username.","status":404}}'
    http_version: 
  recorded_at: Thu, 03 Sep 2015 10:56:09 GMT
- request:
    method: get
    uri: http://gamification-api.dev/v1/recipients?user=dfsgsdgg
    body:
      encoding: US-ASCII
      string: ''
    headers:
      User-Agent:
      - Faraday v0.9.1
      Authorization:
      - Token token="c9cde524238644fa93393159e5e9ad87"
      Accept-Encoding:
      - gzip;q=1.0,deflate;q=0.6,identity;q=0.3
      Accept:
      - "*/*"
  response:
    status:
      code: 404
      message: Not Found
    headers:
      X-Frame-Options:
      - SAMEORIGIN
      X-Xss-Protection:
      - 1; mode=block
      X-Content-Type-Options:
      - nosniff
      Content-Type:
      - application/json; charset=utf-8
      Cache-Control:
      - no-cache
      X-Request-Id:
      - 76d57c2a-2efa-4a2f-80fd-bd9a98808b37
      X-Runtime:
      - '0.015357'
      Date:
      - Thu, 03 Sep 2015 10:56:09 GMT
      Connection:
      - close
    body:
      encoding: UTF-8
      string: '{"error":{"type":"invalid_request_error","message":"Unable to find
        user with specified data dfsgsdgg. Recipient data must be a university email
        address, university card number or username.","status":404}}'
    http_version: 
  recorded_at: Thu, 03 Sep 2015 10:56:09 GMT
- request:
    method: get
    uri: http://gamification-api.dev/v1/recipients?user=j.stennet@lancaster.ac.uk
    body:
      encoding: US-ASCII
      string: ''
    headers:
      User-Agent:
      - Faraday v0.9.1
      Authorization:
      - Token token="c9cde524238644fa93393159e5e9ad87"
      Accept-Encoding:
      - gzip;q=1.0,deflate;q=0.6,identity;q=0.3
      Accept:
      - "*/*"
  response:
    status:
      code: 404
      message: Not Found
    headers:
      X-Frame-Options:
      - SAMEORIGIN
      X-Xss-Protection:
      - 1; mode=block
      X-Content-Type-Options:
      - nosniff
      Content-Type:
      - application/json; charset=utf-8
      Cache-Control:
      - no-cache
      X-Request-Id:
      - 4a861db8-1465-4398-8dae-b6383618f6f5
      X-Runtime:
      - '0.017613'
      Date:
      - Thu, 03 Sep 2015 10:56:09 GMT
      Connection:
      - close
    body:
      encoding: UTF-8
      string: '{"error":{"type":"invalid_request_error","message":"Unable to find
        user with specified data j.stennet@lancaster.ac.uk. Recipient data must be
        a university email address, university card number or username.","status":404}}'
    http_version: 
  recorded_at: Thu, 03 Sep 2015 10:56:09 GMT
- request:
    method: get
    uri: http://gamification-api.dev/v1/recipients?user=j.stennet@lancaster.ac.uk
    body:
      encoding: US-ASCII
      string: ''
    headers:
      User-Agent:
      - Faraday v0.9.1
      Authorization:
      - Token token="c9cde524238644fa93393159e5e9ad87"
      Accept-Encoding:
      - gzip;q=1.0,deflate;q=0.6,identity;q=0.3
      Accept:
      - "*/*"
  response:
    status:
      code: 404
      message: Not Found
    headers:
      X-Frame-Options:
      - SAMEORIGIN
      X-Xss-Protection:
      - 1; mode=block
      X-Content-Type-Options:
      - nosniff
      Content-Type:
      - application/json; charset=utf-8
      Cache-Control:
      - no-cache
      X-Request-Id:
      - 13e3d08b-605a-4bae-8250-4f5397724585
      X-Runtime:
      - '0.015878'
      Date:
      - Thu, 03 Sep 2015 10:56:09 GMT
      Connection:
      - close
    body:
      encoding: UTF-8
      string: '{"error":{"type":"invalid_request_error","message":"Unable to find
        user with specified data j.stennet@lancaster.ac.uk. Recipient data must be
        a university email address, university card number or username.","status":404}}'
    http_version: 
  recorded_at: Thu, 03 Sep 2015 10:56:09 GMT
recorded_with: VCR 2.9.3
