---
http_interactions:
- request:
    method: delete
    uri: http://gamification-api.dev/v1//collections/50
    body:
      encoding: US-ASCII
      string: ''
    headers:
      User-Agent:
      - Faraday v0.9.1
      Authorization:
      - Token token="c9cde524238644fa93393159e5e9ad87"
      Accept-Encoding:
      - gzip;q=1.0,deflate;q=0.6,identity;q=0.3
      Accept:
      - "*/*"
  response:
    status:
      code: 500
      message: Internal Server Error
    headers:
      X-Frame-Options:
      - SAMEORIGIN
      X-Xss-Protection:
      - 1; mode=block
      X-Content-Type-Options:
      - nosniff
      Content-Type:
      - application/json; charset=utf-8
      Cache-Control:
      - no-cache
      X-Request-Id:
      - 17d00af5-2396-485b-87cf-08a29b4afebd
      X-Runtime:
      - '0.005103'
      Date:
      - Wed, 01 Apr 2015 10:23:00 GMT
      Connection:
      - close
    body:
      encoding: UTF-8
      string: '{"id":50,"name":"Create Collection Test Destroy","description":"This
        is a new badge","created_at":"2015-04-01T10:23:00.577Z","updated_at":"2015-04-01T10:23:00.577Z"}'
    http_version: 
  recorded_at: Wed, 01 Apr 2015 10:23:00 GMT
- request:
    method: delete
    uri: http://gamification-api.dev/v1//collections/56
    body:
      encoding: US-ASCII
      string: ''
    headers:
      User-Agent:
      - Faraday v0.9.1
      Authorization:
      - Token token="c9cde524238644fa93393159e5e9ad87"
      Accept-Encoding:
      - gzip;q=1.0,deflate;q=0.6,identity;q=0.3
      Accept:
      - "*/*"
  response:
    status:
      code: 500
      message: Internal Server Error
    headers:
      X-Frame-Options:
      - SAMEORIGIN
      X-Xss-Protection:
      - 1; mode=block
      X-Content-Type-Options:
      - nosniff
      Content-Type:
      - application/json; charset=utf-8
      Cache-Control:
      - no-cache
      X-Request-Id:
      - 7f4d1806-2470-453a-bbd0-67a7193312a6
      X-Runtime:
      - '0.005403'
      Date:
      - Wed, 01 Apr 2015 10:24:42 GMT
      Connection:
      - close
    body:
      encoding: UTF-8
      string: '{"id":56,"name":"Create Collection Test Destroy","description":"This
        is a new badge","created_at":"2015-04-01T10:24:42.143Z","updated_at":"2015-04-01T10:24:42.143Z"}'
    http_version: 
  recorded_at: Wed, 01 Apr 2015 10:24:42 GMT
- request:
    method: post
    uri: http://gamification-api.dev/v1//collections
    body:
      encoding: UTF-8
      string: collection%5Bdescription%5D=This+is+a+new+badge&collection%5Bname%5D=Create+Collection+Test+Destroy
    headers:
      User-Agent:
      - Faraday v0.9.1
      Authorization:
      - Token token="c9cde524238644fa93393159e5e9ad87"
      Content-Type:
      - application/x-www-form-urlencoded
      Accept-Encoding:
      - gzip;q=1.0,deflate;q=0.6,identity;q=0.3
      Accept:
      - "*/*"
  response:
    status:
      code: 201
      message: Created
    headers:
      X-Frame-Options:
      - SAMEORIGIN
      X-Xss-Protection:
      - 1; mode=block
      X-Content-Type-Options:
      - nosniff
      Content-Type:
      - application/json; charset=utf-8
      Etag:
      - '"ebee102c5d79dcded3598d27aa087a1e"'
      Cache-Control:
      - max-age=0, private, must-revalidate
      X-Request-Id:
      - c974c3df-5da2-4840-a9a2-74014343fee1
      X-Runtime:
      - '0.011711'
      Date:
      - Wed, 01 Apr 2015 10:24:58 GMT
      Connection:
      - close
    body:
      encoding: UTF-8
      string: '{"id":62,"name":"Create Collection Test Destroy","description":"This
        is a new badge","created_at":"2015-04-01T10:24:58.937Z","updated_at":"2015-04-01T10:24:58.937Z"}'
    http_version: 
  recorded_at: Wed, 01 Apr 2015 10:24:58 GMT
- request:
    method: post
    uri: http://gamification-api.dev/v1//collections
    body:
      encoding: UTF-8
      string: collection%5Bdescription%5D=This+is+a+new+badge&collection%5Bname%5D=Create+Collection+Test+Destroy
    headers:
      User-Agent:
      - Faraday v0.9.1
      Authorization:
      - Token token="c9cde524238644fa93393159e5e9ad87"
      Content-Type:
      - application/x-www-form-urlencoded
      Accept-Encoding:
      - gzip;q=1.0,deflate;q=0.6,identity;q=0.3
      Accept:
      - "*/*"
  response:
    status:
      code: 422
      message: Unprocessable Entity
    headers:
      X-Frame-Options:
      - SAMEORIGIN
      X-Xss-Protection:
      - 1; mode=block
      X-Content-Type-Options:
      - nosniff
      Content-Type:
      - application/json; charset=utf-8
      Cache-Control:
      - no-cache
      X-Request-Id:
      - 35ee369d-92a9-495d-b128-9a33ded1c5e1
      X-Runtime:
      - '0.004991'
      Date:
      - Wed, 01 Apr 2015 10:24:58 GMT
      Connection:
      - close
    body:
      encoding: UTF-8
      string: '{"error":{"name":["has already been taken"]}}'
    http_version: 
  recorded_at: Wed, 01 Apr 2015 10:24:58 GMT
- request:
    method: delete
    uri: http://gamification-api.dev/v1//collections/62
    body:
      encoding: US-ASCII
      string: ''
    headers:
      User-Agent:
      - Faraday v0.9.1
      Authorization:
      - Token token="c9cde524238644fa93393159e5e9ad87"
      Accept-Encoding:
      - gzip;q=1.0,deflate;q=0.6,identity;q=0.3
      Accept:
      - "*/*"
  response:
    status:
      code: 500
      message: Internal Server Error
    headers:
      X-Frame-Options:
      - SAMEORIGIN
      X-Xss-Protection:
      - 1; mode=block
      X-Content-Type-Options:
      - nosniff
      Content-Type:
      - application/json; charset=utf-8
      Cache-Control:
      - no-cache
      X-Request-Id:
      - f9a97e21-73ba-421f-994f-8d04d9923aeb
      X-Runtime:
      - '0.005402'
      Date:
      - Wed, 01 Apr 2015 10:24:58 GMT
      Connection:
      - close
    body:
      encoding: UTF-8
      string: '{"id":62,"name":"Create Collection Test Destroy","description":"This
        is a new badge","created_at":"2015-04-01T10:24:58.937Z","updated_at":"2015-04-01T10:24:58.937Z"}'
    http_version: 
  recorded_at: Wed, 01 Apr 2015 10:24:58 GMT
recorded_with: VCR 2.9.3
