---
http_interactions:
- request:
    method: post
    uri: http://gamification-api.dev/v1/collections
    body:
      encoding: UTF-8
      string: collection%5Bdescription%5D=This+is+a+new+badge&collection%5Bname%5D=Create+Collection+Test+Destroy
    headers:
      User-Agent:
      - Faraday v0.9.1
      Authorization:
      - Token token="c9cde524238644fa93393159e5e9ad87"
      Content-Type:
      - application/x-www-form-urlencoded
      Accept-Encoding:
      - gzip;q=1.0,deflate;q=0.6,identity;q=0.3
      Accept:
      - "*/*"
  response:
    status:
      code: 201
      message: Created
    headers:
      X-Frame-Options:
      - SAMEORIGIN
      X-Xss-Protection:
      - 1; mode=block
      X-Content-Type-Options:
      - nosniff
      Content-Type:
      - application/json; charset=utf-8
      Etag:
      - '"74471b0fb071692a1fad39877740859d"'
      Cache-Control:
      - max-age=0, private, must-revalidate
      X-Request-Id:
      - b0a4865f-c0b0-4431-9fa1-75c230b93ceb
      X-Runtime:
      - '0.029588'
      Date:
      - Tue, 21 Jul 2015 15:14:59 GMT
      Connection:
      - close
    body:
      encoding: UTF-8
      string: '{"id":"create-collection-test-destroy","name":"Create Collection Test
        Destroy","description":"This is a new badge","created_at":"2015-07-21T15:14:59.551Z","updated_at":"2015-07-21T15:14:59.551Z","total_points_available":0}'
    http_version: 
  recorded_at: Tue, 21 Jul 2015 15:14:59 GMT
- request:
    method: post
    uri: http://gamification-api.dev/v1/collections
    body:
      encoding: UTF-8
      string: collection%5Bdescription%5D=This+is+a+new+badge&collection%5Bname%5D=Create+Collection+Test+Destroy
    headers:
      User-Agent:
      - Faraday v0.9.1
      Authorization:
      - Token token="c9cde524238644fa93393159e5e9ad87"
      Content-Type:
      - application/x-www-form-urlencoded
      Accept-Encoding:
      - gzip;q=1.0,deflate;q=0.6,identity;q=0.3
      Accept:
      - "*/*"
  response:
    status:
      code: 422
      message: Unprocessable Entity
    headers:
      X-Frame-Options:
      - SAMEORIGIN
      X-Xss-Protection:
      - 1; mode=block
      X-Content-Type-Options:
      - nosniff
      Content-Type:
      - application/json; charset=utf-8
      Cache-Control:
      - no-cache
      X-Request-Id:
      - c61d034b-5967-439c-ba9f-360e01bb3b07
      X-Runtime:
      - '0.013486'
      Date:
      - Tue, 21 Jul 2015 15:14:59 GMT
      Connection:
      - close
    body:
      encoding: UTF-8
      string: '{"error":{"type":"invalid_request_error","message":{"name":["has already
        been taken"]},"status":422}}'
    http_version: 
  recorded_at: Tue, 21 Jul 2015 15:14:59 GMT
- request:
    method: post
    uri: http://gamification-api.dev/v1/collections
    body:
      encoding: UTF-8
      string: collection%5Bdescription%5D=This+is+a+new+badge&collection%5Bname%5D=Create+Collection+Test+Destroy
    headers:
      User-Agent:
      - Faraday v0.9.1
      Authorization:
      - Token token="c9cde524238644fa93393159e5e9ad87"
      Content-Type:
      - application/x-www-form-urlencoded
      Accept-Encoding:
      - gzip;q=1.0,deflate;q=0.6,identity;q=0.3
      Accept:
      - "*/*"
  response:
    status:
      code: 422
      message: Unprocessable Entity
    headers:
      X-Frame-Options:
      - SAMEORIGIN
      X-Xss-Protection:
      - 1; mode=block
      X-Content-Type-Options:
      - nosniff
      Content-Type:
      - application/json; charset=utf-8
      Cache-Control:
      - no-cache
      X-Request-Id:
      - 2bd7d4ea-25a7-4ec8-a79f-0bf1fd3c73db
      X-Runtime:
      - '0.039906'
      Date:
      - Tue, 21 Jul 2015 15:14:59 GMT
      Connection:
      - close
    body:
      encoding: UTF-8
      string: '{"error":{"type":"invalid_request_error","message":{"name":["has already
        been taken"]},"status":422}}'
    http_version: 
  recorded_at: Tue, 21 Jul 2015 15:14:59 GMT
- request:
    method: delete
    uri: http://gamification-api.dev/v1/collections/create-collection-test-destroy
    body:
      encoding: US-ASCII
      string: ''
    headers:
      User-Agent:
      - Faraday v0.9.1
      Authorization:
      - Token token="c9cde524238644fa93393159e5e9ad87"
      Accept-Encoding:
      - gzip;q=1.0,deflate;q=0.6,identity;q=0.3
      Accept:
      - "*/*"
  response:
    status:
      code: 200
      message: OK
    headers:
      X-Frame-Options:
      - SAMEORIGIN
      X-Xss-Protection:
      - 1; mode=block
      X-Content-Type-Options:
      - nosniff
      Content-Type:
      - application/json; charset=utf-8
      Etag:
      - '"74471b0fb071692a1fad39877740859d"'
      Cache-Control:
      - max-age=0, private, must-revalidate
      X-Request-Id:
      - 6c180451-a978-4bf8-a240-1ef213f76baf
      X-Runtime:
      - '0.022563'
      Date:
      - Tue, 21 Jul 2015 15:14:59 GMT
      Connection:
      - close
    body:
      encoding: UTF-8
      string: '{"id":"create-collection-test-destroy","name":"Create Collection Test
        Destroy","description":"This is a new badge","created_at":"2015-07-21T15:14:59.551Z","updated_at":"2015-07-21T15:14:59.551Z","total_points_available":0}'
    http_version: 
  recorded_at: Tue, 21 Jul 2015 15:14:59 GMT
recorded_with: VCR 2.9.3
