---
http_interactions:
- request:
    method: delete
    uri: http://gamification-api.dev/v1//badges/74
    body:
      encoding: US-ASCII
      string: ''
    headers:
      User-Agent:
      - Faraday v0.9.1
      Authorization:
      - Token token="c9cde524238644fa93393159e5e9ad87"
      Accept-Encoding:
      - gzip;q=1.0,deflate;q=0.6,identity;q=0.3
      Accept:
      - "*/*"
  response:
    status:
      code: 500
      message: Internal Server Error
    headers:
      X-Frame-Options:
      - SAMEORIGIN
      X-Xss-Protection:
      - 1; mode=block
      X-Content-Type-Options:
      - nosniff
      Content-Type:
      - application/json; charset=utf-8
      Cache-Control:
      - no-cache
      X-Request-Id:
      - feb8c492-7f47-4893-9ab3-4e1bccc8be67
      X-Runtime:
      - '0.005427'
      Date:
      - Wed, 01 Apr 2015 10:22:50 GMT
      Connection:
      - close
    body:
      encoding: UTF-8
      string: '{"id":74,"name":"Create Badge Test Destroy","description":"This is
        a new badge","requirements":"You need to love the Badge API","hint":"Love
        us..","image":"http://example.org/badge.png","recipient_id":null,"issuer_id":null,"collection_id":1,"issued_at":null,"created_at":"2015-04-01T10:22:50.371Z","updated_at":"2015-04-01T10:22:50.371Z"}'
    http_version: 
  recorded_at: Wed, 01 Apr 2015 10:22:50 GMT
- request:
    method: delete
    uri: http://gamification-api.dev/v1//badges/80
    body:
      encoding: US-ASCII
      string: ''
    headers:
      User-Agent:
      - Faraday v0.9.1
      Authorization:
      - Token token="c9cde524238644fa93393159e5e9ad87"
      Accept-Encoding:
      - gzip;q=1.0,deflate;q=0.6,identity;q=0.3
      Accept:
      - "*/*"
  response:
    status:
      code: 500
      message: Internal Server Error
    headers:
      X-Frame-Options:
      - SAMEORIGIN
      X-Xss-Protection:
      - 1; mode=block
      X-Content-Type-Options:
      - nosniff
      Content-Type:
      - application/json; charset=utf-8
      Cache-Control:
      - no-cache
      X-Request-Id:
      - 63ef4a2d-0055-49d5-8431-9b420f54fcda
      X-Runtime:
      - '0.005680'
      Date:
      - Wed, 01 Apr 2015 10:24:38 GMT
      Connection:
      - close
    body:
      encoding: UTF-8
      string: '{"id":80,"name":"Create Badge Test Destroy","description":"This is
        a new badge","requirements":"You need to love the Badge API","hint":"Love
        us..","image":"http://example.org/badge.png","recipient_id":null,"issuer_id":null,"collection_id":1,"issued_at":null,"created_at":"2015-04-01T10:24:38.859Z","updated_at":"2015-04-01T10:24:38.859Z"}'
    http_version: 
  recorded_at: Wed, 01 Apr 2015 10:24:38 GMT
- request:
    method: delete
    uri: http://gamification-api.dev/v1//badges/86
    body:
      encoding: US-ASCII
      string: ''
    headers:
      User-Agent:
      - Faraday v0.9.1
      Authorization:
      - Token token="c9cde524238644fa93393159e5e9ad87"
      Accept-Encoding:
      - gzip;q=1.0,deflate;q=0.6,identity;q=0.3
      Accept:
      - "*/*"
  response:
    status:
      code: 500
      message: Internal Server Error
    headers:
      X-Frame-Options:
      - SAMEORIGIN
      X-Xss-Protection:
      - 1; mode=block
      X-Content-Type-Options:
      - nosniff
      Content-Type:
      - application/json; charset=utf-8
      Cache-Control:
      - no-cache
      X-Request-Id:
      - 0503e141-6bcd-4085-ad06-b89d4334a630
      X-Runtime:
      - '0.005211'
      Date:
      - Wed, 01 Apr 2015 10:25:02 GMT
      Connection:
      - close
    body:
      encoding: UTF-8
      string: '{"id":86,"name":"Create Badge Test Destroy","description":"This is
        a new badge","requirements":"You need to love the Badge API","hint":"Love
        us..","image":"http://example.org/badge.png","recipient_id":null,"issuer_id":null,"collection_id":1,"issued_at":null,"created_at":"2015-04-01T10:25:02.245Z","updated_at":"2015-04-01T10:25:02.245Z"}'
    http_version: 
  recorded_at: Wed, 01 Apr 2015 10:25:02 GMT
- request:
    method: delete
    uri: http://gamification-api.dev/v1//badges/22
    body:
      encoding: US-ASCII
      string: ''
    headers:
      User-Agent:
      - Faraday v0.9.1
      Authorization:
      - Token token="c9cde524238644fa93393159e5e9ad87"
      Accept-Encoding:
      - gzip;q=1.0,deflate;q=0.6,identity;q=0.3
      Accept:
      - "*/*"
  response:
    status:
      code: 500
      message: Internal Server Error
    headers:
      X-Frame-Options:
      - SAMEORIGIN
      X-Xss-Protection:
      - 1; mode=block
      X-Content-Type-Options:
      - nosniff
      Content-Type:
      - application/json; charset=utf-8
      Cache-Control:
      - no-cache
      X-Request-Id:
      - fade227f-4d97-444b-b466-3f6b3bb73d30
      X-Runtime:
      - '0.025145'
      Date:
      - Wed, 08 Apr 2015 11:52:18 GMT
      Connection:
      - close
    body:
      encoding: UTF-8
      string: '{"id":22,"name":"Create Badge Test Destroy","description":"This is
        a new badge","requirements":"You need to love the Badge API","hint":"Love
        us..","image":"http://example.org/badge.png","collection_id":1,"created_at":"2015-04-08T11:52:17.973Z","updated_at":"2015-04-08T11:52:17.973Z"}'
    http_version: 
  recorded_at: Wed, 08 Apr 2015 11:52:18 GMT
- request:
    method: delete
    uri: http://gamification-api.dev/v1//badges/28
    body:
      encoding: US-ASCII
      string: ''
    headers:
      User-Agent:
      - Faraday v0.9.1
      Authorization:
      - Token token="c9cde524238644fa93393159e5e9ad87"
      Accept-Encoding:
      - gzip;q=1.0,deflate;q=0.6,identity;q=0.3
      Accept:
      - "*/*"
  response:
    status:
      code: 500
      message: Internal Server Error
    headers:
      X-Frame-Options:
      - SAMEORIGIN
      X-Xss-Protection:
      - 1; mode=block
      X-Content-Type-Options:
      - nosniff
      Content-Type:
      - application/json; charset=utf-8
      Cache-Control:
      - no-cache
      X-Request-Id:
      - 3cb548f6-54e8-4c11-b434-a9e4e3c6607d
      X-Runtime:
      - '0.005271'
      Date:
      - Wed, 08 Apr 2015 15:48:26 GMT
      Connection:
      - close
    body:
      encoding: UTF-8
      string: '{"id":28,"name":"Create Badge Test Destroy","description":"This is
        a new badge","requirements":"You need to love the Badge API","hint":"Love
        us..","image":"http://example.org/badge.png","collection_id":1,"created_at":"2015-04-08T15:48:26.046Z","updated_at":"2015-04-08T15:48:26.046Z"}'
    http_version: 
  recorded_at: Wed, 08 Apr 2015 15:48:26 GMT
- request:
    method: delete
    uri: http://gamification-api.dev/v1//badges/34
    body:
      encoding: US-ASCII
      string: ''
    headers:
      User-Agent:
      - Faraday v0.9.1
      Authorization:
      - Token token="c9cde524238644fa93393159e5e9ad87"
      Accept-Encoding:
      - gzip;q=1.0,deflate;q=0.6,identity;q=0.3
      Accept:
      - "*/*"
  response:
    status:
      code: 500
      message: Internal Server Error
    headers:
      X-Frame-Options:
      - SAMEORIGIN
      X-Xss-Protection:
      - 1; mode=block
      X-Content-Type-Options:
      - nosniff
      Content-Type:
      - application/json; charset=utf-8
      Cache-Control:
      - no-cache
      X-Request-Id:
      - 0d49456f-e0c9-432b-8c3b-89275469f4c1
      X-Runtime:
      - '0.005604'
      Date:
      - Wed, 08 Apr 2015 16:04:12 GMT
      Connection:
      - close
    body:
      encoding: UTF-8
      string: '{"id":34,"name":"Create Badge Test Destroy","description":"This is
        a new badge","requirements":"You need to love the Badge API","hint":"Love
        us..","image":"http://example.org/badge.png","collection_id":1,"created_at":"2015-04-08T16:04:12.763Z","updated_at":"2015-04-08T16:04:12.763Z"}'
    http_version: 
  recorded_at: Wed, 08 Apr 2015 16:04:12 GMT
- request:
    method: delete
    uri: http://gamification-api.dev/v1//badges/40
    body:
      encoding: US-ASCII
      string: ''
    headers:
      User-Agent:
      - Faraday v0.9.1
      Authorization:
      - Token token="c9cde524238644fa93393159e5e9ad87"
      Accept-Encoding:
      - gzip;q=1.0,deflate;q=0.6,identity;q=0.3
      Accept:
      - "*/*"
  response:
    status:
      code: 500
      message: Internal Server Error
    headers:
      X-Frame-Options:
      - SAMEORIGIN
      X-Xss-Protection:
      - 1; mode=block
      X-Content-Type-Options:
      - nosniff
      Content-Type:
      - application/json; charset=utf-8
      Cache-Control:
      - no-cache
      X-Request-Id:
      - 42a1b14a-d576-4468-83a5-3c425d183618
      X-Runtime:
      - '0.006521'
      Date:
      - Wed, 08 Apr 2015 16:04:28 GMT
      Connection:
      - close
    body:
      encoding: UTF-8
      string: '{"id":40,"name":"Create Badge Test Destroy","description":"This is
        a new badge","requirements":"You need to love the Badge API","hint":"Love
        us..","image":"http://example.org/badge.png","collection_id":1,"created_at":"2015-04-08T16:04:28.129Z","updated_at":"2015-04-08T16:04:28.129Z"}'
    http_version: 
  recorded_at: Wed, 08 Apr 2015 16:04:28 GMT
- request:
    method: delete
    uri: http://gamification-api.dev/v1//badges/46
    body:
      encoding: US-ASCII
      string: ''
    headers:
      User-Agent:
      - Faraday v0.9.1
      Authorization:
      - Token token="c9cde524238644fa93393159e5e9ad87"
      Accept-Encoding:
      - gzip;q=1.0,deflate;q=0.6,identity;q=0.3
      Accept:
      - "*/*"
  response:
    status:
      code: 500
      message: Internal Server Error
    headers:
      X-Frame-Options:
      - SAMEORIGIN
      X-Xss-Protection:
      - 1; mode=block
      X-Content-Type-Options:
      - nosniff
      Content-Type:
      - application/json; charset=utf-8
      Cache-Control:
      - no-cache
      X-Request-Id:
      - 986dd6f7-b56b-482f-986c-681d6eea1109
      X-Runtime:
      - '0.005594'
      Date:
      - Wed, 08 Apr 2015 16:15:14 GMT
      Connection:
      - close
    body:
      encoding: UTF-8
      string: '{"id":46,"name":"Create Badge Test Destroy","description":"This is
        a new badge","requirements":"You need to love the Badge API","hint":"Love
        us..","image":"http://example.org/badge.png","collection_id":1,"created_at":"2015-04-08T16:15:14.394Z","updated_at":"2015-04-08T16:15:14.394Z"}'
    http_version: 
  recorded_at: Wed, 08 Apr 2015 16:15:14 GMT
- request:
    method: delete
    uri: http://gamification-api.dev/v1//badges/51
    body:
      encoding: US-ASCII
      string: ''
    headers:
      User-Agent:
      - Faraday v0.9.1
      Authorization:
      - Token token="c9cde524238644fa93393159e5e9ad87"
      Accept-Encoding:
      - gzip;q=1.0,deflate;q=0.6,identity;q=0.3
      Accept:
      - "*/*"
  response:
    status:
      code: 500
      message: Internal Server Error
    headers:
      X-Frame-Options:
      - SAMEORIGIN
      X-Xss-Protection:
      - 1; mode=block
      X-Content-Type-Options:
      - nosniff
      Content-Type:
      - application/json; charset=utf-8
      Cache-Control:
      - no-cache
      X-Request-Id:
      - 437dd012-d6f9-4ef8-b384-1784d0dbd8b9
      X-Runtime:
      - '0.007209'
      Date:
      - Wed, 08 Apr 2015 16:17:10 GMT
      Connection:
      - close
    body:
      encoding: UTF-8
      string: '{"id":51,"name":"Create Badge Test Destroy","description":"This is
        a new badge","requirements":"You need to love the Badge API","hint":"Love
        us..","image":"http://example.org/badge.png","collection_id":1,"created_at":"2015-04-08T16:17:10.350Z","updated_at":"2015-04-08T16:17:10.350Z"}'
    http_version: 
  recorded_at: Wed, 08 Apr 2015 16:17:10 GMT
- request:
    method: delete
    uri: http://gamification-api.dev/v1//badges/55
    body:
      encoding: US-ASCII
      string: ''
    headers:
      User-Agent:
      - Faraday v0.9.1
      Authorization:
      - Token token="c9cde524238644fa93393159e5e9ad87"
      Accept-Encoding:
      - gzip;q=1.0,deflate;q=0.6,identity;q=0.3
      Accept:
      - "*/*"
  response:
    status:
      code: 500
      message: Internal Server Error
    headers:
      X-Frame-Options:
      - SAMEORIGIN
      X-Xss-Protection:
      - 1; mode=block
      X-Content-Type-Options:
      - nosniff
      Content-Type:
      - application/json; charset=utf-8
      Cache-Control:
      - no-cache
      X-Request-Id:
      - a1ce9b98-e884-4617-a19b-7fab16de3c1a
      X-Runtime:
      - '0.005619'
      Date:
      - Thu, 09 Apr 2015 08:52:25 GMT
      Connection:
      - close
    body:
      encoding: UTF-8
      string: '{"id":55,"name":"Create Badge Test Destroy","description":"This is
        a new badge","requirements":"You need to love the Badge API","hint":"Love
        us..","image":"http://example.org/badge.png","collection_id":1,"created_at":"2015-04-09T08:52:25.057Z","updated_at":"2015-04-09T08:52:25.057Z"}'
    http_version: 
  recorded_at: Thu, 09 Apr 2015 08:52:25 GMT
- request:
    method: delete
    uri: http://gamification-api.dev/v1//badges/61
    body:
      encoding: US-ASCII
      string: ''
    headers:
      User-Agent:
      - Faraday v0.9.1
      Authorization:
      - Token token="c9cde524238644fa93393159e5e9ad87"
      Accept-Encoding:
      - gzip;q=1.0,deflate;q=0.6,identity;q=0.3
      Accept:
      - "*/*"
  response:
    status:
      code: 500
      message: Internal Server Error
    headers:
      Content-Type:
      - text/html; charset=utf-8
      Content-Length:
      - '16127'
      X-Request-Id:
      - a7450810-3b56-4286-a29f-2c01964fff2c
      X-Runtime:
      - '0.032517'
      Date:
      - Thu, 09 Apr 2015 08:54:42 GMT
      Connection:
      - keep-alive
    body:
      encoding: UTF-8
      string: "<!DOCTYPE html>\n<html lang=\"en\">\n<head>\n  <meta charset=\"utf-8\"
        />\n  <title>Action Controller: Exception caught</title>\n  <style>\n    body
        {\n      background-color: #FAFAFA;\n      color: #333;\n      margin: 0px;\n
        \   }\n\n    body, p, ol, ul, td {\n      font-family: helvetica, verdana,
        arial, sans-serif;\n      font-size:   13px;\n      line-height: 18px;\n    }\n\n
        \   pre {\n      font-size: 11px;\n      white-space: pre-wrap;\n    }\n\n
        \   pre.box {\n      border: 1px solid #EEE;\n      padding: 10px;\n      margin:
        0px;\n      width: 958px;\n    }\n\n    header {\n      color: #F0F0F0;\n
        \     background: #C52F24;\n      padding: 0.5em 1.5em;\n    }\n\n    h1 {\n
        \     margin: 0.2em 0;\n      line-height: 1.1em;\n      font-size: 2em;\n
        \   }\n\n    h2 {\n      color: #C52F24;\n      line-height: 25px;\n    }\n\n
        \   .details {\n      border: 1px solid #D0D0D0;\n      border-radius: 4px;\n
        \     margin: 1em 0px;\n      display: block;\n      width: 978px;\n    }\n\n
        \   .summary {\n      padding: 8px 15px;\n      border-bottom: 1px solid #D0D0D0;\n
        \     display: block;\n    }\n\n    .details pre {\n      margin: 5px;\n      border:
        none;\n    }\n\n    #container {\n      box-sizing: border-box;\n      width:
        100%;\n      padding: 0 1.5em;\n    }\n\n    .source * {\n      margin: 0px;\n
        \     padding: 0px;\n    }\n\n    .source {\n      border: 1px solid #D9D9D9;\n
        \     background: #ECECEC;\n      width: 978px;\n    }\n\n    .source pre
        {\n      padding: 10px 0px;\n      border: none;\n    }\n\n    .source .data
        {\n      font-size: 80%;\n      overflow: auto;\n      background-color: #FFF;\n
        \   }\n\n    .info {\n      padding: 0.5em;\n    }\n\n    .source .data .line_numbers
        {\n      background-color: #ECECEC;\n      color: #AAA;\n      padding: 1em
        .5em;\n      border-right: 1px solid #DDD;\n      text-align: right;\n    }\n\n
        \   .line {\n      padding-left: 10px;\n    }\n\n    .line:hover {\n      background-color:
        #F6F6F6;\n    }\n\n    .line.active {\n      background-color: #FFCCCC;\n
        \   }\n\n    a { color: #980905; }\n    a:visited { color: #666; }\n    a:hover
        { color: #C52F24; }\n\n    \n  </style>\n\n  <script>\n    var toggle = function(id)
        {\n      var s = document.getElementById(id).style;\n      s.display = s.display
        == 'none' ? 'block' : 'none';\n      return false;\n    }\n    var show =
        function(id) {\n      document.getElementById(id).style.display = 'block';\n
        \   }\n    var hide = function(id) {\n      document.getElementById(id).style.display
        = 'none';\n    }\n    var toggleTrace = function() {\n      return toggle('blame_trace');\n
        \   }\n    var toggleSessionDump = function() {\n      return toggle('session_dump');\n
        \   }\n    var toggleEnvDump = function() {\n      return toggle('env_dump');\n
        \   }\n  </script>\n</head>\n<body>\n\n<header>\n  <h1>\n    NoMethodError\n
        \     in V1::BadgesController#destroy\n  </h1>\n</header>\n\n<div id=\"container\">\n
        \ <h2>undefined method `green&#39; for &quot;DESTROY !!!!!!!!!!!!!!!!!!!!!!!!!!!!!!!!!!!!!!!!!!!&quot;:String</h2>\n\n
        \ <div class=\"source\">\n<div class=\"info\">\n  Extracted source (around
        line <strong>#97</strong>):\n</div>\n<div class=\"data\">\n  <table cellpadding=\"0\"
        cellspacing=\"0\" class=\"lines\">\n      <tr>\n        <td>\n          <pre
        class=\"line_numbers\">\n<span>95</span>\n<span>96</span>\n<span>97</span>\n<span>98</span>\n<span>99</span>\n<span>100</span>\n
        \         </pre>\n        </td>\n<td width=\"100%\">\n<pre>\n<div class=\"line\">\n</div><div
        class=\"line\">\t\t\tlogger.debug(&quot;==========================&quot;)\n</div><div
        class=\"line active\">\t\t\tlogger.debug(&quot;DESTROY !!!!!!!!!!!!!!!!!!!!!!!!!!!!!!!!!!!!!!!!!!!&quot;.green)\n</div><div
        class=\"line\">\t\t\tlogger.debug(&quot;==========================&quot;)\n</div><div
        class=\"line\">\t\t\tlogger.debug(@badge)\n</div><div class=\"line\">\t\t\tlogger.debug(&quot;==========================&quot;)\n</div>\n</pre>\n</td>\n
        \   </tr>\n  </table>\n</div>\n</div>\n\n  \n<p><code>Rails.root: /Users/tomskarbek/Rails/gamification_api</code></p>\n\n<div
        id=\"traces\">\n    <a href=\"#\" onclick=\"hide(&#39;Framework-Trace&#39;);hide(&#39;Full-Trace&#39;);show(&#39;Application-Trace&#39;);;
        return false;\">Application Trace</a> |\n    <a href=\"#\" onclick=\"hide(&#39;Application-Trace&#39;);hide(&#39;Full-Trace&#39;);show(&#39;Framework-Trace&#39;);;
        return false;\">Framework Trace</a> |\n    <a href=\"#\" onclick=\"hide(&#39;Application-Trace&#39;);hide(&#39;Framework-Trace&#39;);show(&#39;Full-Trace&#39;);;
        return false;\">Full Trace</a> \n\n    <div id=\"Application-Trace\" style=\"display:
        block;\">\n      <pre><code>app/controllers/v1/badges_controller.rb:97:in
        `destroy&#39;</code></pre>\n    </div>\n    <div id=\"Framework-Trace\" style=\"display:
        none;\">\n      <pre><code>actionpack (4.1.8) lib/abstract_controller/base.rb:189:in
        `process_action&#39;\nactionpack (4.1.8) lib/action_controller/metal/rendering.rb:10:in
        `process_action&#39;\nactionpack (4.1.8) lib/abstract_controller/callbacks.rb:20:in
        `block in process_action&#39;\nactivesupport (4.1.8) lib/active_support/callbacks.rb:113:in
        `call&#39;\nactivesupport (4.1.8) lib/active_support/callbacks.rb:113:in `call&#39;\nactivesupport
        (4.1.8) lib/active_support/callbacks.rb:149:in `block in halting_and_conditional&#39;\nactivesupport
        (4.1.8) lib/active_support/callbacks.rb:166:in `call&#39;\nactivesupport (4.1.8)
        lib/active_support/callbacks.rb:166:in `block in halting&#39;\nactivesupport
        (4.1.8) lib/active_support/callbacks.rb:86:in `call&#39;\nactivesupport (4.1.8)
        lib/active_support/callbacks.rb:86:in `run_callbacks&#39;\nactionpack (4.1.8)
        lib/abstract_controller/callbacks.rb:19:in `process_action&#39;\nactionpack
        (4.1.8) lib/action_controller/metal/rescue.rb:29:in `process_action&#39;\nactionpack
        (4.1.8) lib/action_controller/metal/instrumentation.rb:31:in `block in process_action&#39;\nactivesupport
        (4.1.8) lib/active_support/notifications.rb:159:in `block in instrument&#39;\nactivesupport
        (4.1.8) lib/active_support/notifications/instrumenter.rb:20:in `instrument&#39;\nactivesupport
        (4.1.8) lib/active_support/notifications.rb:159:in `instrument&#39;\nactionpack
        (4.1.8) lib/action_controller/metal/instrumentation.rb:30:in `process_action&#39;\nactiverecord
        (4.1.8) lib/active_record/railties/controller_runtime.rb:18:in `process_action&#39;\nactionpack
        (4.1.8) lib/abstract_controller/base.rb:136:in `process&#39;\nactionview (4.1.8)
        lib/action_view/rendering.rb:30:in `process&#39;\nactionpack (4.1.8) lib/action_controller/metal.rb:196:in
        `dispatch&#39;\nactionpack (4.1.8) lib/action_controller/metal/rack_delegation.rb:13:in
        `dispatch&#39;\nactionpack (4.1.8) lib/action_controller/metal.rb:232:in `block
        in action&#39;\nactionpack (4.1.8) lib/action_dispatch/routing/route_set.rb:82:in
        `call&#39;\nactionpack (4.1.8) lib/action_dispatch/routing/route_set.rb:82:in
        `dispatch&#39;\nactionpack (4.1.8) lib/action_dispatch/routing/route_set.rb:50:in
        `call&#39;\nactionpack (4.1.8) lib/action_dispatch/journey/router.rb:73:in
        `block in call&#39;\nactionpack (4.1.8) lib/action_dispatch/journey/router.rb:59:in
        `each&#39;\nactionpack (4.1.8) lib/action_dispatch/journey/router.rb:59:in
        `call&#39;\nactionpack (4.1.8) lib/action_dispatch/routing/route_set.rb:678:in
        `call&#39;\nrack (1.5.2) lib/rack/etag.rb:23:in `call&#39;\nrack (1.5.2) lib/rack/conditionalget.rb:35:in
        `call&#39;\nrack (1.5.2) lib/rack/head.rb:11:in `call&#39;\nactionpack (4.1.8)
        lib/action_dispatch/middleware/params_parser.rb:27:in `call&#39;\nactiverecord
        (4.1.8) lib/active_record/query_cache.rb:36:in `call&#39;\nactiverecord (4.1.8)
        lib/active_record/connection_adapters/abstract/connection_pool.rb:621:in `call&#39;\nactiverecord
        (4.1.8) lib/active_record/migration.rb:380:in `call&#39;\nactionpack (4.1.8)
        lib/action_dispatch/middleware/callbacks.rb:29:in `block in call&#39;\nactivesupport
        (4.1.8) lib/active_support/callbacks.rb:82:in `run_callbacks&#39;\nactionpack
        (4.1.8) lib/action_dispatch/middleware/callbacks.rb:27:in `call&#39;\nactionpack
        (4.1.8) lib/action_dispatch/middleware/reloader.rb:73:in `call&#39;\nactionpack
        (4.1.8) lib/action_dispatch/middleware/remote_ip.rb:76:in `call&#39;\nactionpack
        (4.1.8) lib/action_dispatch/middleware/debug_exceptions.rb:17:in `call&#39;\nactionpack
        (4.1.8) lib/action_dispatch/middleware/show_exceptions.rb:30:in `call&#39;\nrailties
        (4.1.8) lib/rails/rack/logger.rb:38:in `call_app&#39;\nrailties (4.1.8) lib/rails/rack/logger.rb:20:in
        `block in call&#39;\nactivesupport (4.1.8) lib/active_support/tagged_logging.rb:68:in
        `block in tagged&#39;\nactivesupport (4.1.8) lib/active_support/tagged_logging.rb:26:in
        `tagged&#39;\nactivesupport (4.1.8) lib/active_support/tagged_logging.rb:68:in
        `tagged&#39;\nrailties (4.1.8) lib/rails/rack/logger.rb:20:in `call&#39;\nactionpack
        (4.1.8) lib/action_dispatch/middleware/request_id.rb:21:in `call&#39;\nrack
        (1.5.2) lib/rack/runtime.rb:17:in `call&#39;\nactivesupport (4.1.8) lib/active_support/cache/strategy/local_cache_middleware.rb:26:in
        `call&#39;\nrack (1.5.2) lib/rack/lock.rb:17:in `call&#39;\nactionpack (4.1.8)
        lib/action_dispatch/middleware/static.rb:84:in `call&#39;\nrailties (4.1.8)
        lib/rails/engine.rb:514:in `call&#39;\nrailties (4.1.8) lib/rails/application.rb:144:in
        `call&#39;\n/usr/local/Cellar/pow/0.5.0/libexec/node_modules/nack/lib/nack/server.rb:155:in
        `handle&#39;\n/usr/local/Cellar/pow/0.5.0/libexec/node_modules/nack/lib/nack/server.rb:109:in
        `rescue in block (2 levels) in start&#39;\n/usr/local/Cellar/pow/0.5.0/libexec/node_modules/nack/lib/nack/server.rb:106:in
        `block (2 levels) in start&#39;\n/usr/local/Cellar/pow/0.5.0/libexec/node_modules/nack/lib/nack/server.rb:96:in
        `each&#39;\n/usr/local/Cellar/pow/0.5.0/libexec/node_modules/nack/lib/nack/server.rb:96:in
        `block in start&#39;\n/usr/local/Cellar/pow/0.5.0/libexec/node_modules/nack/lib/nack/server.rb:76:in
        `loop&#39;\n/usr/local/Cellar/pow/0.5.0/libexec/node_modules/nack/lib/nack/server.rb:76:in
        `start&#39;\n/usr/local/Cellar/pow/0.5.0/libexec/node_modules/nack/lib/nack/server.rb:12:in
        `run&#39;\n/usr/local/Cellar/pow/0.5.0/libexec/node_modules/nack/bin/nack_worker:4:in
        `&lt;main&gt;&#39;</code></pre>\n    </div>\n    <div id=\"Full-Trace\" style=\"display:
        none;\">\n      <pre><code>app/controllers/v1/badges_controller.rb:97:in `destroy&#39;\nactionpack
        (4.1.8) lib/abstract_controller/base.rb:189:in `process_action&#39;\nactionpack
        (4.1.8) lib/action_controller/metal/rendering.rb:10:in `process_action&#39;\nactionpack
        (4.1.8) lib/abstract_controller/callbacks.rb:20:in `block in process_action&#39;\nactivesupport
        (4.1.8) lib/active_support/callbacks.rb:113:in `call&#39;\nactivesupport (4.1.8)
        lib/active_support/callbacks.rb:113:in `call&#39;\nactivesupport (4.1.8) lib/active_support/callbacks.rb:149:in
        `block in halting_and_conditional&#39;\nactivesupport (4.1.8) lib/active_support/callbacks.rb:166:in
        `call&#39;\nactivesupport (4.1.8) lib/active_support/callbacks.rb:166:in `block
        in halting&#39;\nactivesupport (4.1.8) lib/active_support/callbacks.rb:86:in
        `call&#39;\nactivesupport (4.1.8) lib/active_support/callbacks.rb:86:in `run_callbacks&#39;\nactionpack
        (4.1.8) lib/abstract_controller/callbacks.rb:19:in `process_action&#39;\nactionpack
        (4.1.8) lib/action_controller/metal/rescue.rb:29:in `process_action&#39;\nactionpack
        (4.1.8) lib/action_controller/metal/instrumentation.rb:31:in `block in process_action&#39;\nactivesupport
        (4.1.8) lib/active_support/notifications.rb:159:in `block in instrument&#39;\nactivesupport
        (4.1.8) lib/active_support/notifications/instrumenter.rb:20:in `instrument&#39;\nactivesupport
        (4.1.8) lib/active_support/notifications.rb:159:in `instrument&#39;\nactionpack
        (4.1.8) lib/action_controller/metal/instrumentation.rb:30:in `process_action&#39;\nactiverecord
        (4.1.8) lib/active_record/railties/controller_runtime.rb:18:in `process_action&#39;\nactionpack
        (4.1.8) lib/abstract_controller/base.rb:136:in `process&#39;\nactionview (4.1.8)
        lib/action_view/rendering.rb:30:in `process&#39;\nactionpack (4.1.8) lib/action_controller/metal.rb:196:in
        `dispatch&#39;\nactionpack (4.1.8) lib/action_controller/metal/rack_delegation.rb:13:in
        `dispatch&#39;\nactionpack (4.1.8) lib/action_controller/metal.rb:232:in `block
        in action&#39;\nactionpack (4.1.8) lib/action_dispatch/routing/route_set.rb:82:in
        `call&#39;\nactionpack (4.1.8) lib/action_dispatch/routing/route_set.rb:82:in
        `dispatch&#39;\nactionpack (4.1.8) lib/action_dispatch/routing/route_set.rb:50:in
        `call&#39;\nactionpack (4.1.8) lib/action_dispatch/journey/router.rb:73:in
        `block in call&#39;\nactionpack (4.1.8) lib/action_dispatch/journey/router.rb:59:in
        `each&#39;\nactionpack (4.1.8) lib/action_dispatch/journey/router.rb:59:in
        `call&#39;\nactionpack (4.1.8) lib/action_dispatch/routing/route_set.rb:678:in
        `call&#39;\nrack (1.5.2) lib/rack/etag.rb:23:in `call&#39;\nrack (1.5.2) lib/rack/conditionalget.rb:35:in
        `call&#39;\nrack (1.5.2) lib/rack/head.rb:11:in `call&#39;\nactionpack (4.1.8)
        lib/action_dispatch/middleware/params_parser.rb:27:in `call&#39;\nactiverecord
        (4.1.8) lib/active_record/query_cache.rb:36:in `call&#39;\nactiverecord (4.1.8)
        lib/active_record/connection_adapters/abstract/connection_pool.rb:621:in `call&#39;\nactiverecord
        (4.1.8) lib/active_record/migration.rb:380:in `call&#39;\nactionpack (4.1.8)
        lib/action_dispatch/middleware/callbacks.rb:29:in `block in call&#39;\nactivesupport
        (4.1.8) lib/active_support/callbacks.rb:82:in `run_callbacks&#39;\nactionpack
        (4.1.8) lib/action_dispatch/middleware/callbacks.rb:27:in `call&#39;\nactionpack
        (4.1.8) lib/action_dispatch/middleware/reloader.rb:73:in `call&#39;\nactionpack
        (4.1.8) lib/action_dispatch/middleware/remote_ip.rb:76:in `call&#39;\nactionpack
        (4.1.8) lib/action_dispatch/middleware/debug_exceptions.rb:17:in `call&#39;\nactionpack
        (4.1.8) lib/action_dispatch/middleware/show_exceptions.rb:30:in `call&#39;\nrailties
        (4.1.8) lib/rails/rack/logger.rb:38:in `call_app&#39;\nrailties (4.1.8) lib/rails/rack/logger.rb:20:in
        `block in call&#39;\nactivesupport (4.1.8) lib/active_support/tagged_logging.rb:68:in
        `block in tagged&#39;\nactivesupport (4.1.8) lib/active_support/tagged_logging.rb:26:in
        `tagged&#39;\nactivesupport (4.1.8) lib/active_support/tagged_logging.rb:68:in
        `tagged&#39;\nrailties (4.1.8) lib/rails/rack/logger.rb:20:in `call&#39;\nactionpack
        (4.1.8) lib/action_dispatch/middleware/request_id.rb:21:in `call&#39;\nrack
        (1.5.2) lib/rack/runtime.rb:17:in `call&#39;\nactivesupport (4.1.8) lib/active_support/cache/strategy/local_cache_middleware.rb:26:in
        `call&#39;\nrack (1.5.2) lib/rack/lock.rb:17:in `call&#39;\nactionpack (4.1.8)
        lib/action_dispatch/middleware/static.rb:84:in `call&#39;\nrailties (4.1.8)
        lib/rails/engine.rb:514:in `call&#39;\nrailties (4.1.8) lib/rails/application.rb:144:in
        `call&#39;\n/usr/local/Cellar/pow/0.5.0/libexec/node_modules/nack/lib/nack/server.rb:155:in
        `handle&#39;\n/usr/local/Cellar/pow/0.5.0/libexec/node_modules/nack/lib/nack/server.rb:109:in
        `rescue in block (2 levels) in start&#39;\n/usr/local/Cellar/pow/0.5.0/libexec/node_modules/nack/lib/nack/server.rb:106:in
        `block (2 levels) in start&#39;\n/usr/local/Cellar/pow/0.5.0/libexec/node_modules/nack/lib/nack/server.rb:96:in
        `each&#39;\n/usr/local/Cellar/pow/0.5.0/libexec/node_modules/nack/lib/nack/server.rb:96:in
        `block in start&#39;\n/usr/local/Cellar/pow/0.5.0/libexec/node_modules/nack/lib/nack/server.rb:76:in
        `loop&#39;\n/usr/local/Cellar/pow/0.5.0/libexec/node_modules/nack/lib/nack/server.rb:76:in
        `start&#39;\n/usr/local/Cellar/pow/0.5.0/libexec/node_modules/nack/lib/nack/server.rb:12:in
        `run&#39;\n/usr/local/Cellar/pow/0.5.0/libexec/node_modules/nack/bin/nack_worker:4:in
        `&lt;main&gt;&#39;</code></pre>\n    </div>\n</div>\n\n  \n\n<h2 style=\"margin-top:
        30px\">Request</h2>\n<p><b>Parameters</b>:</p> <pre>{&quot;id&quot;=&gt;&quot;61&quot;}</pre>\n\n<div
        class=\"details\">\n  <div class=\"summary\"><a href=\"#\" onclick=\"return
        toggleSessionDump()\">Toggle session dump</a></div>\n  <div id=\"session_dump\"
        style=\"display:none\"><pre></pre></div>\n</div>\n\n<div class=\"details\">\n
        \ <div class=\"summary\"><a href=\"#\" onclick=\"return toggleEnvDump()\">Toggle
        env dump</a></div>\n  <div id=\"env_dump\" style=\"display:none\"><pre>HTTP_ACCEPT:
        &quot;*/*&quot;\nHTTP_ACCEPT_ENCODING: &quot;gzip;q=1.0,deflate;q=0.6,identity;q=0.3&quot;\nREMOTE_ADDR:
        &quot;127.0.0.1&quot;\nSERVER_NAME: &quot;gamification-api.dev&quot;</pre></div>\n</div>\n\n<h2
        style=\"margin-top: 30px\">Response</h2>\n<p><b>Headers</b>:</p> <pre>None</pre>\n\n</div>\n\n\n</body>\n</html>\n"
    http_version: 
  recorded_at: Thu, 09 Apr 2015 08:54:42 GMT
- request:
    method: delete
    uri: http://gamification-api.dev/v1//badges/66
    body:
      encoding: US-ASCII
      string: ''
    headers:
      User-Agent:
      - Faraday v0.9.1
      Authorization:
      - Token token="c9cde524238644fa93393159e5e9ad87"
      Accept-Encoding:
      - gzip;q=1.0,deflate;q=0.6,identity;q=0.3
      Accept:
      - "*/*"
  response:
    status:
      code: 500
      message: Internal Server Error
    headers:
      X-Frame-Options:
      - SAMEORIGIN
      X-Xss-Protection:
      - 1; mode=block
      X-Content-Type-Options:
      - nosniff
      Content-Type:
      - application/json; charset=utf-8
      Cache-Control:
      - no-cache
      X-Request-Id:
      - b983d5eb-bf95-4efe-9488-954b9401f252
      X-Runtime:
      - '0.006348'
      Date:
      - Thu, 09 Apr 2015 08:57:17 GMT
      Connection:
      - close
    body:
      encoding: UTF-8
      string: '{"id":66,"name":"Create Badge Test Destroy","description":"This is
        a new badge","requirements":"You need to love the Badge API","hint":"Love
        us..","image":"http://example.org/badge.png","collection_id":1,"created_at":"2015-04-09T08:57:17.077Z","updated_at":"2015-04-09T08:57:17.077Z"}'
    http_version: 
  recorded_at: Thu, 09 Apr 2015 08:57:17 GMT
- request:
    method: delete
    uri: http://gamification-api.dev/v1//badges/72
    body:
      encoding: US-ASCII
      string: ''
    headers:
      User-Agent:
      - Faraday v0.9.1
      Authorization:
      - Token token="c9cde524238644fa93393159e5e9ad87"
      Accept-Encoding:
      - gzip;q=1.0,deflate;q=0.6,identity;q=0.3
      Accept:
      - "*/*"
  response:
    status:
      code: 200
      message: OK
    headers:
      X-Frame-Options:
      - SAMEORIGIN
      X-Xss-Protection:
      - 1; mode=block
      X-Content-Type-Options:
      - nosniff
      Content-Type:
      - application/json; charset=utf-8
      Etag:
      - '"13e18121eeee0912b937b94b3d376530"'
      Cache-Control:
      - max-age=0, private, must-revalidate
      X-Request-Id:
      - 58f92740-63c7-49b0-b155-cfa1556eb3b7
      X-Runtime:
      - '0.023601'
      Date:
      - Thu, 09 Apr 2015 10:18:35 GMT
      Connection:
      - close
    body:
      encoding: UTF-8
      string: '{"id":72,"name":"Create Badge Test Destroy","description":"This is
        a new badge","requirements":"You need to love the Badge API","hint":"Love
        us..","image":"http://example.org/badge.png","collection_id":1,"created_at":"2015-04-09T10:18:35.451Z","updated_at":"2015-04-09T10:18:35.451Z"}'
    http_version: 
  recorded_at: Thu, 09 Apr 2015 10:18:35 GMT
- request:
    method: delete
    uri: http://gamification-api.dev/v1//badges/78
    body:
      encoding: US-ASCII
      string: ''
    headers:
      User-Agent:
      - Faraday v0.9.1
      Authorization:
      - Token token="c9cde524238644fa93393159e5e9ad87"
      Accept-Encoding:
      - gzip;q=1.0,deflate;q=0.6,identity;q=0.3
      Accept:
      - "*/*"
  response:
    status:
      code: 200
      message: OK
    headers:
      X-Frame-Options:
      - SAMEORIGIN
      X-Xss-Protection:
      - 1; mode=block
      X-Content-Type-Options:
      - nosniff
      Content-Type:
      - application/json; charset=utf-8
      Etag:
      - '"1a80a507c9fb44cef7473bc2a4d09842"'
      Cache-Control:
      - max-age=0, private, must-revalidate
      X-Request-Id:
      - 579f8a4b-416f-4ebc-875e-31f1046ffeba
      X-Runtime:
      - '0.005963'
      Date:
      - Thu, 09 Apr 2015 10:19:47 GMT
      Connection:
      - close
    body:
      encoding: UTF-8
      string: '{"id":78,"name":"Create Badge Test Destroy","description":"This is
        a new badge","requirements":"You need to love the Badge API","hint":"Love
        us..","image":"http://example.org/badge.png","collection_id":1,"created_at":"2015-04-09T10:19:47.870Z","updated_at":"2015-04-09T10:19:47.870Z"}'
    http_version: 
  recorded_at: Thu, 09 Apr 2015 10:19:47 GMT
- request:
    method: delete
    uri: http://gamification-api.dev/v1//badges/84
    body:
      encoding: US-ASCII
      string: ''
    headers:
      User-Agent:
      - Faraday v0.9.1
      Authorization:
      - Token token="c9cde524238644fa93393159e5e9ad87"
      Accept-Encoding:
      - gzip;q=1.0,deflate;q=0.6,identity;q=0.3
      Accept:
      - "*/*"
  response:
    status:
      code: 200
      message: OK
    headers:
      X-Frame-Options:
      - SAMEORIGIN
      X-Xss-Protection:
      - 1; mode=block
      X-Content-Type-Options:
      - nosniff
      Content-Type:
      - application/json; charset=utf-8
      Etag:
      - '"5eaf2f3b62f63ef9f5a1e61006d2135f"'
      Cache-Control:
      - max-age=0, private, must-revalidate
      X-Request-Id:
      - 1554521f-1499-4137-82c8-e555b4ac71f1
      X-Runtime:
      - '0.005650'
      Date:
      - Thu, 09 Apr 2015 10:47:51 GMT
      Connection:
      - close
    body:
      encoding: UTF-8
      string: '{"id":84,"name":"Create Badge Test Destroy","description":"This is
        a new badge","requirements":"You need to love the Badge API","hint":"Love
        us..","image":"http://example.org/badge.png","collection_id":1,"created_at":"2015-04-09T10:47:51.857Z","updated_at":"2015-04-09T10:47:51.857Z"}'
    http_version: 
  recorded_at: Thu, 09 Apr 2015 10:47:51 GMT
- request:
    method: delete
    uri: http://gamification-api.dev/v1//badges/90
    body:
      encoding: US-ASCII
      string: ''
    headers:
      User-Agent:
      - Faraday v0.9.1
      Authorization:
      - Token token="c9cde524238644fa93393159e5e9ad87"
      Accept-Encoding:
      - gzip;q=1.0,deflate;q=0.6,identity;q=0.3
      Accept:
      - "*/*"
  response:
    status:
      code: 200
      message: OK
    headers:
      X-Frame-Options:
      - SAMEORIGIN
      X-Xss-Protection:
      - 1; mode=block
      X-Content-Type-Options:
      - nosniff
      Content-Type:
      - application/json; charset=utf-8
      Etag:
      - '"066d8d3809abe869baecb817832d96b1"'
      Cache-Control:
      - max-age=0, private, must-revalidate
      X-Request-Id:
      - 25a7ea75-b02a-449f-a68e-93190d3c08c2
      X-Runtime:
      - '0.007422'
      Date:
      - Thu, 09 Apr 2015 10:49:11 GMT
      Connection:
      - close
    body:
      encoding: UTF-8
      string: '{"id":90,"name":"Create Badge Test Destroy","description":"This is
        a new badge","requirements":"You need to love the Badge API","hint":"Love
        us..","image":"http://example.org/badge.png","collection_id":1,"created_at":"2015-04-09T10:49:10.978Z","updated_at":"2015-04-09T10:49:10.978Z"}'
    http_version: 
  recorded_at: Thu, 09 Apr 2015 10:49:11 GMT
- request:
    method: delete
    uri: http://gamification-api.dev/v1//badges/96
    body:
      encoding: US-ASCII
      string: ''
    headers:
      User-Agent:
      - Faraday v0.9.1
      Authorization:
      - Token token="c9cde524238644fa93393159e5e9ad87"
      Accept-Encoding:
      - gzip;q=1.0,deflate;q=0.6,identity;q=0.3
      Accept:
      - "*/*"
  response:
    status:
      code: 200
      message: OK
    headers:
      X-Frame-Options:
      - SAMEORIGIN
      X-Xss-Protection:
      - 1; mode=block
      X-Content-Type-Options:
      - nosniff
      Content-Type:
      - application/json; charset=utf-8
      Etag:
      - '"6f5d82b5f3d714ab5aefe1db6416c3cb"'
      Cache-Control:
      - max-age=0, private, must-revalidate
      X-Request-Id:
      - 6db4d0b7-f63b-41ca-92f4-21b322c01280
      X-Runtime:
      - '0.006298'
      Date:
      - Thu, 09 Apr 2015 10:51:30 GMT
      Connection:
      - close
    body:
      encoding: UTF-8
      string: '{"id":96,"name":"Create Badge Test Destroy","description":"This is
        a new badge","requirements":"You need to love the Badge API","hint":"Love
        us..","image":"http://example.org/badge.png","collection_id":1,"created_at":"2015-04-09T10:51:30.914Z","updated_at":"2015-04-09T10:51:30.914Z"}'
    http_version: 
  recorded_at: Thu, 09 Apr 2015 10:51:30 GMT
- request:
    method: delete
    uri: http://gamification-api.dev/v1//badges/102
    body:
      encoding: US-ASCII
      string: ''
    headers:
      User-Agent:
      - Faraday v0.9.1
      Authorization:
      - Token token="c9cde524238644fa93393159e5e9ad87"
      Accept-Encoding:
      - gzip;q=1.0,deflate;q=0.6,identity;q=0.3
      Accept:
      - "*/*"
  response:
    status:
      code: 200
      message: OK
    headers:
      X-Frame-Options:
      - SAMEORIGIN
      X-Xss-Protection:
      - 1; mode=block
      X-Content-Type-Options:
      - nosniff
      Content-Type:
      - application/json; charset=utf-8
      Etag:
      - '"2dfacb7fd4c1920c0684eb29b4ef9636"'
      Cache-Control:
      - max-age=0, private, must-revalidate
      X-Request-Id:
      - 95e684ea-822a-4ca3-9dc7-4c924343dcfe
      X-Runtime:
      - '0.006620'
      Date:
      - Thu, 09 Apr 2015 10:53:07 GMT
      Connection:
      - close
    body:
      encoding: UTF-8
      string: '{"id":102,"name":"Create Badge Test Destroy","description":"This is
        a new badge","requirements":"You need to love the Badge API","hint":"Love
        us..","image":"http://example.org/badge.png","collection_id":1,"created_at":"2015-04-09T10:53:06.962Z","updated_at":"2015-04-09T10:53:06.962Z"}'
    http_version: 
  recorded_at: Thu, 09 Apr 2015 10:53:07 GMT
- request:
    method: delete
    uri: http://gamification-api.dev/v1//badges/108
    body:
      encoding: US-ASCII
      string: ''
    headers:
      User-Agent:
      - Faraday v0.9.1
      Authorization:
      - Token token="c9cde524238644fa93393159e5e9ad87"
      Accept-Encoding:
      - gzip;q=1.0,deflate;q=0.6,identity;q=0.3
      Accept:
      - "*/*"
  response:
    status:
      code: 200
      message: OK
    headers:
      X-Frame-Options:
      - SAMEORIGIN
      X-Xss-Protection:
      - 1; mode=block
      X-Content-Type-Options:
      - nosniff
      Content-Type:
      - application/json; charset=utf-8
      Etag:
      - '"d2a821f3b367de82de3130f57c15705e"'
      Cache-Control:
      - max-age=0, private, must-revalidate
      X-Request-Id:
      - 9cf0c137-57b7-4aff-9f77-d5a88fdf2d51
      X-Runtime:
      - '0.006730'
      Date:
      - Thu, 09 Apr 2015 10:53:29 GMT
      Connection:
      - close
    body:
      encoding: UTF-8
      string: '{"id":108,"name":"Create Badge Test Destroy","description":"This is
        a new badge","requirements":"You need to love the Badge API","hint":"Love
        us..","image":"http://example.org/badge.png","collection_id":1,"created_at":"2015-04-09T10:53:29.837Z","updated_at":"2015-04-09T10:53:29.837Z"}'
    http_version: 
  recorded_at: Thu, 09 Apr 2015 10:53:29 GMT
- request:
    method: delete
    uri: http://gamification-api.dev/v1//badges/114
    body:
      encoding: US-ASCII
      string: ''
    headers:
      User-Agent:
      - Faraday v0.9.1
      Authorization:
      - Token token="c9cde524238644fa93393159e5e9ad87"
      Accept-Encoding:
      - gzip;q=1.0,deflate;q=0.6,identity;q=0.3
      Accept:
      - "*/*"
  response:
    status:
      code: 200
      message: OK
    headers:
      X-Frame-Options:
      - SAMEORIGIN
      X-Xss-Protection:
      - 1; mode=block
      X-Content-Type-Options:
      - nosniff
      Content-Type:
      - application/json; charset=utf-8
      Etag:
      - '"389410b51b7813635b440c0770e37fce"'
      Cache-Control:
      - max-age=0, private, must-revalidate
      X-Request-Id:
      - 868bb3e5-206b-494a-95c4-ec4387123840
      X-Runtime:
      - '0.006482'
      Date:
      - Thu, 09 Apr 2015 10:54:00 GMT
      Connection:
      - close
    body:
      encoding: UTF-8
      string: '{"id":114,"name":"Create Badge Test Destroy","description":"This is
        a new badge","requirements":"You need to love the Badge API","hint":"Love
        us..","image":"http://example.org/badge.png","collection_id":1,"created_at":"2015-04-09T10:54:00.144Z","updated_at":"2015-04-09T10:54:00.144Z"}'
    http_version: 
  recorded_at: Thu, 09 Apr 2015 10:54:00 GMT
- request:
    method: delete
    uri: http://gamification-api.dev/v1//badges/120
    body:
      encoding: US-ASCII
      string: ''
    headers:
      User-Agent:
      - Faraday v0.9.1
      Authorization:
      - Token token="c9cde524238644fa93393159e5e9ad87"
      Accept-Encoding:
      - gzip;q=1.0,deflate;q=0.6,identity;q=0.3
      Accept:
      - "*/*"
  response:
    status:
      code: 200
      message: OK
    headers:
      X-Frame-Options:
      - SAMEORIGIN
      X-Xss-Protection:
      - 1; mode=block
      X-Content-Type-Options:
      - nosniff
      Content-Type:
      - application/json; charset=utf-8
      Etag:
      - '"7eced490e8cdb38ef0f3cd6a41bfae90"'
      Cache-Control:
      - max-age=0, private, must-revalidate
      X-Request-Id:
      - 0fd2e7cf-0129-4e36-9a56-5ebcb20e30c8
      X-Runtime:
      - '0.008545'
      Date:
      - Thu, 09 Apr 2015 10:54:12 GMT
      Connection:
      - close
    body:
      encoding: UTF-8
      string: '{"id":120,"name":"Create Badge Test Destroy","description":"This is
        a new badge","requirements":"You need to love the Badge API","hint":"Love
        us..","image":"http://example.org/badge.png","collection_id":1,"created_at":"2015-04-09T10:54:12.490Z","updated_at":"2015-04-09T10:54:12.490Z"}'
    http_version: 
  recorded_at: Thu, 09 Apr 2015 10:54:12 GMT
- request:
    method: delete
    uri: http://gamification-api.dev/v1//badges/126
    body:
      encoding: US-ASCII
      string: ''
    headers:
      User-Agent:
      - Faraday v0.9.1
      Authorization:
      - Token token="c9cde524238644fa93393159e5e9ad87"
      Accept-Encoding:
      - gzip;q=1.0,deflate;q=0.6,identity;q=0.3
      Accept:
      - "*/*"
  response:
    status:
      code: 200
      message: OK
    headers:
      X-Frame-Options:
      - SAMEORIGIN
      X-Xss-Protection:
      - 1; mode=block
      X-Content-Type-Options:
      - nosniff
      Content-Type:
      - application/json; charset=utf-8
      Etag:
      - '"a063cf0880f274b86b72c4f40c2bf0e5"'
      Cache-Control:
      - max-age=0, private, must-revalidate
      X-Request-Id:
      - 93d137fe-886b-41c4-8a39-6831ffe74120
      X-Runtime:
      - '0.006486'
      Date:
      - Thu, 09 Apr 2015 10:54:39 GMT
      Connection:
      - close
    body:
      encoding: UTF-8
      string: '{"id":126,"name":"Create Badge Test Destroy","description":"This is
        a new badge","requirements":"You need to love the Badge API","hint":"Love
        us..","image":"http://example.org/badge.png","collection_id":1,"created_at":"2015-04-09T10:54:39.742Z","updated_at":"2015-04-09T10:54:39.742Z"}'
    http_version: 
  recorded_at: Thu, 09 Apr 2015 10:54:39 GMT
- request:
    method: delete
    uri: http://gamification-api.dev/v1//badges/132
    body:
      encoding: US-ASCII
      string: ''
    headers:
      User-Agent:
      - Faraday v0.9.1
      Authorization:
      - Token token="c9cde524238644fa93393159e5e9ad87"
      Accept-Encoding:
      - gzip;q=1.0,deflate;q=0.6,identity;q=0.3
      Accept:
      - "*/*"
  response:
    status:
      code: 200
      message: OK
    headers:
      X-Frame-Options:
      - SAMEORIGIN
      X-Xss-Protection:
      - 1; mode=block
      X-Content-Type-Options:
      - nosniff
      Content-Type:
      - application/json; charset=utf-8
      Etag:
      - '"20950f796560886b11c49f4626929727"'
      Cache-Control:
      - max-age=0, private, must-revalidate
      X-Request-Id:
      - e1323592-e9b1-478e-9323-a763db995bd7
      X-Runtime:
      - '0.005789'
      Date:
      - Thu, 09 Apr 2015 10:54:52 GMT
      Connection:
      - close
    body:
      encoding: UTF-8
      string: '{"id":132,"name":"Create Badge Test Destroy","description":"This is
        a new badge","requirements":"You need to love the Badge API","hint":"Love
        us..","image":"http://example.org/badge.png","collection_id":1,"created_at":"2015-04-09T10:54:52.072Z","updated_at":"2015-04-09T10:54:52.072Z"}'
    http_version: 
  recorded_at: Thu, 09 Apr 2015 10:54:52 GMT
- request:
    method: delete
    uri: http://gamification-api.dev/v1//badges/138
    body:
      encoding: US-ASCII
      string: ''
    headers:
      User-Agent:
      - Faraday v0.9.1
      Authorization:
      - Token token="c9cde524238644fa93393159e5e9ad87"
      Accept-Encoding:
      - gzip;q=1.0,deflate;q=0.6,identity;q=0.3
      Accept:
      - "*/*"
  response:
    status:
      code: 200
      message: OK
    headers:
      X-Frame-Options:
      - SAMEORIGIN
      X-Xss-Protection:
      - 1; mode=block
      X-Content-Type-Options:
      - nosniff
      Content-Type:
      - application/json; charset=utf-8
      Etag:
      - '"826adc28bae0de3fd83189741871f661"'
      Cache-Control:
      - max-age=0, private, must-revalidate
      X-Request-Id:
      - e7fda9a1-9380-4bbe-bec5-4ceb428c4817
      X-Runtime:
      - '0.007829'
      Date:
      - Thu, 09 Apr 2015 10:56:01 GMT
      Connection:
      - close
    body:
      encoding: UTF-8
      string: '{"id":138,"name":"Create Badge Test Destroy","description":"This is
        a new badge","requirements":"You need to love the Badge API","hint":"Love
        us..","image":"http://example.org/badge.png","collection_id":1,"created_at":"2015-04-09T10:56:01.097Z","updated_at":"2015-04-09T10:56:01.097Z"}'
    http_version: 
  recorded_at: Thu, 09 Apr 2015 10:56:01 GMT
- request:
    method: delete
    uri: http://gamification-api.dev/v1//badges/144
    body:
      encoding: US-ASCII
      string: ''
    headers:
      User-Agent:
      - Faraday v0.9.1
      Authorization:
      - Token token="c9cde524238644fa93393159e5e9ad87"
      Accept-Encoding:
      - gzip;q=1.0,deflate;q=0.6,identity;q=0.3
      Accept:
      - "*/*"
  response:
    status:
      code: 200
      message: OK
    headers:
      X-Frame-Options:
      - SAMEORIGIN
      X-Xss-Protection:
      - 1; mode=block
      X-Content-Type-Options:
      - nosniff
      Content-Type:
      - application/json; charset=utf-8
      Etag:
      - '"0bb2f45248b5b70dba5d120425299290"'
      Cache-Control:
      - max-age=0, private, must-revalidate
      X-Request-Id:
      - 98bc2f6e-d994-499c-935c-742e4400cb61
      X-Runtime:
      - '0.006077'
      Date:
      - Thu, 09 Apr 2015 10:56:16 GMT
      Connection:
      - close
    body:
      encoding: UTF-8
      string: '{"id":144,"name":"Create Badge Test Destroy","description":"This is
        a new badge","requirements":"You need to love the Badge API","hint":"Love
        us..","image":"http://example.org/badge.png","collection_id":1,"created_at":"2015-04-09T10:56:16.603Z","updated_at":"2015-04-09T10:56:16.603Z"}'
    http_version: 
  recorded_at: Thu, 09 Apr 2015 10:56:16 GMT
- request:
    method: delete
    uri: http://gamification-api.dev/v1//badges/150
    body:
      encoding: US-ASCII
      string: ''
    headers:
      User-Agent:
      - Faraday v0.9.1
      Authorization:
      - Token token="c9cde524238644fa93393159e5e9ad87"
      Accept-Encoding:
      - gzip;q=1.0,deflate;q=0.6,identity;q=0.3
      Accept:
      - "*/*"
  response:
    status:
      code: 200
      message: OK
    headers:
      X-Frame-Options:
      - SAMEORIGIN
      X-Xss-Protection:
      - 1; mode=block
      X-Content-Type-Options:
      - nosniff
      Content-Type:
      - application/json; charset=utf-8
      Etag:
      - '"ec6ac9dbdf00948c37e2accd4d4e79a5"'
      Cache-Control:
      - max-age=0, private, must-revalidate
      X-Request-Id:
      - be511575-108f-4756-8433-bff5c1bbda42
      X-Runtime:
      - '0.007141'
      Date:
      - Thu, 09 Apr 2015 11:22:33 GMT
      Connection:
      - close
    body:
      encoding: UTF-8
      string: '{"id":150,"name":"Create Badge Test Destroy","description":"This is
        a new badge","requirements":"You need to love the Badge API","hint":"Love
        us..","image":"http://example.org/badge.png","collection_id":1,"created_at":"2015-04-09T11:22:33.569Z","updated_at":"2015-04-09T11:22:33.569Z"}'
    http_version: 
  recorded_at: Thu, 09 Apr 2015 11:22:33 GMT
- request:
    method: delete
    uri: http://gamification-api.dev/v1//badges/156
    body:
      encoding: US-ASCII
      string: ''
    headers:
      User-Agent:
      - Faraday v0.9.1
      Authorization:
      - Token token="c9cde524238644fa93393159e5e9ad87"
      Accept-Encoding:
      - gzip;q=1.0,deflate;q=0.6,identity;q=0.3
      Accept:
      - "*/*"
  response:
    status:
      code: 200
      message: OK
    headers:
      X-Frame-Options:
      - SAMEORIGIN
      X-Xss-Protection:
      - 1; mode=block
      X-Content-Type-Options:
      - nosniff
      Content-Type:
      - application/json; charset=utf-8
      Etag:
      - '"2d9ff978d79dee755dbbea9475858d86"'
      Cache-Control:
      - max-age=0, private, must-revalidate
      X-Request-Id:
      - 16d27035-d9a7-416c-93da-90f7a06e7b80
      X-Runtime:
      - '0.006395'
      Date:
      - Thu, 09 Apr 2015 11:53:01 GMT
      Connection:
      - close
    body:
      encoding: UTF-8
      string: '{"id":156,"name":"Create Badge Test Destroy","description":"This is
        a new badge","requirements":"You need to love the Badge API","hint":"Love
        us..","image":"http://example.org/badge.png","collection_id":1,"created_at":"2015-04-09T11:53:01.170Z","updated_at":"2015-04-09T11:53:01.170Z"}'
    http_version: 
  recorded_at: Thu, 09 Apr 2015 11:53:01 GMT
- request:
    method: delete
    uri: http://gamification-api.dev/v1//badges/162
    body:
      encoding: US-ASCII
      string: ''
    headers:
      User-Agent:
      - Faraday v0.9.1
      Authorization:
      - Token token="c9cde524238644fa93393159e5e9ad87"
      Accept-Encoding:
      - gzip;q=1.0,deflate;q=0.6,identity;q=0.3
      Accept:
      - "*/*"
  response:
    status:
      code: 200
      message: OK
    headers:
      X-Frame-Options:
      - SAMEORIGIN
      X-Xss-Protection:
      - 1; mode=block
      X-Content-Type-Options:
      - nosniff
      Content-Type:
      - application/json; charset=utf-8
      Etag:
      - '"54b8722800f9edd494fe38fb2199fc5a"'
      Cache-Control:
      - max-age=0, private, must-revalidate
      X-Request-Id:
      - 040acff1-a387-4dd8-bdc1-0ddc08acb938
      X-Runtime:
      - '0.006364'
      Date:
      - Thu, 09 Apr 2015 11:53:28 GMT
      Connection:
      - close
    body:
      encoding: UTF-8
      string: '{"id":162,"name":"Create Badge Test Destroy","description":"This is
        a new badge","requirements":"You need to love the Badge API","hint":"Love
        us..","image":"http://example.org/badge.png","collection_id":1,"created_at":"2015-04-09T11:53:28.528Z","updated_at":"2015-04-09T11:53:28.528Z"}'
    http_version: 
  recorded_at: Thu, 09 Apr 2015 11:53:28 GMT
- request:
    method: delete
    uri: http://gamification-api.dev/v1//badges/168
    body:
      encoding: US-ASCII
      string: ''
    headers:
      User-Agent:
      - Faraday v0.9.1
      Authorization:
      - Token token="c9cde524238644fa93393159e5e9ad87"
      Accept-Encoding:
      - gzip;q=1.0,deflate;q=0.6,identity;q=0.3
      Accept:
      - "*/*"
  response:
    status:
      code: 200
      message: OK
    headers:
      X-Frame-Options:
      - SAMEORIGIN
      X-Xss-Protection:
      - 1; mode=block
      X-Content-Type-Options:
      - nosniff
      Content-Type:
      - application/json; charset=utf-8
      Etag:
      - '"a18b3d4bb5f30706b0b1320f8abdc862"'
      Cache-Control:
      - max-age=0, private, must-revalidate
      X-Request-Id:
      - 06ed736c-c77e-40e5-842f-911fe57e8c59
      X-Runtime:
      - '0.006442'
      Date:
      - Thu, 09 Apr 2015 11:54:07 GMT
      Connection:
      - close
    body:
      encoding: UTF-8
      string: '{"id":168,"name":"Create Badge Test Destroy","description":"This is
        a new badge","requirements":"You need to love the Badge API","hint":"Love
        us..","image":"http://example.org/badge.png","collection_id":1,"created_at":"2015-04-09T11:54:07.513Z","updated_at":"2015-04-09T11:54:07.513Z"}'
    http_version: 
  recorded_at: Thu, 09 Apr 2015 11:54:07 GMT
- request:
    method: delete
    uri: http://gamification-api.dev/v1//badges/174
    body:
      encoding: US-ASCII
      string: ''
    headers:
      User-Agent:
      - Faraday v0.9.1
      Authorization:
      - Token token="c9cde524238644fa93393159e5e9ad87"
      Accept-Encoding:
      - gzip;q=1.0,deflate;q=0.6,identity;q=0.3
      Accept:
      - "*/*"
  response:
    status:
      code: 200
      message: OK
    headers:
      X-Frame-Options:
      - SAMEORIGIN
      X-Xss-Protection:
      - 1; mode=block
      X-Content-Type-Options:
      - nosniff
      Content-Type:
      - application/json; charset=utf-8
      Etag:
      - '"6306b5b96f3d620c6600c68746d59a00"'
      Cache-Control:
      - max-age=0, private, must-revalidate
      X-Request-Id:
      - 2019f1e3-4fe9-4e23-b7bc-762b04277d55
      X-Runtime:
      - '0.005987'
      Date:
      - Thu, 09 Apr 2015 11:55:20 GMT
      Connection:
      - close
    body:
      encoding: UTF-8
      string: '{"id":174,"name":"Create Badge Test Destroy","description":"This is
        a new badge","requirements":"You need to love the Badge API","hint":"Love
        us..","image":"http://example.org/badge.png","collection_id":1,"created_at":"2015-04-09T11:55:19.954Z","updated_at":"2015-04-09T11:55:19.954Z"}'
    http_version: 
  recorded_at: Thu, 09 Apr 2015 11:55:20 GMT
- request:
    method: delete
    uri: http://gamification-api.dev/v1//badges/180
    body:
      encoding: US-ASCII
      string: ''
    headers:
      User-Agent:
      - Faraday v0.9.1
      Authorization:
      - Token token="c9cde524238644fa93393159e5e9ad87"
      Accept-Encoding:
      - gzip;q=1.0,deflate;q=0.6,identity;q=0.3
      Accept:
      - "*/*"
  response:
    status:
      code: 200
      message: OK
    headers:
      X-Frame-Options:
      - SAMEORIGIN
      X-Xss-Protection:
      - 1; mode=block
      X-Content-Type-Options:
      - nosniff
      Content-Type:
      - application/json; charset=utf-8
      Etag:
      - '"283fc7a78c936ac3dc3217bf8ed1a300"'
      Cache-Control:
      - max-age=0, private, must-revalidate
      X-Request-Id:
      - 6465c75c-ce12-4548-a20b-8899b4792b18
      X-Runtime:
      - '0.006217'
      Date:
      - Thu, 09 Apr 2015 11:58:12 GMT
      Connection:
      - close
    body:
      encoding: UTF-8
      string: '{"id":180,"name":"Create Badge Test Destroy","description":"This is
        a new badge","requirements":"You need to love the Badge API","hint":"Love
        us..","image":"http://example.org/badge.png","collection_id":1,"created_at":"2015-04-09T11:58:12.792Z","updated_at":"2015-04-09T11:58:12.792Z"}'
    http_version: 
  recorded_at: Thu, 09 Apr 2015 11:58:12 GMT
- request:
    method: delete
    uri: http://gamification-api.dev/v1//badges/186
    body:
      encoding: US-ASCII
      string: ''
    headers:
      User-Agent:
      - Faraday v0.9.1
      Authorization:
      - Token token="c9cde524238644fa93393159e5e9ad87"
      Accept-Encoding:
      - gzip;q=1.0,deflate;q=0.6,identity;q=0.3
      Accept:
      - "*/*"
  response:
    status:
      code: 200
      message: OK
    headers:
      X-Frame-Options:
      - SAMEORIGIN
      X-Xss-Protection:
      - 1; mode=block
      X-Content-Type-Options:
      - nosniff
      Content-Type:
      - application/json; charset=utf-8
      Etag:
      - '"172cfe11a5673806d2770074e1366ab7"'
      Cache-Control:
      - max-age=0, private, must-revalidate
      X-Request-Id:
      - 657b6547-f0c1-42cb-9ed5-464d7a90445c
      X-Runtime:
      - '0.007123'
      Date:
      - Thu, 09 Apr 2015 11:58:30 GMT
      Connection:
      - close
    body:
      encoding: UTF-8
      string: '{"id":186,"name":"Create Badge Test Destroy","description":"This is
        a new badge","requirements":"You need to love the Badge API","hint":"Love
        us..","image":"http://example.org/badge.png","collection_id":1,"created_at":"2015-04-09T11:58:30.083Z","updated_at":"2015-04-09T11:58:30.083Z"}'
    http_version: 
  recorded_at: Thu, 09 Apr 2015 11:58:30 GMT
- request:
    method: delete
    uri: http://gamification-api.dev/v1//badges/192
    body:
      encoding: US-ASCII
      string: ''
    headers:
      User-Agent:
      - Faraday v0.9.1
      Authorization:
      - Token token="c9cde524238644fa93393159e5e9ad87"
      Accept-Encoding:
      - gzip;q=1.0,deflate;q=0.6,identity;q=0.3
      Accept:
      - "*/*"
  response:
    status:
      code: 200
      message: OK
    headers:
      X-Frame-Options:
      - SAMEORIGIN
      X-Xss-Protection:
      - 1; mode=block
      X-Content-Type-Options:
      - nosniff
      Content-Type:
      - application/json; charset=utf-8
      Etag:
      - '"bd8bd2d2db81942a032e4a00d1096d3d"'
      Cache-Control:
      - max-age=0, private, must-revalidate
      X-Request-Id:
      - 1654a0fa-3555-4328-b9c2-1044ef1af5b3
      X-Runtime:
      - '0.006146'
      Date:
      - Thu, 09 Apr 2015 11:58:47 GMT
      Connection:
      - close
    body:
      encoding: UTF-8
      string: '{"id":192,"name":"Create Badge Test Destroy","description":"This is
        a new badge","requirements":"You need to love the Badge API","hint":"Love
        us..","image":"http://example.org/badge.png","collection_id":1,"created_at":"2015-04-09T11:58:47.722Z","updated_at":"2015-04-09T11:58:47.722Z"}'
    http_version: 
  recorded_at: Thu, 09 Apr 2015 11:58:47 GMT
- request:
    method: delete
    uri: http://gamification-api.dev/v1//badges/198
    body:
      encoding: US-ASCII
      string: ''
    headers:
      User-Agent:
      - Faraday v0.9.1
      Authorization:
      - Token token="c9cde524238644fa93393159e5e9ad87"
      Accept-Encoding:
      - gzip;q=1.0,deflate;q=0.6,identity;q=0.3
      Accept:
      - "*/*"
  response:
    status:
      code: 200
      message: OK
    headers:
      X-Frame-Options:
      - SAMEORIGIN
      X-Xss-Protection:
      - 1; mode=block
      X-Content-Type-Options:
      - nosniff
      Content-Type:
      - application/json; charset=utf-8
      Etag:
      - '"7ecbafb8b4665073735400c802c2deca"'
      Cache-Control:
      - max-age=0, private, must-revalidate
      X-Request-Id:
      - fdab615f-b7a5-42e6-9ef6-0017645558a4
      X-Runtime:
      - '0.006314'
      Date:
      - Thu, 09 Apr 2015 13:05:53 GMT
      Connection:
      - close
    body:
      encoding: UTF-8
      string: '{"id":198,"name":"Create Badge Test Destroy","description":"This is
        a new badge","requirements":"You need to love the Badge API","hint":"Love
        us..","image":"http://example.org/badge.png","collection_id":1,"created_at":"2015-04-09T13:05:53.220Z","updated_at":"2015-04-09T13:05:53.220Z"}'
    http_version: 
  recorded_at: Thu, 09 Apr 2015 13:05:53 GMT
- request:
    method: delete
    uri: http://gamification-api.dev/v1//badges/204
    body:
      encoding: US-ASCII
      string: ''
    headers:
      User-Agent:
      - Faraday v0.9.1
      Authorization:
      - Token token="c9cde524238644fa93393159e5e9ad87"
      Accept-Encoding:
      - gzip;q=1.0,deflate;q=0.6,identity;q=0.3
      Accept:
      - "*/*"
  response:
    status:
      code: 200
      message: OK
    headers:
      X-Frame-Options:
      - SAMEORIGIN
      X-Xss-Protection:
      - 1; mode=block
      X-Content-Type-Options:
      - nosniff
      Content-Type:
      - application/json; charset=utf-8
      Etag:
      - '"713f7edbf43689a8f284c9a065acc5de"'
      Cache-Control:
      - max-age=0, private, must-revalidate
      X-Request-Id:
      - 0c725d87-a25f-47d9-b1f0-fbde099ec7e1
      X-Runtime:
      - '0.006172'
      Date:
      - Thu, 09 Apr 2015 13:23:07 GMT
      Connection:
      - close
    body:
      encoding: UTF-8
      string: '{"id":204,"name":"Create Badge Test Destroy","description":"This is
        a new badge","requirements":"You need to love the Badge API","hint":"Love
        us..","image":"http://example.org/badge.png","collection_id":1,"created_at":"2015-04-09T13:23:07.011Z","updated_at":"2015-04-09T13:23:07.011Z"}'
    http_version: 
  recorded_at: Thu, 09 Apr 2015 13:23:07 GMT
- request:
    method: post
    uri: http://gamification-api.dev/v1//badges
    body:
      encoding: UTF-8
      string: badge%5Bcollection_id%5D=1&badge%5Bdescription%5D=This+is+a+new+badge&badge%5Bhint%5D=Love+us..&badge%5Bimage%5D=http%3A%2F%2Fexample.org%2Fbadge.png&badge%5Bname%5D=Create+Badge+Test+Destroy&badge%5Brequirements%5D=You+need+to+love+the+Badge+API
    headers:
      User-Agent:
      - Faraday v0.9.1
      Authorization:
      - Token token="c9cde524238644fa93393159e5e9ad87"
      Content-Type:
      - application/x-www-form-urlencoded
      Accept-Encoding:
      - gzip;q=1.0,deflate;q=0.6,identity;q=0.3
      Accept:
      - "*/*"
  response:
    status:
      code: 201
      message: Created
    headers:
      X-Frame-Options:
      - SAMEORIGIN
      X-Xss-Protection:
      - 1; mode=block
      X-Content-Type-Options:
      - nosniff
      Content-Type:
      - application/json; charset=utf-8
      Etag:
      - '"5e3478e9746cf8e4ce8025f9ee356439"'
      Cache-Control:
      - max-age=0, private, must-revalidate
      X-Request-Id:
      - 00f0a281-473c-482c-afc1-be372ff005f4
      X-Runtime:
      - '0.011393'
      Date:
      - Thu, 09 Apr 2015 13:29:45 GMT
      Connection:
      - close
    body:
      encoding: UTF-8
      string: '{"id":214,"name":"Create Badge Test Destroy","description":"This is
        a new badge","requirements":"You need to love the Badge API","hint":"Love
        us..","image":"http://example.org/badge.png","collection_id":1,"created_at":"2015-04-09T13:29:45.453Z","updated_at":"2015-04-09T13:29:45.453Z"}'
    http_version: 
  recorded_at: Thu, 09 Apr 2015 13:29:45 GMT
- request:
    method: post
    uri: http://gamification-api.dev/v1//badges
    body:
      encoding: UTF-8
      string: badge%5Bcollection_id%5D=1&badge%5Bdescription%5D=This+is+a+new+badge&badge%5Bhint%5D=Love+us..&badge%5Bimage%5D=http%3A%2F%2Fexample.org%2Fbadge.png&badge%5Bname%5D=Create+Badge+Test+Destroy&badge%5Brequirements%5D=You+need+to+love+the+Badge+API
    headers:
      User-Agent:
      - Faraday v0.9.1
      Authorization:
      - Token token="c9cde524238644fa93393159e5e9ad87"
      Content-Type:
      - application/x-www-form-urlencoded
      Accept-Encoding:
      - gzip;q=1.0,deflate;q=0.6,identity;q=0.3
      Accept:
      - "*/*"
  response:
    status:
      code: 422
      message: Unprocessable Entity
    headers:
      X-Frame-Options:
      - SAMEORIGIN
      X-Xss-Protection:
      - 1; mode=block
      X-Content-Type-Options:
      - nosniff
      Content-Type:
      - application/json; charset=utf-8
      Cache-Control:
      - no-cache
      X-Request-Id:
      - ff809352-2671-4ed1-9e4f-ef5c6adeb250
      X-Runtime:
      - '0.006139'
      Date:
      - Thu, 09 Apr 2015 13:29:45 GMT
      Connection:
      - close
    body:
      encoding: UTF-8
      string: '{"error":{"type":"invalid_request_error","message":{"name":["has already
        been taken"]},"status":422}}'
    http_version: 
  recorded_at: Thu, 09 Apr 2015 13:29:45 GMT
- request:
    method: delete
    uri: http://gamification-api.dev/v1//badges/214
    body:
      encoding: US-ASCII
      string: ''
    headers:
      User-Agent:
      - Faraday v0.9.1
      Authorization:
      - Token token="c9cde524238644fa93393159e5e9ad87"
      Accept-Encoding:
      - gzip;q=1.0,deflate;q=0.6,identity;q=0.3
      Accept:
      - "*/*"
  response:
    status:
      code: 200
      message: OK
    headers:
      X-Frame-Options:
      - SAMEORIGIN
      X-Xss-Protection:
      - 1; mode=block
      X-Content-Type-Options:
      - nosniff
      Content-Type:
      - application/json; charset=utf-8
      Etag:
      - '"5e3478e9746cf8e4ce8025f9ee356439"'
      Cache-Control:
      - max-age=0, private, must-revalidate
      X-Request-Id:
      - 9b22beff-64b0-4f97-88b3-667e1fd544a2
      X-Runtime:
      - '0.005407'
      Date:
      - Thu, 09 Apr 2015 13:29:45 GMT
      Connection:
      - close
    body:
      encoding: UTF-8
      string: '{"id":214,"name":"Create Badge Test Destroy","description":"This is
        a new badge","requirements":"You need to love the Badge API","hint":"Love
        us..","image":"http://example.org/badge.png","collection_id":1,"created_at":"2015-04-09T13:29:45.453Z","updated_at":"2015-04-09T13:29:45.453Z"}'
    http_version: 
  recorded_at: Thu, 09 Apr 2015 13:29:45 GMT
recorded_with: VCR 2.9.3
