---
http_interactions:
- request:
    method: delete
    uri: http://gamification-api.dev/v1//collections/47
    body:
      encoding: US-ASCII
      string: ''
    headers:
      User-Agent:
      - Faraday v0.9.1
      Authorization:
      - Token token="c9cde524238644fa93393159e5e9ad87"
      Accept-Encoding:
      - gzip;q=1.0,deflate;q=0.6,identity;q=0.3
      Accept:
      - "*/*"
  response:
    status:
      code: 500
      message: Internal Server Error
    headers:
      X-Frame-Options:
      - SAMEORIGIN
      X-Xss-Protection:
      - 1; mode=block
      X-Content-Type-Options:
      - nosniff
      Content-Type:
      - application/json; charset=utf-8
      Cache-Control:
      - no-cache
      X-Request-Id:
      - 4e77336f-8bb7-4515-97fb-846042e417fa
      X-Runtime:
      - '0.006474'
      Date:
      - Wed, 01 Apr 2015 10:23:00 GMT
      Connection:
      - close
    body:
      encoding: UTF-8
      string: '{"id":47,"name":"Create Collection for Destroy","description":"This
        is a new badge","created_at":"2015-04-01T10:23:00.327Z","updated_at":"2015-04-01T10:23:00.327Z"}'
    http_version: 
  recorded_at: Wed, 01 Apr 2015 10:23:00 GMT
- request:
    method: get
    uri: http://gamification-api.dev/v1//collections/47
    body:
      encoding: US-ASCII
      string: ''
    headers:
      User-Agent:
      - Faraday v0.9.1
      Authorization:
      - Token token="c9cde524238644fa93393159e5e9ad87"
      Accept-Encoding:
      - gzip;q=1.0,deflate;q=0.6,identity;q=0.3
      Accept:
      - "*/*"
  response:
    status:
      code: 404
      message: Not Found
    headers:
      X-Frame-Options:
      - SAMEORIGIN
      X-Xss-Protection:
      - 1; mode=block
      X-Content-Type-Options:
      - nosniff
      Content-Type:
      - application/json; charset=utf-8
      Cache-Control:
      - no-cache
      X-Request-Id:
      - 44a66e83-733c-4135-be24-b70373f32031
      X-Runtime:
      - '0.004506'
      Date:
      - Wed, 01 Apr 2015 10:23:00 GMT
      Connection:
      - close
    body:
      encoding: UTF-8
      string: '{"error":"No Record Found"}'
    http_version: 
  recorded_at: Wed, 01 Apr 2015 10:23:00 GMT
- request:
    method: delete
    uri: http://gamification-api.dev/v1//collections/53
    body:
      encoding: US-ASCII
      string: ''
    headers:
      User-Agent:
      - Faraday v0.9.1
      Authorization:
      - Token token="c9cde524238644fa93393159e5e9ad87"
      Accept-Encoding:
      - gzip;q=1.0,deflate;q=0.6,identity;q=0.3
      Accept:
      - "*/*"
  response:
    status:
      code: 500
      message: Internal Server Error
    headers:
      X-Frame-Options:
      - SAMEORIGIN
      X-Xss-Protection:
      - 1; mode=block
      X-Content-Type-Options:
      - nosniff
      Content-Type:
      - application/json; charset=utf-8
      Cache-Control:
      - no-cache
      X-Request-Id:
      - 5ad4daf5-0d8c-4e21-a2b3-a0afe2b825ba
      X-Runtime:
      - '0.005437'
      Date:
      - Wed, 01 Apr 2015 10:24:41 GMT
      Connection:
      - close
    body:
      encoding: UTF-8
      string: '{"id":53,"name":"Create Collection for Destroy","description":"This
        is a new badge","created_at":"2015-04-01T10:24:41.884Z","updated_at":"2015-04-01T10:24:41.884Z"}'
    http_version: 
  recorded_at: Wed, 01 Apr 2015 10:24:41 GMT
- request:
    method: get
    uri: http://gamification-api.dev/v1//collections/53
    body:
      encoding: US-ASCII
      string: ''
    headers:
      User-Agent:
      - Faraday v0.9.1
      Authorization:
      - Token token="c9cde524238644fa93393159e5e9ad87"
      Accept-Encoding:
      - gzip;q=1.0,deflate;q=0.6,identity;q=0.3
      Accept:
      - "*/*"
  response:
    status:
      code: 404
      message: Not Found
    headers:
      X-Frame-Options:
      - SAMEORIGIN
      X-Xss-Protection:
      - 1; mode=block
      X-Content-Type-Options:
      - nosniff
      Content-Type:
      - application/json; charset=utf-8
      Cache-Control:
      - no-cache
      X-Request-Id:
      - 997f7ba8-3d96-463f-a3a7-9a2084415b05
      X-Runtime:
      - '0.003480'
      Date:
      - Wed, 01 Apr 2015 10:24:41 GMT
      Connection:
      - close
    body:
      encoding: UTF-8
      string: '{"error":"No Record Found"}'
    http_version: 
  recorded_at: Wed, 01 Apr 2015 10:24:41 GMT
- request:
    method: delete
    uri: http://gamification-api.dev/v1//collections/59
    body:
      encoding: US-ASCII
      string: ''
    headers:
      User-Agent:
      - Faraday v0.9.1
      Authorization:
      - Token token="c9cde524238644fa93393159e5e9ad87"
      Accept-Encoding:
      - gzip;q=1.0,deflate;q=0.6,identity;q=0.3
      Accept:
      - "*/*"
  response:
    status:
      code: 500
      message: Internal Server Error
    headers:
      X-Frame-Options:
      - SAMEORIGIN
      X-Xss-Protection:
      - 1; mode=block
      X-Content-Type-Options:
      - nosniff
      Content-Type:
      - application/json; charset=utf-8
      Cache-Control:
      - no-cache
      X-Request-Id:
      - 724c6e2c-84b8-434b-b033-830262e60c16
      X-Runtime:
      - '0.005663'
      Date:
      - Wed, 01 Apr 2015 10:24:58 GMT
      Connection:
      - close
    body:
      encoding: UTF-8
      string: '{"id":59,"name":"Create Collection for Destroy","description":"This
        is a new badge","created_at":"2015-04-01T10:24:58.668Z","updated_at":"2015-04-01T10:24:58.668Z"}'
    http_version: 
  recorded_at: Wed, 01 Apr 2015 10:24:58 GMT
- request:
    method: get
    uri: http://gamification-api.dev/v1//collections/59
    body:
      encoding: US-ASCII
      string: ''
    headers:
      User-Agent:
      - Faraday v0.9.1
      Authorization:
      - Token token="c9cde524238644fa93393159e5e9ad87"
      Accept-Encoding:
      - gzip;q=1.0,deflate;q=0.6,identity;q=0.3
      Accept:
      - "*/*"
  response:
    status:
      code: 404
      message: Not Found
    headers:
      X-Frame-Options:
      - SAMEORIGIN
      X-Xss-Protection:
      - 1; mode=block
      X-Content-Type-Options:
      - nosniff
      Content-Type:
      - application/json; charset=utf-8
      Cache-Control:
      - no-cache
      X-Request-Id:
      - 42af0fc3-8661-4871-9f32-b13e63879b92
      X-Runtime:
      - '0.003545'
      Date:
      - Wed, 01 Apr 2015 10:24:58 GMT
      Connection:
      - close
    body:
      encoding: UTF-8
      string: '{"error":"No Record Found"}'
    http_version: 
  recorded_at: Wed, 01 Apr 2015 10:24:58 GMT
- request:
    method: delete
    uri: http://gamification-api.dev/v1//collections/73
    body:
      encoding: US-ASCII
      string: ''
    headers:
      User-Agent:
      - Faraday v0.9.1
      Authorization:
      - Token token="c9cde524238644fa93393159e5e9ad87"
      Accept-Encoding:
      - gzip;q=1.0,deflate;q=0.6,identity;q=0.3
      Accept:
      - "*/*"
  response:
    status:
      code: 200
      message: OK
    headers:
      X-Frame-Options:
      - SAMEORIGIN
      X-Xss-Protection:
      - 1; mode=block
      X-Content-Type-Options:
      - nosniff
      Content-Type:
      - application/json; charset=utf-8
      Etag:
      - '"2bc0fe9977b71082e402d636111af6ac"'
      Cache-Control:
      - max-age=0, private, must-revalidate
      X-Request-Id:
      - bf398b22-8d15-4bd0-a96f-4f2aa4208b64
      X-Runtime:
      - '0.006524'
      Date:
      - Thu, 09 Apr 2015 13:06:29 GMT
      Connection:
      - close
    body:
      encoding: UTF-8
      string: '{"id":73,"name":"Create Collection for Destroy","description":"This
        is a new badge","created_at":"2015-04-09T13:06:29.400Z","updated_at":"2015-04-09T13:06:29.400Z"}'
    http_version: 
  recorded_at: Thu, 09 Apr 2015 13:06:29 GMT
- request:
    method: get
    uri: http://gamification-api.dev/v1//collections/73
    body:
      encoding: US-ASCII
      string: ''
    headers:
      User-Agent:
      - Faraday v0.9.1
      Authorization:
      - Token token="c9cde524238644fa93393159e5e9ad87"
      Accept-Encoding:
      - gzip;q=1.0,deflate;q=0.6,identity;q=0.3
      Accept:
      - "*/*"
  response:
    status:
      code: 404
      message: Not Found
    headers:
      X-Frame-Options:
      - SAMEORIGIN
      X-Xss-Protection:
      - 1; mode=block
      X-Content-Type-Options:
      - nosniff
      Content-Type:
      - application/json; charset=utf-8
      Cache-Control:
      - no-cache
      X-Request-Id:
      - fab27fc3-6cd3-4a1a-84ab-152b3ca832ca
      X-Runtime:
      - '0.006476'
      Date:
      - Thu, 09 Apr 2015 13:06:29 GMT
      Connection:
      - close
    body:
      encoding: UTF-8
      string: '{"error":{"type":"invalid_request_error","message":"No collection exists
        with id: 73","status":404}}'
    http_version: 
  recorded_at: Thu, 09 Apr 2015 13:06:29 GMT
- request:
    method: delete
    uri: http://gamification-api.dev/v1//collections/80
    body:
      encoding: US-ASCII
      string: ''
    headers:
      User-Agent:
      - Faraday v0.9.1
      Authorization:
      - Token token="c9cde524238644fa93393159e5e9ad87"
      Accept-Encoding:
      - gzip;q=1.0,deflate;q=0.6,identity;q=0.3
      Accept:
      - "*/*"
  response:
    status:
      code: 200
      message: OK
    headers:
      X-Frame-Options:
      - SAMEORIGIN
      X-Xss-Protection:
      - 1; mode=block
      X-Content-Type-Options:
      - nosniff
      Content-Type:
      - application/json; charset=utf-8
      Etag:
      - '"cf34e2f19cec6cafe271b689839a09c6"'
      Cache-Control:
      - max-age=0, private, must-revalidate
      X-Request-Id:
      - 1303d479-48c3-4392-9a53-66c88a023e08
      X-Runtime:
      - '0.030042'
      Date:
      - Thu, 09 Apr 2015 13:12:08 GMT
      Connection:
      - close
    body:
      encoding: UTF-8
      string: '{"id":80,"name":"Create Collection for Destroy","description":"This
        is a new badge","created_at":"2015-04-09T13:12:08.113Z","updated_at":"2015-04-09T13:12:08.113Z"}'
    http_version: 
  recorded_at: Thu, 09 Apr 2015 13:12:08 GMT
- request:
    method: get
    uri: http://gamification-api.dev/v1//collections/80
    body:
      encoding: US-ASCII
      string: ''
    headers:
      User-Agent:
      - Faraday v0.9.1
      Authorization:
      - Token token="c9cde524238644fa93393159e5e9ad87"
      Accept-Encoding:
      - gzip;q=1.0,deflate;q=0.6,identity;q=0.3
      Accept:
      - "*/*"
  response:
    status:
      code: 404
      message: Not Found
    headers:
      X-Frame-Options:
      - SAMEORIGIN
      X-Xss-Protection:
      - 1; mode=block
      X-Content-Type-Options:
      - nosniff
      Content-Type:
      - application/json; charset=utf-8
      Cache-Control:
      - no-cache
      X-Request-Id:
      - a9382b6c-fcd3-4acb-865f-9621271cdb4d
      X-Runtime:
      - '0.004395'
      Date:
      - Thu, 09 Apr 2015 13:12:08 GMT
      Connection:
      - close
    body:
      encoding: UTF-8
      string: '{"error":{"type":"invalid_request_error","message":"No collection exists
        with id: 80","status":404}}'
    http_version: 
  recorded_at: Thu, 09 Apr 2015 13:12:08 GMT
- request:
    method: delete
    uri: http://gamification-api.dev/v1//collections/86
    body:
      encoding: US-ASCII
      string: ''
    headers:
      User-Agent:
      - Faraday v0.9.1
      Authorization:
      - Token token="c9cde524238644fa93393159e5e9ad87"
      Accept-Encoding:
      - gzip;q=1.0,deflate;q=0.6,identity;q=0.3
      Accept:
      - "*/*"
  response:
    status:
      code: 200
      message: OK
    headers:
      X-Frame-Options:
      - SAMEORIGIN
      X-Xss-Protection:
      - 1; mode=block
      X-Content-Type-Options:
      - nosniff
      Content-Type:
      - application/json; charset=utf-8
      Etag:
      - '"6773dde185b40f9194765428f355f153"'
      Cache-Control:
      - max-age=0, private, must-revalidate
      X-Request-Id:
      - 4f0acc02-aab1-4935-9ff6-86944ba791e2
      X-Runtime:
      - '0.005822'
      Date:
      - Thu, 09 Apr 2015 13:32:02 GMT
      Connection:
      - close
    body:
      encoding: UTF-8
      string: '{"id":86,"name":"Create Collection for Destroy","description":"This
        is a new badge","created_at":"2015-04-09T13:32:02.082Z","updated_at":"2015-04-09T13:32:02.082Z"}'
    http_version: 
  recorded_at: Thu, 09 Apr 2015 13:32:02 GMT
- request:
    method: get
    uri: http://gamification-api.dev/v1//collections/86
    body:
      encoding: US-ASCII
      string: ''
    headers:
      User-Agent:
      - Faraday v0.9.1
      Authorization:
      - Token token="c9cde524238644fa93393159e5e9ad87"
      Accept-Encoding:
      - gzip;q=1.0,deflate;q=0.6,identity;q=0.3
      Accept:
      - "*/*"
  response:
    status:
      code: 404
      message: Not Found
    headers:
      X-Frame-Options:
      - SAMEORIGIN
      X-Xss-Protection:
      - 1; mode=block
      X-Content-Type-Options:
      - nosniff
      Content-Type:
      - application/json; charset=utf-8
      Cache-Control:
      - no-cache
      X-Request-Id:
      - ba0fd601-8c2f-4b3b-921d-f025a9265128
      X-Runtime:
      - '0.003887'
      Date:
      - Thu, 09 Apr 2015 13:32:02 GMT
      Connection:
      - close
    body:
      encoding: UTF-8
      string: '{"error":{"type":"invalid_request_error","message":"No collection exists
        with id: 86","status":404}}'
    http_version: 
  recorded_at: Thu, 09 Apr 2015 13:32:02 GMT
- request:
    method: delete
    uri: http://gamification-api.dev/v1//collections/92
    body:
      encoding: US-ASCII
      string: ''
    headers:
      User-Agent:
      - Faraday v0.9.1
      Authorization:
      - Token token="c9cde524238644fa93393159e5e9ad87"
      Accept-Encoding:
      - gzip;q=1.0,deflate;q=0.6,identity;q=0.3
      Accept:
      - "*/*"
  response:
    status:
      code: 200
      message: OK
    headers:
      X-Frame-Options:
      - SAMEORIGIN
      X-Xss-Protection:
      - 1; mode=block
      X-Content-Type-Options:
      - nosniff
      Content-Type:
      - application/json; charset=utf-8
      Etag:
      - '"128fd8268e8aaf8f8e0bef4e9c6b4d73"'
      Cache-Control:
      - max-age=0, private, must-revalidate
      X-Request-Id:
      - 166930ee-ce97-46c6-9955-e4b0b1079938
      X-Runtime:
      - '0.005590'
      Date:
      - Thu, 09 Apr 2015 13:32:49 GMT
      Connection:
      - close
    body:
      encoding: UTF-8
      string: '{"id":92,"name":"Create Collection for Destroy","description":"This
        is a new badge","created_at":"2015-04-09T13:32:49.738Z","updated_at":"2015-04-09T13:32:49.738Z"}'
    http_version: 
  recorded_at: Thu, 09 Apr 2015 13:32:49 GMT
- request:
    method: get
    uri: http://gamification-api.dev/v1//collections/92
    body:
      encoding: US-ASCII
      string: ''
    headers:
      User-Agent:
      - Faraday v0.9.1
      Authorization:
      - Token token="c9cde524238644fa93393159e5e9ad87"
      Accept-Encoding:
      - gzip;q=1.0,deflate;q=0.6,identity;q=0.3
      Accept:
      - "*/*"
  response:
    status:
      code: 404
      message: Not Found
    headers:
      X-Frame-Options:
      - SAMEORIGIN
      X-Xss-Protection:
      - 1; mode=block
      X-Content-Type-Options:
      - nosniff
      Content-Type:
      - application/json; charset=utf-8
      Cache-Control:
      - no-cache
      X-Request-Id:
      - cb11eb22-04a4-4e8f-94b1-6797276301f4
      X-Runtime:
      - '0.003872'
      Date:
      - Thu, 09 Apr 2015 13:32:49 GMT
      Connection:
      - close
    body:
      encoding: UTF-8
      string: '{"error":{"type":"invalid_request_error","message":"No collection exists
        with id: 92","status":404}}'
    http_version: 
  recorded_at: Thu, 09 Apr 2015 13:32:49 GMT
- request:
    method: delete
    uri: http://gamification-api.dev/v1//collections/98
    body:
      encoding: US-ASCII
      string: ''
    headers:
      User-Agent:
      - Faraday v0.9.1
      Authorization:
      - Token token="c9cde524238644fa93393159e5e9ad87"
      Accept-Encoding:
      - gzip;q=1.0,deflate;q=0.6,identity;q=0.3
      Accept:
      - "*/*"
  response:
    status:
      code: 200
      message: OK
    headers:
      X-Frame-Options:
      - SAMEORIGIN
      X-Xss-Protection:
      - 1; mode=block
      X-Content-Type-Options:
      - nosniff
      Content-Type:
      - application/json; charset=utf-8
      Etag:
      - '"389f06423a66eaf84c2e6d53bf8a9640"'
      Cache-Control:
      - max-age=0, private, must-revalidate
      X-Request-Id:
      - 269c9206-f696-4e2c-9c23-cd91150feb97
      X-Runtime:
      - '0.006675'
      Date:
      - Thu, 09 Apr 2015 13:33:08 GMT
      Connection:
      - close
    body:
      encoding: UTF-8
      string: '{"id":98,"name":"Create Collection for Destroy","description":"This
        is a new badge","created_at":"2015-04-09T13:33:08.066Z","updated_at":"2015-04-09T13:33:08.066Z"}'
    http_version: 
  recorded_at: Thu, 09 Apr 2015 13:33:08 GMT
- request:
    method: get
    uri: http://gamification-api.dev/v1//collections/98
    body:
      encoding: US-ASCII
      string: ''
    headers:
      User-Agent:
      - Faraday v0.9.1
      Authorization:
      - Token token="c9cde524238644fa93393159e5e9ad87"
      Accept-Encoding:
      - gzip;q=1.0,deflate;q=0.6,identity;q=0.3
      Accept:
      - "*/*"
  response:
    status:
      code: 404
      message: Not Found
    headers:
      X-Frame-Options:
      - SAMEORIGIN
      X-Xss-Protection:
      - 1; mode=block
      X-Content-Type-Options:
      - nosniff
      Content-Type:
      - application/json; charset=utf-8
      Cache-Control:
      - no-cache
      X-Request-Id:
      - 271406e3-a965-4338-8596-8a12b3484fb0
      X-Runtime:
      - '0.004117'
      Date:
      - Thu, 09 Apr 2015 13:33:08 GMT
      Connection:
      - close
    body:
      encoding: UTF-8
      string: '{"error":{"type":"invalid_request_error","message":"No collection exists
        with id: 98","status":404}}'
    http_version: 
  recorded_at: Thu, 09 Apr 2015 13:33:08 GMT
- request:
    method: delete
    uri: http://gamification-api.dev/v1//collections/104
    body:
      encoding: US-ASCII
      string: ''
    headers:
      User-Agent:
      - Faraday v0.9.1
      Authorization:
      - Token token="c9cde524238644fa93393159e5e9ad87"
      Accept-Encoding:
      - gzip;q=1.0,deflate;q=0.6,identity;q=0.3
      Accept:
      - "*/*"
  response:
    status:
      code: 200
      message: OK
    headers:
      X-Frame-Options:
      - SAMEORIGIN
      X-Xss-Protection:
      - 1; mode=block
      X-Content-Type-Options:
      - nosniff
      Content-Type:
      - application/json; charset=utf-8
      Etag:
      - '"50668bcf74c95726f434159342383c58"'
      Cache-Control:
      - max-age=0, private, must-revalidate
      X-Request-Id:
      - 905a00e6-3fb9-4911-8491-28f4472003c5
      X-Runtime:
      - '0.005793'
      Date:
      - Thu, 09 Apr 2015 13:34:31 GMT
      Connection:
      - close
    body:
      encoding: UTF-8
      string: '{"id":104,"name":"Create Collection for Destroy","description":"This
        is a new badge","created_at":"2015-04-09T13:34:31.014Z","updated_at":"2015-04-09T13:34:31.014Z"}'
    http_version: 
  recorded_at: Thu, 09 Apr 2015 13:34:31 GMT
- request:
    method: get
    uri: http://gamification-api.dev/v1//collections/104
    body:
      encoding: US-ASCII
      string: ''
    headers:
      User-Agent:
      - Faraday v0.9.1
      Authorization:
      - Token token="c9cde524238644fa93393159e5e9ad87"
      Accept-Encoding:
      - gzip;q=1.0,deflate;q=0.6,identity;q=0.3
      Accept:
      - "*/*"
  response:
    status:
      code: 404
      message: Not Found
    headers:
      X-Frame-Options:
      - SAMEORIGIN
      X-Xss-Protection:
      - 1; mode=block
      X-Content-Type-Options:
      - nosniff
      Content-Type:
      - application/json; charset=utf-8
      Cache-Control:
      - no-cache
      X-Request-Id:
      - 50c7b79a-f3d3-4a44-b220-6202bde53fbd
      X-Runtime:
      - '0.003984'
      Date:
      - Thu, 09 Apr 2015 13:34:31 GMT
      Connection:
      - close
    body:
      encoding: UTF-8
      string: '{"error":{"type":"invalid_request_error","message":"No collection exists
        with id: 104","status":404}}'
    http_version: 
  recorded_at: Thu, 09 Apr 2015 13:34:31 GMT
- request:
    method: delete
    uri: http://gamification-api.dev/v1//collections/110
    body:
      encoding: US-ASCII
      string: ''
    headers:
      User-Agent:
      - Faraday v0.9.1
      Authorization:
      - Token token="c9cde524238644fa93393159e5e9ad87"
      Accept-Encoding:
      - gzip;q=1.0,deflate;q=0.6,identity;q=0.3
      Accept:
      - "*/*"
  response:
    status:
      code: 200
      message: OK
    headers:
      X-Frame-Options:
      - SAMEORIGIN
      X-Xss-Protection:
      - 1; mode=block
      X-Content-Type-Options:
      - nosniff
      Content-Type:
      - application/json; charset=utf-8
      Etag:
      - '"ef81d5a99f57b0a9db5de6dad6b29266"'
      Cache-Control:
      - max-age=0, private, must-revalidate
      X-Request-Id:
      - ac318b9d-f6a5-4251-b2c2-b44c0a4288ee
      X-Runtime:
      - '0.005435'
      Date:
      - Thu, 09 Apr 2015 13:34:53 GMT
      Connection:
      - close
    body:
      encoding: UTF-8
      string: '{"id":110,"name":"Create Collection for Destroy","description":"This
        is a new badge","created_at":"2015-04-09T13:34:53.843Z","updated_at":"2015-04-09T13:34:53.843Z"}'
    http_version: 
  recorded_at: Thu, 09 Apr 2015 13:34:53 GMT
- request:
    method: get
    uri: http://gamification-api.dev/v1//collections/110
    body:
      encoding: US-ASCII
      string: ''
    headers:
      User-Agent:
      - Faraday v0.9.1
      Authorization:
      - Token token="c9cde524238644fa93393159e5e9ad87"
      Accept-Encoding:
      - gzip;q=1.0,deflate;q=0.6,identity;q=0.3
      Accept:
      - "*/*"
  response:
    status:
      code: 404
      message: Not Found
    headers:
      X-Frame-Options:
      - SAMEORIGIN
      X-Xss-Protection:
      - 1; mode=block
      X-Content-Type-Options:
      - nosniff
      Content-Type:
      - application/json; charset=utf-8
      Cache-Control:
      - no-cache
      X-Request-Id:
      - 1fa93fc3-2632-4719-b465-2e62744506f7
      X-Runtime:
      - '0.003846'
      Date:
      - Thu, 09 Apr 2015 13:34:53 GMT
      Connection:
      - close
    body:
      encoding: UTF-8
      string: '{"error":{"type":"invalid_request_error","message":"No collection exists
        with id: 110","status":404}}'
    http_version: 
  recorded_at: Thu, 09 Apr 2015 13:34:53 GMT
- request:
    method: delete
    uri: http://gamification-api.dev/v1//collections/116
    body:
      encoding: US-ASCII
      string: ''
    headers:
      User-Agent:
      - Faraday v0.9.1
      Authorization:
      - Token token="c9cde524238644fa93393159e5e9ad87"
      Accept-Encoding:
      - gzip;q=1.0,deflate;q=0.6,identity;q=0.3
      Accept:
      - "*/*"
  response:
    status:
      code: 200
      message: OK
    headers:
      X-Frame-Options:
      - SAMEORIGIN
      X-Xss-Protection:
      - 1; mode=block
      X-Content-Type-Options:
      - nosniff
      Content-Type:
      - application/json; charset=utf-8
      Etag:
      - '"4d2d4cad59652a68a8ca7264da2e7aa7"'
      Cache-Control:
      - max-age=0, private, must-revalidate
      X-Request-Id:
      - 517f5848-5c34-43f4-9ebb-6cef65d3bada
      X-Runtime:
      - '0.022367'
      Date:
      - Thu, 09 Apr 2015 14:09:18 GMT
      Connection:
      - close
    body:
      encoding: UTF-8
      string: '{"id":116,"name":"Create Collection for Destroy","description":"This
        is a new badge","created_at":"2015-04-09T14:09:18.415Z","updated_at":"2015-04-09T14:09:18.415Z"}'
    http_version: 
  recorded_at: Thu, 09 Apr 2015 14:09:18 GMT
- request:
    method: get
    uri: http://gamification-api.dev/v1//collections/116
    body:
      encoding: US-ASCII
      string: ''
    headers:
      User-Agent:
      - Faraday v0.9.1
      Authorization:
      - Token token="c9cde524238644fa93393159e5e9ad87"
      Accept-Encoding:
      - gzip;q=1.0,deflate;q=0.6,identity;q=0.3
      Accept:
      - "*/*"
  response:
    status:
      code: 404
      message: Not Found
    headers:
      X-Frame-Options:
      - SAMEORIGIN
      X-Xss-Protection:
      - 1; mode=block
      X-Content-Type-Options:
      - nosniff
      Content-Type:
      - application/json; charset=utf-8
      Cache-Control:
      - no-cache
      X-Request-Id:
      - cb821826-a9f7-41c3-b463-ffea460da7cc
      X-Runtime:
      - '0.004421'
      Date:
      - Thu, 09 Apr 2015 14:09:18 GMT
      Connection:
      - close
    body:
      encoding: UTF-8
      string: '{"error":{"type":"invalid_request_error","message":"No collection exists
        with id: 116","status":404}}'
    http_version: 
  recorded_at: Thu, 09 Apr 2015 14:09:18 GMT
- request:
    method: delete
    uri: http://gamification-api.dev/v1//collections/122
    body:
      encoding: US-ASCII
      string: ''
    headers:
      User-Agent:
      - Faraday v0.9.1
      Authorization:
      - Token token="c9cde524238644fa93393159e5e9ad87"
      Accept-Encoding:
      - gzip;q=1.0,deflate;q=0.6,identity;q=0.3
      Accept:
      - "*/*"
  response:
    status:
      code: 200
      message: OK
    headers:
      X-Frame-Options:
      - SAMEORIGIN
      X-Xss-Protection:
      - 1; mode=block
      X-Content-Type-Options:
      - nosniff
      Content-Type:
      - application/json; charset=utf-8
      Etag:
      - '"568c71550228bcbb461b7e976c808f42"'
      Cache-Control:
      - max-age=0, private, must-revalidate
      X-Request-Id:
      - d837d8fe-0eb8-4f87-9594-45c8c217e155
      X-Runtime:
      - '0.007162'
      Date:
      - Thu, 09 Apr 2015 14:10:52 GMT
      Connection:
      - close
    body:
      encoding: UTF-8
      string: '{"id":122,"name":"Create Collection for Destroy","description":"This
        is a new badge","created_at":"2015-04-09T14:10:52.500Z","updated_at":"2015-04-09T14:10:52.500Z"}'
    http_version: 
  recorded_at: Thu, 09 Apr 2015 14:10:52 GMT
- request:
    method: get
    uri: http://gamification-api.dev/v1//collections/122
    body:
      encoding: US-ASCII
      string: ''
    headers:
      User-Agent:
      - Faraday v0.9.1
      Authorization:
      - Token token="c9cde524238644fa93393159e5e9ad87"
      Accept-Encoding:
      - gzip;q=1.0,deflate;q=0.6,identity;q=0.3
      Accept:
      - "*/*"
  response:
    status:
      code: 404
      message: Not Found
    headers:
      X-Frame-Options:
      - SAMEORIGIN
      X-Xss-Protection:
      - 1; mode=block
      X-Content-Type-Options:
      - nosniff
      Content-Type:
      - application/json; charset=utf-8
      Cache-Control:
      - no-cache
      X-Request-Id:
      - 97cea647-93fb-4f79-977f-ae20553d275f
      X-Runtime:
      - '0.003974'
      Date:
      - Thu, 09 Apr 2015 14:10:52 GMT
      Connection:
      - close
    body:
      encoding: UTF-8
      string: '{"error":{"type":"invalid_request_error","message":"No collection exists
        with id: 122","status":404}}'
    http_version: 
  recorded_at: Thu, 09 Apr 2015 14:10:52 GMT
- request:
    method: delete
    uri: http://gamification-api.dev/v1//collections/128
    body:
      encoding: US-ASCII
      string: ''
    headers:
      User-Agent:
      - Faraday v0.9.1
      Authorization:
      - Token token="c9cde524238644fa93393159e5e9ad87"
      Accept-Encoding:
      - gzip;q=1.0,deflate;q=0.6,identity;q=0.3
      Accept:
      - "*/*"
  response:
    status:
      code: 200
      message: OK
    headers:
      X-Frame-Options:
      - SAMEORIGIN
      X-Xss-Protection:
      - 1; mode=block
      X-Content-Type-Options:
      - nosniff
      Content-Type:
      - application/json; charset=utf-8
      Etag:
      - '"f63690d5c2f2ffb8bc681c72bbbcb7a7"'
      Cache-Control:
      - max-age=0, private, must-revalidate
      X-Request-Id:
      - 669e9830-0b31-48e7-97db-4b2abb7c8dda
      X-Runtime:
      - '0.007501'
      Date:
      - Thu, 09 Apr 2015 14:12:16 GMT
      Connection:
      - close
    body:
      encoding: UTF-8
      string: '{"id":128,"name":"Create Collection for Destroy","description":"This
        is a new badge","created_at":"2015-04-09T14:12:16.676Z","updated_at":"2015-04-09T14:12:16.676Z"}'
    http_version: 
  recorded_at: Thu, 09 Apr 2015 14:12:16 GMT
- request:
    method: get
    uri: http://gamification-api.dev/v1//collections/128
    body:
      encoding: US-ASCII
      string: ''
    headers:
      User-Agent:
      - Faraday v0.9.1
      Authorization:
      - Token token="c9cde524238644fa93393159e5e9ad87"
      Accept-Encoding:
      - gzip;q=1.0,deflate;q=0.6,identity;q=0.3
      Accept:
      - "*/*"
  response:
    status:
      code: 404
      message: Not Found
    headers:
      X-Frame-Options:
      - SAMEORIGIN
      X-Xss-Protection:
      - 1; mode=block
      X-Content-Type-Options:
      - nosniff
      Content-Type:
      - application/json; charset=utf-8
      Cache-Control:
      - no-cache
      X-Request-Id:
      - 64f62a78-89db-409b-a2c1-373ef83a47ea
      X-Runtime:
      - '0.004012'
      Date:
      - Thu, 09 Apr 2015 14:12:16 GMT
      Connection:
      - close
    body:
      encoding: UTF-8
      string: '{"error":{"type":"invalid_request_error","message":"No collection exists
        with id: 128","status":404}}'
    http_version: 
  recorded_at: Thu, 09 Apr 2015 14:12:16 GMT
- request:
    method: delete
    uri: http://gamification-api.dev/v1//collections/134
    body:
      encoding: US-ASCII
      string: ''
    headers:
      User-Agent:
      - Faraday v0.9.1
      Authorization:
      - Token token="c9cde524238644fa93393159e5e9ad87"
      Accept-Encoding:
      - gzip;q=1.0,deflate;q=0.6,identity;q=0.3
      Accept:
      - "*/*"
  response:
    status:
      code: 200
      message: OK
    headers:
      X-Frame-Options:
      - SAMEORIGIN
      X-Xss-Protection:
      - 1; mode=block
      X-Content-Type-Options:
      - nosniff
      Content-Type:
      - application/json; charset=utf-8
      Etag:
      - '"4853bb805a5ac74512366b39589f98a2"'
      Cache-Control:
      - max-age=0, private, must-revalidate
      X-Request-Id:
      - fa402ea0-7da4-4e1c-879b-ee3bd25266c5
      X-Runtime:
      - '0.009899'
      Date:
      - Thu, 09 Apr 2015 14:12:34 GMT
      Connection:
      - close
    body:
      encoding: UTF-8
      string: '{"id":134,"name":"Create Collection for Destroy","description":"This
        is a new badge","created_at":"2015-04-09T14:12:34.574Z","updated_at":"2015-04-09T14:12:34.574Z"}'
    http_version: 
  recorded_at: Thu, 09 Apr 2015 14:12:34 GMT
- request:
    method: get
    uri: http://gamification-api.dev/v1//collections/134
    body:
      encoding: US-ASCII
      string: ''
    headers:
      User-Agent:
      - Faraday v0.9.1
      Authorization:
      - Token token="c9cde524238644fa93393159e5e9ad87"
      Accept-Encoding:
      - gzip;q=1.0,deflate;q=0.6,identity;q=0.3
      Accept:
      - "*/*"
  response:
    status:
      code: 404
      message: Not Found
    headers:
      X-Frame-Options:
      - SAMEORIGIN
      X-Xss-Protection:
      - 1; mode=block
      X-Content-Type-Options:
      - nosniff
      Content-Type:
      - application/json; charset=utf-8
      Cache-Control:
      - no-cache
      X-Request-Id:
      - 491e0378-6eba-4e79-85b3-7a4281d51a50
      X-Runtime:
      - '0.005479'
      Date:
      - Thu, 09 Apr 2015 14:12:34 GMT
      Connection:
      - close
    body:
      encoding: UTF-8
      string: '{"error":{"type":"invalid_request_error","message":"No collection exists
        with id: 134","status":404}}'
    http_version: 
  recorded_at: Thu, 09 Apr 2015 14:12:34 GMT
- request:
    method: delete
    uri: http://gamification-api.dev/v1//collections/140
    body:
      encoding: US-ASCII
      string: ''
    headers:
      User-Agent:
      - Faraday v0.9.1
      Authorization:
      - Token token="c9cde524238644fa93393159e5e9ad87"
      Accept-Encoding:
      - gzip;q=1.0,deflate;q=0.6,identity;q=0.3
      Accept:
      - "*/*"
  response:
    status:
      code: 200
      message: OK
    headers:
      X-Frame-Options:
      - SAMEORIGIN
      X-Xss-Protection:
      - 1; mode=block
      X-Content-Type-Options:
      - nosniff
      Content-Type:
      - application/json; charset=utf-8
      Etag:
      - '"ceebb3babf2a9e18507b5ecfd3dcaa85"'
      Cache-Control:
      - max-age=0, private, must-revalidate
      X-Request-Id:
      - c63a03f8-3524-4170-a2f6-dcbcac03e1e3
      X-Runtime:
      - '0.006346'
      Date:
      - Thu, 09 Apr 2015 14:12:53 GMT
      Connection:
      - close
    body:
      encoding: UTF-8
      string: '{"id":140,"name":"Create Collection for Destroy","description":"This
        is a new badge","created_at":"2015-04-09T14:12:53.650Z","updated_at":"2015-04-09T14:12:53.650Z"}'
    http_version: 
  recorded_at: Thu, 09 Apr 2015 14:12:53 GMT
- request:
    method: get
    uri: http://gamification-api.dev/v1//collections/140
    body:
      encoding: US-ASCII
      string: ''
    headers:
      User-Agent:
      - Faraday v0.9.1
      Authorization:
      - Token token="c9cde524238644fa93393159e5e9ad87"
      Accept-Encoding:
      - gzip;q=1.0,deflate;q=0.6,identity;q=0.3
      Accept:
      - "*/*"
  response:
    status:
      code: 404
      message: Not Found
    headers:
      X-Frame-Options:
      - SAMEORIGIN
      X-Xss-Protection:
      - 1; mode=block
      X-Content-Type-Options:
      - nosniff
      Content-Type:
      - application/json; charset=utf-8
      Cache-Control:
      - no-cache
      X-Request-Id:
      - c3f7b178-27bc-4c25-8c4b-141bb50f657b
      X-Runtime:
      - '0.003584'
      Date:
      - Thu, 09 Apr 2015 14:12:53 GMT
      Connection:
      - close
    body:
      encoding: UTF-8
      string: '{"error":{"type":"invalid_request_error","message":"No collection exists
        with id: 140","status":404}}'
    http_version: 
  recorded_at: Thu, 09 Apr 2015 14:12:53 GMT
- request:
    method: delete
    uri: http://gamification-api.dev/v1//collections/146
    body:
      encoding: US-ASCII
      string: ''
    headers:
      User-Agent:
      - Faraday v0.9.1
      Authorization:
      - Token token="c9cde524238644fa93393159e5e9ad87"
      Accept-Encoding:
      - gzip;q=1.0,deflate;q=0.6,identity;q=0.3
      Accept:
      - "*/*"
  response:
    status:
      code: 200
      message: OK
    headers:
      X-Frame-Options:
      - SAMEORIGIN
      X-Xss-Protection:
      - 1; mode=block
      X-Content-Type-Options:
      - nosniff
      Content-Type:
      - application/json; charset=utf-8
      Etag:
      - '"60feac3af9e9c6478d6af07dd8ea9f23"'
      Cache-Control:
      - max-age=0, private, must-revalidate
      X-Request-Id:
      - e080354b-67cc-4207-88ad-08e059cee0e0
      X-Runtime:
      - '0.006140'
      Date:
      - Thu, 09 Apr 2015 14:13:24 GMT
      Connection:
      - close
    body:
      encoding: UTF-8
      string: '{"id":146,"name":"Create Collection for Destroy","description":"This
        is a new badge","created_at":"2015-04-09T14:13:24.578Z","updated_at":"2015-04-09T14:13:24.578Z"}'
    http_version: 
  recorded_at: Thu, 09 Apr 2015 14:13:24 GMT
- request:
    method: get
    uri: http://gamification-api.dev/v1//collections/146
    body:
      encoding: US-ASCII
      string: ''
    headers:
      User-Agent:
      - Faraday v0.9.1
      Authorization:
      - Token token="c9cde524238644fa93393159e5e9ad87"
      Accept-Encoding:
      - gzip;q=1.0,deflate;q=0.6,identity;q=0.3
      Accept:
      - "*/*"
  response:
    status:
      code: 404
      message: Not Found
    headers:
      X-Frame-Options:
      - SAMEORIGIN
      X-Xss-Protection:
      - 1; mode=block
      X-Content-Type-Options:
      - nosniff
      Content-Type:
      - application/json; charset=utf-8
      Cache-Control:
      - no-cache
      X-Request-Id:
      - ec56bfc3-677a-42e4-b12d-a71e866175e0
      X-Runtime:
      - '0.004274'
      Date:
      - Thu, 09 Apr 2015 14:13:24 GMT
      Connection:
      - close
    body:
      encoding: UTF-8
      string: '{"error":{"type":"invalid_request_error","message":"No collection exists
        with id: 146","status":404}}'
    http_version: 
  recorded_at: Thu, 09 Apr 2015 14:13:24 GMT
- request:
    method: delete
    uri: http://gamification-api.dev/v1//collections/152
    body:
      encoding: US-ASCII
      string: ''
    headers:
      User-Agent:
      - Faraday v0.9.1
      Authorization:
      - Token token="c9cde524238644fa93393159e5e9ad87"
      Accept-Encoding:
      - gzip;q=1.0,deflate;q=0.6,identity;q=0.3
      Accept:
      - "*/*"
  response:
    status:
      code: 200
      message: OK
    headers:
      X-Frame-Options:
      - SAMEORIGIN
      X-Xss-Protection:
      - 1; mode=block
      X-Content-Type-Options:
      - nosniff
      Content-Type:
      - application/json; charset=utf-8
      Etag:
      - '"efac60e17db59d3b472d171c26e23654"'
      Cache-Control:
      - max-age=0, private, must-revalidate
      X-Request-Id:
      - 010e2d42-e937-49fc-89d9-73a1550697d5
      X-Runtime:
      - '0.006660'
      Date:
      - Thu, 09 Apr 2015 14:13:45 GMT
      Connection:
      - close
    body:
      encoding: UTF-8
      string: '{"id":152,"name":"Create Collection for Destroy","description":"This
        is a new badge","created_at":"2015-04-09T14:13:45.434Z","updated_at":"2015-04-09T14:13:45.434Z"}'
    http_version: 
  recorded_at: Thu, 09 Apr 2015 14:13:45 GMT
- request:
    method: get
    uri: http://gamification-api.dev/v1//collections/152
    body:
      encoding: US-ASCII
      string: ''
    headers:
      User-Agent:
      - Faraday v0.9.1
      Authorization:
      - Token token="c9cde524238644fa93393159e5e9ad87"
      Accept-Encoding:
      - gzip;q=1.0,deflate;q=0.6,identity;q=0.3
      Accept:
      - "*/*"
  response:
    status:
      code: 404
      message: Not Found
    headers:
      X-Frame-Options:
      - SAMEORIGIN
      X-Xss-Protection:
      - 1; mode=block
      X-Content-Type-Options:
      - nosniff
      Content-Type:
      - application/json; charset=utf-8
      Cache-Control:
      - no-cache
      X-Request-Id:
      - 7991bdd7-803d-413c-926f-541ddf0e26a8
      X-Runtime:
      - '0.003813'
      Date:
      - Thu, 09 Apr 2015 14:13:45 GMT
      Connection:
      - close
    body:
      encoding: UTF-8
      string: '{"error":{"type":"invalid_request_error","message":"No collection exists
        with id: 152","status":404}}'
    http_version: 
  recorded_at: Thu, 09 Apr 2015 14:13:45 GMT
- request:
    method: delete
    uri: http://gamification-api.dev/v1//collections/158
    body:
      encoding: US-ASCII
      string: ''
    headers:
      User-Agent:
      - Faraday v0.9.1
      Authorization:
      - Token token="c9cde524238644fa93393159e5e9ad87"
      Accept-Encoding:
      - gzip;q=1.0,deflate;q=0.6,identity;q=0.3
      Accept:
      - "*/*"
  response:
    status:
      code: 200
      message: OK
    headers:
      X-Frame-Options:
      - SAMEORIGIN
      X-Xss-Protection:
      - 1; mode=block
      X-Content-Type-Options:
      - nosniff
      Content-Type:
      - application/json; charset=utf-8
      Etag:
      - '"7a6be98402755dc864d549e12404dc86"'
      Cache-Control:
      - max-age=0, private, must-revalidate
      X-Request-Id:
      - 9f687e12-1bee-4ab5-a4a2-fbfb536d379b
      X-Runtime:
      - '0.006492'
      Date:
      - Thu, 09 Apr 2015 14:14:13 GMT
      Connection:
      - close
    body:
      encoding: UTF-8
      string: '{"id":158,"name":"Create Collection for Destroy","description":"This
        is a new badge","created_at":"2015-04-09T14:14:13.081Z","updated_at":"2015-04-09T14:14:13.081Z"}'
    http_version: 
  recorded_at: Thu, 09 Apr 2015 14:14:13 GMT
- request:
    method: get
    uri: http://gamification-api.dev/v1//collections/158
    body:
      encoding: US-ASCII
      string: ''
    headers:
      User-Agent:
      - Faraday v0.9.1
      Authorization:
      - Token token="c9cde524238644fa93393159e5e9ad87"
      Accept-Encoding:
      - gzip;q=1.0,deflate;q=0.6,identity;q=0.3
      Accept:
      - "*/*"
  response:
    status:
      code: 404
      message: Not Found
    headers:
      X-Frame-Options:
      - SAMEORIGIN
      X-Xss-Protection:
      - 1; mode=block
      X-Content-Type-Options:
      - nosniff
      Content-Type:
      - application/json; charset=utf-8
      Cache-Control:
      - no-cache
      X-Request-Id:
      - 81bc60cc-619d-4479-b2df-1aa1c005d26a
      X-Runtime:
      - '0.005051'
      Date:
      - Thu, 09 Apr 2015 14:14:13 GMT
      Connection:
      - close
    body:
      encoding: UTF-8
      string: '{"error":{"type":"invalid_request_error","message":"No collection exists
        with id: 158","status":404}}'
    http_version: 
  recorded_at: Thu, 09 Apr 2015 14:14:13 GMT
- request:
    method: delete
    uri: http://gamification-api.dev/v1//collections/164
    body:
      encoding: US-ASCII
      string: ''
    headers:
      User-Agent:
      - Faraday v0.9.1
      Authorization:
      - Token token="c9cde524238644fa93393159e5e9ad87"
      Accept-Encoding:
      - gzip;q=1.0,deflate;q=0.6,identity;q=0.3
      Accept:
      - "*/*"
  response:
    status:
      code: 200
      message: OK
    headers:
      X-Frame-Options:
      - SAMEORIGIN
      X-Xss-Protection:
      - 1; mode=block
      X-Content-Type-Options:
      - nosniff
      Content-Type:
      - application/json; charset=utf-8
      Etag:
      - '"7ad7616e73374d5fa3a6594681ebd9a2"'
      Cache-Control:
      - max-age=0, private, must-revalidate
      X-Request-Id:
      - a8725329-602b-409c-8ab6-fe7452d4ffe6
      X-Runtime:
      - '0.007134'
      Date:
      - Thu, 09 Apr 2015 14:14:20 GMT
      Connection:
      - close
    body:
      encoding: UTF-8
      string: '{"id":164,"name":"Create Collection for Destroy","description":"This
        is a new badge","created_at":"2015-04-09T14:14:20.644Z","updated_at":"2015-04-09T14:14:20.644Z"}'
    http_version: 
  recorded_at: Thu, 09 Apr 2015 14:14:20 GMT
- request:
    method: get
    uri: http://gamification-api.dev/v1//collections/164
    body:
      encoding: US-ASCII
      string: ''
    headers:
      User-Agent:
      - Faraday v0.9.1
      Authorization:
      - Token token="c9cde524238644fa93393159e5e9ad87"
      Accept-Encoding:
      - gzip;q=1.0,deflate;q=0.6,identity;q=0.3
      Accept:
      - "*/*"
  response:
    status:
      code: 404
      message: Not Found
    headers:
      X-Frame-Options:
      - SAMEORIGIN
      X-Xss-Protection:
      - 1; mode=block
      X-Content-Type-Options:
      - nosniff
      Content-Type:
      - application/json; charset=utf-8
      Cache-Control:
      - no-cache
      X-Request-Id:
      - f9bde100-fec4-4ce3-a993-8d175c0957aa
      X-Runtime:
      - '0.004666'
      Date:
      - Thu, 09 Apr 2015 14:14:20 GMT
      Connection:
      - close
    body:
      encoding: UTF-8
      string: '{"error":{"type":"invalid_request_error","message":"No collection exists
        with id: 164","status":404}}'
    http_version: 
  recorded_at: Thu, 09 Apr 2015 14:14:20 GMT
- request:
    method: delete
    uri: http://gamification-api.dev/v1//collections/170
    body:
      encoding: US-ASCII
      string: ''
    headers:
      User-Agent:
      - Faraday v0.9.1
      Authorization:
      - Token token="c9cde524238644fa93393159e5e9ad87"
      Accept-Encoding:
      - gzip;q=1.0,deflate;q=0.6,identity;q=0.3
      Accept:
      - "*/*"
  response:
    status:
      code: 200
      message: OK
    headers:
      X-Frame-Options:
      - SAMEORIGIN
      X-Xss-Protection:
      - 1; mode=block
      X-Content-Type-Options:
      - nosniff
      Content-Type:
      - application/json; charset=utf-8
      Etag:
      - '"e262b5005f2d302a0ac461a919782bb4"'
      Cache-Control:
      - max-age=0, private, must-revalidate
      X-Request-Id:
      - 1d105a55-15a0-4dab-96a7-17813cadc14e
      X-Runtime:
      - '0.022652'
      Date:
      - Thu, 09 Apr 2015 14:33:52 GMT
      Connection:
      - close
    body:
      encoding: UTF-8
      string: '{"id":170,"name":"Create Collection for Destroy","description":"This
        is a new badge","created_at":"2015-04-09T14:33:52.097Z","updated_at":"2015-04-09T14:33:52.097Z"}'
    http_version: 
  recorded_at: Thu, 09 Apr 2015 14:33:52 GMT
- request:
    method: get
    uri: http://gamification-api.dev/v1//collections/170
    body:
      encoding: US-ASCII
      string: ''
    headers:
      User-Agent:
      - Faraday v0.9.1
      Authorization:
      - Token token="c9cde524238644fa93393159e5e9ad87"
      Accept-Encoding:
      - gzip;q=1.0,deflate;q=0.6,identity;q=0.3
      Accept:
      - "*/*"
  response:
    status:
      code: 404
      message: Not Found
    headers:
      X-Frame-Options:
      - SAMEORIGIN
      X-Xss-Protection:
      - 1; mode=block
      X-Content-Type-Options:
      - nosniff
      Content-Type:
      - application/json; charset=utf-8
      Cache-Control:
      - no-cache
      X-Request-Id:
      - 29afdc00-ee7e-4acd-a2e7-acb7c5090dcb
      X-Runtime:
      - '0.005093'
      Date:
      - Thu, 09 Apr 2015 14:33:52 GMT
      Connection:
      - close
    body:
      encoding: UTF-8
      string: '{"error":{"type":"invalid_request_error","message":"No collection exists
        with id: 170","status":404}}'
    http_version: 
  recorded_at: Thu, 09 Apr 2015 14:33:52 GMT
- request:
    method: delete
    uri: http://gamification-api.dev/v1//collections/176
    body:
      encoding: US-ASCII
      string: ''
    headers:
      User-Agent:
      - Faraday v0.9.1
      Authorization:
      - Token token="c9cde524238644fa93393159e5e9ad87"
      Accept-Encoding:
      - gzip;q=1.0,deflate;q=0.6,identity;q=0.3
      Accept:
      - "*/*"
  response:
    status:
      code: 200
      message: OK
    headers:
      X-Frame-Options:
      - SAMEORIGIN
      X-Xss-Protection:
      - 1; mode=block
      X-Content-Type-Options:
      - nosniff
      Content-Type:
      - application/json; charset=utf-8
      Etag:
      - '"a89d21dbe5bb7eb3ec4397ae22a3437a"'
      Cache-Control:
      - max-age=0, private, must-revalidate
      X-Request-Id:
      - f3db18ed-d11b-48ee-a9a7-fab910edbfbb
      X-Runtime:
      - '0.006639'
      Date:
      - Thu, 09 Apr 2015 14:35:00 GMT
      Connection:
      - close
    body:
      encoding: UTF-8
      string: '{"id":176,"name":"Create Collection for Destroy","description":"This
        is a new badge","created_at":"2015-04-09T14:34:59.984Z","updated_at":"2015-04-09T14:34:59.984Z"}'
    http_version: 
  recorded_at: Thu, 09 Apr 2015 14:35:00 GMT
- request:
    method: delete
    uri: http://gamification-api.dev/v1//collections/181
    body:
      encoding: US-ASCII
      string: ''
    headers:
      User-Agent:
      - Faraday v0.9.1
      Authorization:
      - Token token="c9cde524238644fa93393159e5e9ad87"
      Accept-Encoding:
      - gzip;q=1.0,deflate;q=0.6,identity;q=0.3
      Accept:
      - "*/*"
  response:
    status:
      code: 200
      message: OK
    headers:
      X-Frame-Options:
      - SAMEORIGIN
      X-Xss-Protection:
      - 1; mode=block
      X-Content-Type-Options:
      - nosniff
      Content-Type:
      - application/json; charset=utf-8
      Etag:
      - '"58c5b355f7d31a7a34f4d3843157c7b3"'
      Cache-Control:
      - max-age=0, private, must-revalidate
      X-Request-Id:
      - 21ef5e29-12ae-474d-8c96-eed1b0aa1a60
      X-Runtime:
      - '0.006189'
      Date:
      - Thu, 09 Apr 2015 14:35:59 GMT
      Connection:
      - close
    body:
      encoding: UTF-8
      string: '{"id":181,"name":"Create Collection for Destroy","description":"This
        is a new badge","created_at":"2015-04-09T14:35:59.093Z","updated_at":"2015-04-09T14:35:59.093Z"}'
    http_version: 
  recorded_at: Thu, 09 Apr 2015 14:35:59 GMT
- request:
    method: get
    uri: http://gamification-api.dev/v1//collections/181
    body:
      encoding: US-ASCII
      string: ''
    headers:
      User-Agent:
      - Faraday v0.9.1
      Authorization:
      - Token token="c9cde524238644fa93393159e5e9ad87"
      Accept-Encoding:
      - gzip;q=1.0,deflate;q=0.6,identity;q=0.3
      Accept:
      - "*/*"
  response:
    status:
      code: 404
      message: Not Found
    headers:
      X-Frame-Options:
      - SAMEORIGIN
      X-Xss-Protection:
      - 1; mode=block
      X-Content-Type-Options:
      - nosniff
      Content-Type:
      - application/json; charset=utf-8
      Cache-Control:
      - no-cache
      X-Request-Id:
      - c5217612-6a19-4ad0-8cea-8c8894d617ce
      X-Runtime:
      - '0.004024'
      Date:
      - Thu, 09 Apr 2015 14:35:59 GMT
      Connection:
      - close
    body:
      encoding: UTF-8
      string: '{"error":{"type":"invalid_request_error","message":"No collection exists
        with id: 181","status":404}}'
    http_version: 
  recorded_at: Thu, 09 Apr 2015 14:35:59 GMT
- request:
    method: delete
    uri: http://gamification-api.dev/v1//collections/187
    body:
      encoding: US-ASCII
      string: ''
    headers:
      User-Agent:
      - Faraday v0.9.1
      Authorization:
      - Token token="c9cde524238644fa93393159e5e9ad87"
      Accept-Encoding:
      - gzip;q=1.0,deflate;q=0.6,identity;q=0.3
      Accept:
      - "*/*"
  response:
    status:
      code: 200
      message: OK
    headers:
      X-Frame-Options:
      - SAMEORIGIN
      X-Xss-Protection:
      - 1; mode=block
      X-Content-Type-Options:
      - nosniff
      Content-Type:
      - application/json; charset=utf-8
      Etag:
      - '"3b9fe08cab708e20e7cff842114762ca"'
      Cache-Control:
      - max-age=0, private, must-revalidate
      X-Request-Id:
      - 479a7f3a-b74f-4496-8336-baeb4aa31207
      X-Runtime:
      - '0.010930'
      Date:
      - Thu, 09 Apr 2015 14:38:08 GMT
      Connection:
      - close
    body:
      encoding: UTF-8
      string: '{"id":187,"name":"Create Collection for Destroy","description":"This
        is a new badge","created_at":"2015-04-09T14:38:08.797Z","updated_at":"2015-04-09T14:38:08.797Z"}'
    http_version: 
  recorded_at: Thu, 09 Apr 2015 14:38:08 GMT
- request:
    method: get
    uri: http://gamification-api.dev/v1//collections/187
    body:
      encoding: US-ASCII
      string: ''
    headers:
      User-Agent:
      - Faraday v0.9.1
      Authorization:
      - Token token="c9cde524238644fa93393159e5e9ad87"
      Accept-Encoding:
      - gzip;q=1.0,deflate;q=0.6,identity;q=0.3
      Accept:
      - "*/*"
  response:
    status:
      code: 404
      message: Not Found
    headers:
      X-Frame-Options:
      - SAMEORIGIN
      X-Xss-Protection:
      - 1; mode=block
      X-Content-Type-Options:
      - nosniff
      Content-Type:
      - application/json; charset=utf-8
      Cache-Control:
      - no-cache
      X-Request-Id:
      - c2195da8-71d8-4ea9-986d-e5613a081afc
      X-Runtime:
      - '0.004198'
      Date:
      - Thu, 09 Apr 2015 14:38:08 GMT
      Connection:
      - close
    body:
      encoding: UTF-8
      string: '{"error":{"type":"invalid_request_error","message":"No collection exists
        with id: 187","status":404}}'
    http_version: 
  recorded_at: Thu, 09 Apr 2015 14:38:08 GMT
- request:
    method: delete
    uri: http://gamification-api.dev/v1//collections/193
    body:
      encoding: US-ASCII
      string: ''
    headers:
      User-Agent:
      - Faraday v0.9.1
      Authorization:
      - Token token="c9cde524238644fa93393159e5e9ad87"
      Accept-Encoding:
      - gzip;q=1.0,deflate;q=0.6,identity;q=0.3
      Accept:
      - "*/*"
  response:
    status:
      code: 200
      message: OK
    headers:
      X-Frame-Options:
      - SAMEORIGIN
      X-Xss-Protection:
      - 1; mode=block
      X-Content-Type-Options:
      - nosniff
      Content-Type:
      - application/json; charset=utf-8
      Etag:
      - '"9cfc3c6bfbca97c10d041a59f83a5640"'
      Cache-Control:
      - max-age=0, private, must-revalidate
      X-Request-Id:
      - 4883b3a4-8ad8-4d81-8c8e-ef79cef679b7
      X-Runtime:
      - '0.006220'
      Date:
      - Thu, 09 Apr 2015 14:38:32 GMT
      Connection:
      - close
    body:
      encoding: UTF-8
      string: '{"id":193,"name":"Create Collection for Destroy","description":"This
        is a new badge","created_at":"2015-04-09T14:38:32.501Z","updated_at":"2015-04-09T14:38:32.501Z"}'
    http_version: 
  recorded_at: Thu, 09 Apr 2015 14:38:32 GMT
- request:
    method: get
    uri: http://gamification-api.dev/v1//collections/193
    body:
      encoding: US-ASCII
      string: ''
    headers:
      User-Agent:
      - Faraday v0.9.1
      Authorization:
      - Token token="c9cde524238644fa93393159e5e9ad87"
      Accept-Encoding:
      - gzip;q=1.0,deflate;q=0.6,identity;q=0.3
      Accept:
      - "*/*"
  response:
    status:
      code: 404
      message: Not Found
    headers:
      X-Frame-Options:
      - SAMEORIGIN
      X-Xss-Protection:
      - 1; mode=block
      X-Content-Type-Options:
      - nosniff
      Content-Type:
      - application/json; charset=utf-8
      Cache-Control:
      - no-cache
      X-Request-Id:
      - 9e8eccad-cd09-4501-8c39-f027285a4800
      X-Runtime:
      - '0.003983'
      Date:
      - Thu, 09 Apr 2015 14:38:32 GMT
      Connection:
      - close
    body:
      encoding: UTF-8
      string: '{"error":{"type":"invalid_request_error","message":"No collection exists
        with id: 193","status":404}}'
    http_version: 
  recorded_at: Thu, 09 Apr 2015 14:38:32 GMT
- request:
    method: delete
    uri: http://gamification-api.dev/v1//collections/199
    body:
      encoding: US-ASCII
      string: ''
    headers:
      User-Agent:
      - Faraday v0.9.1
      Authorization:
      - Token token="c9cde524238644fa93393159e5e9ad87"
      Accept-Encoding:
      - gzip;q=1.0,deflate;q=0.6,identity;q=0.3
      Accept:
      - "*/*"
  response:
    status:
      code: 200
      message: OK
    headers:
      X-Frame-Options:
      - SAMEORIGIN
      X-Xss-Protection:
      - 1; mode=block
      X-Content-Type-Options:
      - nosniff
      Content-Type:
      - application/json; charset=utf-8
      Etag:
      - '"8e85c9a7dfc8b9f8e8a286481fa075d4"'
      Cache-Control:
      - max-age=0, private, must-revalidate
      X-Request-Id:
      - ccf710da-0e9f-4381-b2db-0219a91d0aad
      X-Runtime:
      - '0.006789'
      Date:
      - Thu, 09 Apr 2015 14:38:57 GMT
      Connection:
      - close
    body:
      encoding: UTF-8
      string: '{"id":199,"name":"Create Collection for Destroy","description":"This
        is a new badge","created_at":"2015-04-09T14:38:57.539Z","updated_at":"2015-04-09T14:38:57.539Z"}'
    http_version: 
  recorded_at: Thu, 09 Apr 2015 14:38:57 GMT
- request:
    method: get
    uri: http://gamification-api.dev/v1//collections/199
    body:
      encoding: US-ASCII
      string: ''
    headers:
      User-Agent:
      - Faraday v0.9.1
      Authorization:
      - Token token="c9cde524238644fa93393159e5e9ad87"
      Accept-Encoding:
      - gzip;q=1.0,deflate;q=0.6,identity;q=0.3
      Accept:
      - "*/*"
  response:
    status:
      code: 404
      message: Not Found
    headers:
      X-Frame-Options:
      - SAMEORIGIN
      X-Xss-Protection:
      - 1; mode=block
      X-Content-Type-Options:
      - nosniff
      Content-Type:
      - application/json; charset=utf-8
      Cache-Control:
      - no-cache
      X-Request-Id:
      - 2fe2498a-7354-4b2f-a8f5-ae142c330135
      X-Runtime:
      - '0.005446'
      Date:
      - Thu, 09 Apr 2015 14:38:57 GMT
      Connection:
      - close
    body:
      encoding: UTF-8
      string: '{"error":{"type":"invalid_request_error","message":"No collection exists
        with id: 199","status":404}}'
    http_version: 
  recorded_at: Thu, 09 Apr 2015 14:38:57 GMT
- request:
    method: delete
    uri: http://gamification-api.dev/v1//collections/205
    body:
      encoding: US-ASCII
      string: ''
    headers:
      User-Agent:
      - Faraday v0.9.1
      Authorization:
      - Token token="c9cde524238644fa93393159e5e9ad87"
      Accept-Encoding:
      - gzip;q=1.0,deflate;q=0.6,identity;q=0.3
      Accept:
      - "*/*"
  response:
    status:
      code: 200
      message: OK
    headers:
      X-Frame-Options:
      - SAMEORIGIN
      X-Xss-Protection:
      - 1; mode=block
      X-Content-Type-Options:
      - nosniff
      Content-Type:
      - application/json; charset=utf-8
      Etag:
      - '"d31ff1670683e9d8079a00889af0766a"'
      Cache-Control:
      - max-age=0, private, must-revalidate
      X-Request-Id:
      - 4dceb229-ca65-465c-b2c1-ec35e9bb856e
      X-Runtime:
      - '0.006452'
      Date:
      - Thu, 09 Apr 2015 14:39:20 GMT
      Connection:
      - close
    body:
      encoding: UTF-8
      string: '{"id":205,"name":"Create Collection for Destroy","description":"This
        is a new badge","created_at":"2015-04-09T14:39:20.122Z","updated_at":"2015-04-09T14:39:20.122Z"}'
    http_version: 
  recorded_at: Thu, 09 Apr 2015 14:39:20 GMT
- request:
    method: get
    uri: http://gamification-api.dev/v1//collections/205
    body:
      encoding: US-ASCII
      string: ''
    headers:
      User-Agent:
      - Faraday v0.9.1
      Authorization:
      - Token token="c9cde524238644fa93393159e5e9ad87"
      Accept-Encoding:
      - gzip;q=1.0,deflate;q=0.6,identity;q=0.3
      Accept:
      - "*/*"
  response:
    status:
      code: 404
      message: Not Found
    headers:
      X-Frame-Options:
      - SAMEORIGIN
      X-Xss-Protection:
      - 1; mode=block
      X-Content-Type-Options:
      - nosniff
      Content-Type:
      - application/json; charset=utf-8
      Cache-Control:
      - no-cache
      X-Request-Id:
      - 148ff5a0-b743-4ea5-a0ce-3706774d62f0
      X-Runtime:
      - '0.010898'
      Date:
      - Thu, 09 Apr 2015 14:39:20 GMT
      Connection:
      - close
    body:
      encoding: UTF-8
      string: '{"error":{"type":"invalid_request_error","message":"No collection exists
        with id: 205","status":404}}'
    http_version: 
  recorded_at: Thu, 09 Apr 2015 14:39:20 GMT
- request:
    method: delete
    uri: http://gamification-api.dev/v1//collections/211
    body:
      encoding: US-ASCII
      string: ''
    headers:
      User-Agent:
      - Faraday v0.9.1
      Authorization:
      - Token token="c9cde524238644fa93393159e5e9ad87"
      Accept-Encoding:
      - gzip;q=1.0,deflate;q=0.6,identity;q=0.3
      Accept:
      - "*/*"
  response:
    status:
      code: 200
      message: OK
    headers:
      X-Frame-Options:
      - SAMEORIGIN
      X-Xss-Protection:
      - 1; mode=block
      X-Content-Type-Options:
      - nosniff
      Content-Type:
      - application/json; charset=utf-8
      Etag:
      - '"28fb7af5298344ece5c6256471fb6daf"'
      Cache-Control:
      - max-age=0, private, must-revalidate
      X-Request-Id:
      - be05e7c1-c227-4258-9c01-9ba04295b3d5
      X-Runtime:
      - '0.006526'
      Date:
      - Thu, 09 Apr 2015 14:40:33 GMT
      Connection:
      - close
    body:
      encoding: UTF-8
      string: '{"id":211,"name":"Create Collection for Destroy","description":"This
        is a new badge","created_at":"2015-04-09T14:40:33.809Z","updated_at":"2015-04-09T14:40:33.809Z"}'
    http_version: 
  recorded_at: Thu, 09 Apr 2015 14:40:33 GMT
- request:
    method: get
    uri: http://gamification-api.dev/v1//collections/211
    body:
      encoding: US-ASCII
      string: ''
    headers:
      User-Agent:
      - Faraday v0.9.1
      Authorization:
      - Token token="c9cde524238644fa93393159e5e9ad87"
      Accept-Encoding:
      - gzip;q=1.0,deflate;q=0.6,identity;q=0.3
      Accept:
      - "*/*"
  response:
    status:
      code: 404
      message: Not Found
    headers:
      X-Frame-Options:
      - SAMEORIGIN
      X-Xss-Protection:
      - 1; mode=block
      X-Content-Type-Options:
      - nosniff
      Content-Type:
      - application/json; charset=utf-8
      Cache-Control:
      - no-cache
      X-Request-Id:
      - f6cb92db-a0bf-44d9-b987-ff84c588937f
      X-Runtime:
      - '0.004009'
      Date:
      - Thu, 09 Apr 2015 14:40:33 GMT
      Connection:
      - close
    body:
      encoding: UTF-8
      string: '{"error":{"type":"invalid_request_error","message":"No collection exists
        with id: 211","status":404}}'
    http_version: 
  recorded_at: Thu, 09 Apr 2015 14:40:33 GMT
- request:
    method: delete
    uri: http://gamification-api.dev/v1//collections/217
    body:
      encoding: US-ASCII
      string: ''
    headers:
      User-Agent:
      - Faraday v0.9.1
      Authorization:
      - Token token="c9cde524238644fa93393159e5e9ad87"
      Accept-Encoding:
      - gzip;q=1.0,deflate;q=0.6,identity;q=0.3
      Accept:
      - "*/*"
  response:
    status:
      code: 200
      message: OK
    headers:
      X-Frame-Options:
      - SAMEORIGIN
      X-Xss-Protection:
      - 1; mode=block
      X-Content-Type-Options:
      - nosniff
      Content-Type:
      - application/json; charset=utf-8
      Etag:
      - '"3e629effcc1b3dfcc6976be4e0f2a484"'
      Cache-Control:
      - max-age=0, private, must-revalidate
      X-Request-Id:
      - 008eddef-02a0-4892-acc5-c887aa7d3c09
      X-Runtime:
      - '0.007010'
      Date:
      - Thu, 09 Apr 2015 14:41:20 GMT
      Connection:
      - close
    body:
      encoding: UTF-8
      string: '{"id":217,"name":"Create Collection for Destroy","description":"This
        is a new badge","created_at":"2015-04-09T14:41:20.822Z","updated_at":"2015-04-09T14:41:20.822Z"}'
    http_version: 
  recorded_at: Thu, 09 Apr 2015 14:41:20 GMT
- request:
    method: get
    uri: http://gamification-api.dev/v1//collections/217
    body:
      encoding: US-ASCII
      string: ''
    headers:
      User-Agent:
      - Faraday v0.9.1
      Authorization:
      - Token token="c9cde524238644fa93393159e5e9ad87"
      Accept-Encoding:
      - gzip;q=1.0,deflate;q=0.6,identity;q=0.3
      Accept:
      - "*/*"
  response:
    status:
      code: 404
      message: Not Found
    headers:
      X-Frame-Options:
      - SAMEORIGIN
      X-Xss-Protection:
      - 1; mode=block
      X-Content-Type-Options:
      - nosniff
      Content-Type:
      - application/json; charset=utf-8
      Cache-Control:
      - no-cache
      X-Request-Id:
      - c944d36f-2494-48f2-b875-ac84e40f5907
      X-Runtime:
      - '0.009297'
      Date:
      - Thu, 09 Apr 2015 14:41:20 GMT
      Connection:
      - close
    body:
      encoding: UTF-8
      string: '{"error":{"type":"invalid_request_error","message":"No collection exists
        with id: 217","status":404}}'
    http_version: 
  recorded_at: Thu, 09 Apr 2015 14:41:20 GMT
- request:
    method: delete
    uri: http://gamification-api.dev/v1//collections/223
    body:
      encoding: US-ASCII
      string: ''
    headers:
      User-Agent:
      - Faraday v0.9.1
      Authorization:
      - Token token="c9cde524238644fa93393159e5e9ad87"
      Accept-Encoding:
      - gzip;q=1.0,deflate;q=0.6,identity;q=0.3
      Accept:
      - "*/*"
  response:
    status:
      code: 200
      message: OK
    headers:
      X-Frame-Options:
      - SAMEORIGIN
      X-Xss-Protection:
      - 1; mode=block
      X-Content-Type-Options:
      - nosniff
      Content-Type:
      - application/json; charset=utf-8
      Etag:
      - '"be2fdcc4fa2b3b5c0f97ad87cbca8e20"'
      Cache-Control:
      - max-age=0, private, must-revalidate
      X-Request-Id:
      - 57c57ba6-8b4b-4706-b6da-59fd4c9fc390
      X-Runtime:
      - '0.006893'
      Date:
      - Thu, 09 Apr 2015 14:41:36 GMT
      Connection:
      - close
    body:
      encoding: UTF-8
      string: '{"id":223,"name":"Create Collection for Destroy","description":"This
        is a new badge","created_at":"2015-04-09T14:41:36.657Z","updated_at":"2015-04-09T14:41:36.657Z"}'
    http_version: 
  recorded_at: Thu, 09 Apr 2015 14:41:36 GMT
- request:
    method: get
    uri: http://gamification-api.dev/v1//collections/223
    body:
      encoding: US-ASCII
      string: ''
    headers:
      User-Agent:
      - Faraday v0.9.1
      Authorization:
      - Token token="c9cde524238644fa93393159e5e9ad87"
      Accept-Encoding:
      - gzip;q=1.0,deflate;q=0.6,identity;q=0.3
      Accept:
      - "*/*"
  response:
    status:
      code: 404
      message: Not Found
    headers:
      X-Frame-Options:
      - SAMEORIGIN
      X-Xss-Protection:
      - 1; mode=block
      X-Content-Type-Options:
      - nosniff
      Content-Type:
      - application/json; charset=utf-8
      Cache-Control:
      - no-cache
      X-Request-Id:
      - 832eaa71-00ac-4d66-b090-b3e5d5ac5810
      X-Runtime:
      - '0.004273'
      Date:
      - Thu, 09 Apr 2015 14:41:36 GMT
      Connection:
      - close
    body:
      encoding: UTF-8
      string: '{"error":{"type":"invalid_request_error","message":"No collection exists
        with id: 223","status":404}}'
    http_version: 
  recorded_at: Thu, 09 Apr 2015 14:41:36 GMT
- request:
    method: delete
    uri: http://gamification-api.dev/v1//collections/229
    body:
      encoding: US-ASCII
      string: ''
    headers:
      User-Agent:
      - Faraday v0.9.1
      Authorization:
      - Token token="c9cde524238644fa93393159e5e9ad87"
      Accept-Encoding:
      - gzip;q=1.0,deflate;q=0.6,identity;q=0.3
      Accept:
      - "*/*"
  response:
    status:
      code: 200
      message: OK
    headers:
      X-Frame-Options:
      - SAMEORIGIN
      X-Xss-Protection:
      - 1; mode=block
      X-Content-Type-Options:
      - nosniff
      Content-Type:
      - application/json; charset=utf-8
      Etag:
      - '"a3a3e6d4f906c191b15fd47faaf9af76"'
      Cache-Control:
      - max-age=0, private, must-revalidate
      X-Request-Id:
      - 09bc2d9e-35bf-4910-9c63-99a47a5a4645
      X-Runtime:
      - '0.009393'
      Date:
      - Thu, 09 Apr 2015 14:42:08 GMT
      Connection:
      - close
    body:
      encoding: UTF-8
      string: '{"id":229,"name":"Create Collection for Destroy","description":"This
        is a new badge","created_at":"2015-04-09T14:42:08.507Z","updated_at":"2015-04-09T14:42:08.507Z"}'
    http_version: 
  recorded_at: Thu, 09 Apr 2015 14:42:08 GMT
- request:
    method: get
    uri: http://gamification-api.dev/v1//collections/229
    body:
      encoding: US-ASCII
      string: ''
    headers:
      User-Agent:
      - Faraday v0.9.1
      Authorization:
      - Token token="c9cde524238644fa93393159e5e9ad87"
      Accept-Encoding:
      - gzip;q=1.0,deflate;q=0.6,identity;q=0.3
      Accept:
      - "*/*"
  response:
    status:
      code: 404
      message: Not Found
    headers:
      X-Frame-Options:
      - SAMEORIGIN
      X-Xss-Protection:
      - 1; mode=block
      X-Content-Type-Options:
      - nosniff
      Content-Type:
      - application/json; charset=utf-8
      Cache-Control:
      - no-cache
      X-Request-Id:
      - 74cca4bd-7f32-45ae-80dc-89c3aaa6868f
      X-Runtime:
      - '0.004217'
      Date:
      - Thu, 09 Apr 2015 14:42:08 GMT
      Connection:
      - close
    body:
      encoding: UTF-8
      string: '{"error":{"type":"invalid_request_error","message":"No collection exists
        with id: 229","status":404}}'
    http_version: 
  recorded_at: Thu, 09 Apr 2015 14:42:08 GMT
- request:
    method: delete
    uri: http://gamification-api.dev/v1//collections/235
    body:
      encoding: US-ASCII
      string: ''
    headers:
      User-Agent:
      - Faraday v0.9.1
      Authorization:
      - Token token="c9cde524238644fa93393159e5e9ad87"
      Accept-Encoding:
      - gzip;q=1.0,deflate;q=0.6,identity;q=0.3
      Accept:
      - "*/*"
  response:
    status:
      code: 200
      message: OK
    headers:
      X-Frame-Options:
      - SAMEORIGIN
      X-Xss-Protection:
      - 1; mode=block
      X-Content-Type-Options:
      - nosniff
      Content-Type:
      - application/json; charset=utf-8
      Etag:
      - '"e8cea93aa1563a5b7b269d4fc51e628a"'
      Cache-Control:
      - max-age=0, private, must-revalidate
      X-Request-Id:
      - 13b57096-4809-498e-8d15-459e2af762d0
      X-Runtime:
      - '0.009079'
      Date:
      - Thu, 09 Apr 2015 14:42:47 GMT
      Connection:
      - close
    body:
      encoding: UTF-8
      string: '{"id":235,"name":"Create Collection for Destroy","description":"This
        is a new badge","created_at":"2015-04-09T14:42:47.029Z","updated_at":"2015-04-09T14:42:47.029Z"}'
    http_version: 
  recorded_at: Thu, 09 Apr 2015 14:42:47 GMT
- request:
    method: get
    uri: http://gamification-api.dev/v1//collections/235
    body:
      encoding: US-ASCII
      string: ''
    headers:
      User-Agent:
      - Faraday v0.9.1
      Authorization:
      - Token token="c9cde524238644fa93393159e5e9ad87"
      Accept-Encoding:
      - gzip;q=1.0,deflate;q=0.6,identity;q=0.3
      Accept:
      - "*/*"
  response:
    status:
      code: 404
      message: Not Found
    headers:
      X-Frame-Options:
      - SAMEORIGIN
      X-Xss-Protection:
      - 1; mode=block
      X-Content-Type-Options:
      - nosniff
      Content-Type:
      - application/json; charset=utf-8
      Cache-Control:
      - no-cache
      X-Request-Id:
      - 15ef3a4c-0b2f-41bd-a905-d434dffeb72f
      X-Runtime:
      - '0.004093'
      Date:
      - Thu, 09 Apr 2015 14:42:47 GMT
      Connection:
      - close
    body:
      encoding: UTF-8
      string: '{"error":{"type":"invalid_request_error","message":"No collection exists
        with id: 235","status":404}}'
    http_version: 
  recorded_at: Thu, 09 Apr 2015 14:42:47 GMT
- request:
    method: delete
    uri: http://gamification-api.dev/v1//collections/241
    body:
      encoding: US-ASCII
      string: ''
    headers:
      User-Agent:
      - Faraday v0.9.1
      Authorization:
      - Token token="c9cde524238644fa93393159e5e9ad87"
      Accept-Encoding:
      - gzip;q=1.0,deflate;q=0.6,identity;q=0.3
      Accept:
      - "*/*"
  response:
    status:
      code: 200
      message: OK
    headers:
      X-Frame-Options:
      - SAMEORIGIN
      X-Xss-Protection:
      - 1; mode=block
      X-Content-Type-Options:
      - nosniff
      Content-Type:
      - application/json; charset=utf-8
      Etag:
      - '"40e9f263ff0e49edf8078451881fe979"'
      Cache-Control:
      - max-age=0, private, must-revalidate
      X-Request-Id:
      - 7731ed15-e332-4fff-b26c-452ade1c7e5d
      X-Runtime:
      - '0.006086'
      Date:
      - Thu, 09 Apr 2015 14:44:16 GMT
      Connection:
      - close
    body:
      encoding: UTF-8
      string: '{"id":241,"name":"Create Collection for Destroy","description":"This
        is a new badge","created_at":"2015-04-09T14:44:16.087Z","updated_at":"2015-04-09T14:44:16.087Z"}'
    http_version: 
  recorded_at: Thu, 09 Apr 2015 14:44:16 GMT
- request:
    method: get
    uri: http://gamification-api.dev/v1//collections/241
    body:
      encoding: US-ASCII
      string: ''
    headers:
      User-Agent:
      - Faraday v0.9.1
      Authorization:
      - Token token="c9cde524238644fa93393159e5e9ad87"
      Accept-Encoding:
      - gzip;q=1.0,deflate;q=0.6,identity;q=0.3
      Accept:
      - "*/*"
  response:
    status:
      code: 404
      message: Not Found
    headers:
      X-Frame-Options:
      - SAMEORIGIN
      X-Xss-Protection:
      - 1; mode=block
      X-Content-Type-Options:
      - nosniff
      Content-Type:
      - application/json; charset=utf-8
      Cache-Control:
      - no-cache
      X-Request-Id:
      - f0fc51f7-7518-415b-9851-77200e523313
      X-Runtime:
      - '0.005140'
      Date:
      - Thu, 09 Apr 2015 14:44:16 GMT
      Connection:
      - close
    body:
      encoding: UTF-8
      string: '{"error":{"type":"invalid_request_error","message":"No collection exists
        with id: 241","status":404}}'
    http_version: 
  recorded_at: Thu, 09 Apr 2015 14:44:16 GMT
- request:
    method: delete
    uri: http://gamification-api.dev/v1//collections/247
    body:
      encoding: US-ASCII
      string: ''
    headers:
      User-Agent:
      - Faraday v0.9.1
      Authorization:
      - Token token="c9cde524238644fa93393159e5e9ad87"
      Accept-Encoding:
      - gzip;q=1.0,deflate;q=0.6,identity;q=0.3
      Accept:
      - "*/*"
  response:
    status:
      code: 200
      message: OK
    headers:
      X-Frame-Options:
      - SAMEORIGIN
      X-Xss-Protection:
      - 1; mode=block
      X-Content-Type-Options:
      - nosniff
      Content-Type:
      - application/json; charset=utf-8
      Etag:
      - '"65138f898056da2b05c9e0562c0b049e"'
      Cache-Control:
      - max-age=0, private, must-revalidate
      X-Request-Id:
      - 80ded767-67ab-4f3f-bbe3-9ddc9927e3e1
      X-Runtime:
      - '0.006722'
      Date:
      - Thu, 09 Apr 2015 14:45:58 GMT
      Connection:
      - close
    body:
      encoding: UTF-8
      string: '{"id":247,"name":"Create Collection for Destroy","description":"This
        is a new badge","created_at":"2015-04-09T14:45:58.613Z","updated_at":"2015-04-09T14:45:58.613Z"}'
    http_version: 
  recorded_at: Thu, 09 Apr 2015 14:45:58 GMT
- request:
    method: get
    uri: http://gamification-api.dev/v1//collections/247
    body:
      encoding: US-ASCII
      string: ''
    headers:
      User-Agent:
      - Faraday v0.9.1
      Authorization:
      - Token token="c9cde524238644fa93393159e5e9ad87"
      Accept-Encoding:
      - gzip;q=1.0,deflate;q=0.6,identity;q=0.3
      Accept:
      - "*/*"
  response:
    status:
      code: 404
      message: Not Found
    headers:
      X-Frame-Options:
      - SAMEORIGIN
      X-Xss-Protection:
      - 1; mode=block
      X-Content-Type-Options:
      - nosniff
      Content-Type:
      - application/json; charset=utf-8
      Cache-Control:
      - no-cache
      X-Request-Id:
      - 5f887423-46a7-4050-8918-0d25c52b8bdd
      X-Runtime:
      - '0.004682'
      Date:
      - Thu, 09 Apr 2015 14:45:58 GMT
      Connection:
      - close
    body:
      encoding: UTF-8
      string: '{"error":{"type":"invalid_request_error","message":"No collection exists
        with id: 247","status":404}}'
    http_version: 
  recorded_at: Thu, 09 Apr 2015 14:45:58 GMT
- request:
    method: delete
    uri: http://gamification-api.dev/v1//collections/253
    body:
      encoding: US-ASCII
      string: ''
    headers:
      User-Agent:
      - Faraday v0.9.1
      Authorization:
      - Token token="c9cde524238644fa93393159e5e9ad87"
      Accept-Encoding:
      - gzip;q=1.0,deflate;q=0.6,identity;q=0.3
      Accept:
      - "*/*"
  response:
    status:
      code: 200
      message: OK
    headers:
      X-Frame-Options:
      - SAMEORIGIN
      X-Xss-Protection:
      - 1; mode=block
      X-Content-Type-Options:
      - nosniff
      Content-Type:
      - application/json; charset=utf-8
      Etag:
      - '"e1cb9fbe7444fccf8d293d0b9b6c6691"'
      Cache-Control:
      - max-age=0, private, must-revalidate
      X-Request-Id:
      - 6275b4f8-395a-4a75-b336-2de54c563376
      X-Runtime:
      - '0.008293'
      Date:
      - Thu, 09 Apr 2015 14:47:27 GMT
      Connection:
      - close
    body:
      encoding: UTF-8
      string: '{"id":253,"name":"Create Collection for Destroy","description":"This
        is a new badge","created_at":"2015-04-09T14:47:27.099Z","updated_at":"2015-04-09T14:47:27.099Z"}'
    http_version: 
  recorded_at: Thu, 09 Apr 2015 14:47:27 GMT
- request:
    method: get
    uri: http://gamification-api.dev/v1//collections/253
    body:
      encoding: US-ASCII
      string: ''
    headers:
      User-Agent:
      - Faraday v0.9.1
      Authorization:
      - Token token="c9cde524238644fa93393159e5e9ad87"
      Accept-Encoding:
      - gzip;q=1.0,deflate;q=0.6,identity;q=0.3
      Accept:
      - "*/*"
  response:
    status:
      code: 404
      message: Not Found
    headers:
      X-Frame-Options:
      - SAMEORIGIN
      X-Xss-Protection:
      - 1; mode=block
      X-Content-Type-Options:
      - nosniff
      Content-Type:
      - application/json; charset=utf-8
      Cache-Control:
      - no-cache
      X-Request-Id:
      - 5f8946cd-91ab-4627-b96c-4bc2ff4a9a92
      X-Runtime:
      - '0.005003'
      Date:
      - Thu, 09 Apr 2015 14:47:27 GMT
      Connection:
      - close
    body:
      encoding: UTF-8
      string: '{"error":{"type":"invalid_request_error","message":"No collection exists
        with id: 253","status":404}}'
    http_version: 
  recorded_at: Thu, 09 Apr 2015 14:47:27 GMT
- request:
    method: delete
    uri: http://gamification-api.dev/v1//collections/259
    body:
      encoding: US-ASCII
      string: ''
    headers:
      User-Agent:
      - Faraday v0.9.1
      Authorization:
      - Token token="c9cde524238644fa93393159e5e9ad87"
      Accept-Encoding:
      - gzip;q=1.0,deflate;q=0.6,identity;q=0.3
      Accept:
      - "*/*"
  response:
    status:
      code: 200
      message: OK
    headers:
      X-Frame-Options:
      - SAMEORIGIN
      X-Xss-Protection:
      - 1; mode=block
      X-Content-Type-Options:
      - nosniff
      Content-Type:
      - application/json; charset=utf-8
      Etag:
      - '"dd12b8fbd053a895fb240320dc6c5225"'
      Cache-Control:
      - max-age=0, private, must-revalidate
      X-Request-Id:
      - 647af9a1-127a-41b0-b304-82d705fda011
      X-Runtime:
      - '0.008753'
      Date:
      - Thu, 09 Apr 2015 14:48:09 GMT
      Connection:
      - close
    body:
      encoding: UTF-8
      string: '{"id":259,"name":"Create Collection for Destroy","description":"This
        is a new badge","created_at":"2015-04-09T14:48:09.886Z","updated_at":"2015-04-09T14:48:09.886Z"}'
    http_version: 
  recorded_at: Thu, 09 Apr 2015 14:48:09 GMT
- request:
    method: get
    uri: http://gamification-api.dev/v1//collections/259
    body:
      encoding: US-ASCII
      string: ''
    headers:
      User-Agent:
      - Faraday v0.9.1
      Authorization:
      - Token token="c9cde524238644fa93393159e5e9ad87"
      Accept-Encoding:
      - gzip;q=1.0,deflate;q=0.6,identity;q=0.3
      Accept:
      - "*/*"
  response:
    status:
      code: 404
      message: Not Found
    headers:
      X-Frame-Options:
      - SAMEORIGIN
      X-Xss-Protection:
      - 1; mode=block
      X-Content-Type-Options:
      - nosniff
      Content-Type:
      - application/json; charset=utf-8
      Cache-Control:
      - no-cache
      X-Request-Id:
      - bf46e411-2c7c-4868-aeee-d19b1af68f34
      X-Runtime:
      - '0.004135'
      Date:
      - Thu, 09 Apr 2015 14:48:09 GMT
      Connection:
      - close
    body:
      encoding: UTF-8
      string: '{"error":{"type":"invalid_request_error","message":"No collection exists
        with id: 259","status":404}}'
    http_version: 
  recorded_at: Thu, 09 Apr 2015 14:48:09 GMT
- request:
    method: delete
    uri: http://gamification-api.dev/v1//collections/265
    body:
      encoding: US-ASCII
      string: ''
    headers:
      User-Agent:
      - Faraday v0.9.1
      Authorization:
      - Token token="c9cde524238644fa93393159e5e9ad87"
      Accept-Encoding:
      - gzip;q=1.0,deflate;q=0.6,identity;q=0.3
      Accept:
      - "*/*"
  response:
    status:
      code: 200
      message: OK
    headers:
      X-Frame-Options:
      - SAMEORIGIN
      X-Xss-Protection:
      - 1; mode=block
      X-Content-Type-Options:
      - nosniff
      Content-Type:
      - application/json; charset=utf-8
      Etag:
      - '"bc686304c588c949a79917b0ea408234"'
      Cache-Control:
      - max-age=0, private, must-revalidate
      X-Request-Id:
      - 040e0515-a601-4848-9ac5-999a925e4269
      X-Runtime:
      - '0.011625'
      Date:
      - Thu, 09 Apr 2015 14:48:38 GMT
      Connection:
      - close
    body:
      encoding: UTF-8
      string: '{"id":265,"name":"Create Collection for Destroy","description":"This
        is a new badge","created_at":"2015-04-09T14:48:38.023Z","updated_at":"2015-04-09T14:48:38.023Z"}'
    http_version: 
  recorded_at: Thu, 09 Apr 2015 14:48:38 GMT
- request:
    method: get
    uri: http://gamification-api.dev/v1//collections/265
    body:
      encoding: US-ASCII
      string: ''
    headers:
      User-Agent:
      - Faraday v0.9.1
      Authorization:
      - Token token="c9cde524238644fa93393159e5e9ad87"
      Accept-Encoding:
      - gzip;q=1.0,deflate;q=0.6,identity;q=0.3
      Accept:
      - "*/*"
  response:
    status:
      code: 404
      message: Not Found
    headers:
      X-Frame-Options:
      - SAMEORIGIN
      X-Xss-Protection:
      - 1; mode=block
      X-Content-Type-Options:
      - nosniff
      Content-Type:
      - application/json; charset=utf-8
      Cache-Control:
      - no-cache
      X-Request-Id:
      - 30664f03-ccab-4ebb-883e-66325dc03191
      X-Runtime:
      - '0.004457'
      Date:
      - Thu, 09 Apr 2015 14:48:38 GMT
      Connection:
      - close
    body:
      encoding: UTF-8
      string: '{"error":{"type":"invalid_request_error","message":"No collection exists
        with id: 265","status":404}}'
    http_version: 
  recorded_at: Thu, 09 Apr 2015 14:48:38 GMT
- request:
    method: delete
    uri: http://gamification-api.dev/v1//collections/271
    body:
      encoding: US-ASCII
      string: ''
    headers:
      User-Agent:
      - Faraday v0.9.1
      Authorization:
      - Token token="c9cde524238644fa93393159e5e9ad87"
      Accept-Encoding:
      - gzip;q=1.0,deflate;q=0.6,identity;q=0.3
      Accept:
      - "*/*"
  response:
    status:
      code: 200
      message: OK
    headers:
      X-Frame-Options:
      - SAMEORIGIN
      X-Xss-Protection:
      - 1; mode=block
      X-Content-Type-Options:
      - nosniff
      Content-Type:
      - application/json; charset=utf-8
      Etag:
      - '"cd413ce6aece1657f5ad17d1b8461304"'
      Cache-Control:
      - max-age=0, private, must-revalidate
      X-Request-Id:
      - dc3e1b1d-bc20-4838-a53e-c656e50ff7c2
      X-Runtime:
      - '0.009581'
      Date:
      - Thu, 09 Apr 2015 14:58:37 GMT
      Connection:
      - close
    body:
      encoding: UTF-8
      string: '{"id":271,"name":"Create Collection for Destroy","description":"This
        is a new badge","created_at":"2015-04-09T14:58:36.987Z","updated_at":"2015-04-09T14:58:36.987Z"}'
    http_version: 
  recorded_at: Thu, 09 Apr 2015 14:58:37 GMT
- request:
    method: get
    uri: http://gamification-api.dev/v1//collections/271
    body:
      encoding: US-ASCII
      string: ''
    headers:
      User-Agent:
      - Faraday v0.9.1
      Authorization:
      - Token token="c9cde524238644fa93393159e5e9ad87"
      Accept-Encoding:
      - gzip;q=1.0,deflate;q=0.6,identity;q=0.3
      Accept:
      - "*/*"
  response:
    status:
      code: 404
      message: Not Found
    headers:
      X-Frame-Options:
      - SAMEORIGIN
      X-Xss-Protection:
      - 1; mode=block
      X-Content-Type-Options:
      - nosniff
      Content-Type:
      - application/json; charset=utf-8
      Cache-Control:
      - no-cache
      X-Request-Id:
      - 655f5868-4b60-4735-924d-9d5927bc8436
      X-Runtime:
      - '0.003668'
      Date:
      - Thu, 09 Apr 2015 14:58:37 GMT
      Connection:
      - close
    body:
      encoding: UTF-8
      string: '{"error":{"type":"invalid_request_error","message":"No collection exists
        with id: 271","status":404}}'
    http_version: 
  recorded_at: Thu, 09 Apr 2015 14:58:37 GMT
- request:
    method: delete
    uri: http://gamification-api.dev/v1//collections/277
    body:
      encoding: US-ASCII
      string: ''
    headers:
      User-Agent:
      - Faraday v0.9.1
      Authorization:
      - Token token="c9cde524238644fa93393159e5e9ad87"
      Accept-Encoding:
      - gzip;q=1.0,deflate;q=0.6,identity;q=0.3
      Accept:
      - "*/*"
  response:
    status:
      code: 200
      message: OK
    headers:
      X-Frame-Options:
      - SAMEORIGIN
      X-Xss-Protection:
      - 1; mode=block
      X-Content-Type-Options:
      - nosniff
      Content-Type:
      - application/json; charset=utf-8
      Etag:
      - '"d83ad20888d61d9d5a38dea4895cca89"'
      Cache-Control:
      - max-age=0, private, must-revalidate
      X-Request-Id:
      - 623ca107-2194-4f79-8b42-d5d1760a56e0
      X-Runtime:
      - '0.006707'
      Date:
      - Thu, 09 Apr 2015 14:59:16 GMT
      Connection:
      - close
    body:
      encoding: UTF-8
      string: '{"id":277,"name":"Create Collection for Destroy","description":"This
        is a new badge","created_at":"2015-04-09T14:59:16.347Z","updated_at":"2015-04-09T14:59:16.347Z"}'
    http_version: 
  recorded_at: Thu, 09 Apr 2015 14:59:16 GMT
- request:
    method: get
    uri: http://gamification-api.dev/v1//collections/277
    body:
      encoding: US-ASCII
      string: ''
    headers:
      User-Agent:
      - Faraday v0.9.1
      Authorization:
      - Token token="c9cde524238644fa93393159e5e9ad87"
      Accept-Encoding:
      - gzip;q=1.0,deflate;q=0.6,identity;q=0.3
      Accept:
      - "*/*"
  response:
    status:
      code: 404
      message: Not Found
    headers:
      X-Frame-Options:
      - SAMEORIGIN
      X-Xss-Protection:
      - 1; mode=block
      X-Content-Type-Options:
      - nosniff
      Content-Type:
      - application/json; charset=utf-8
      Cache-Control:
      - no-cache
      X-Request-Id:
      - f5387431-187f-43c7-b2f0-051d8aca6c4e
      X-Runtime:
      - '0.004556'
      Date:
      - Thu, 09 Apr 2015 14:59:16 GMT
      Connection:
      - close
    body:
      encoding: UTF-8
      string: '{"error":{"type":"invalid_request_error","message":"No collection exists
        with id: 277","status":404}}'
    http_version: 
  recorded_at: Thu, 09 Apr 2015 14:59:16 GMT
- request:
    method: delete
    uri: http://gamification-api.dev/v1//collections/283
    body:
      encoding: US-ASCII
      string: ''
    headers:
      User-Agent:
      - Faraday v0.9.1
      Authorization:
      - Token token="c9cde524238644fa93393159e5e9ad87"
      Accept-Encoding:
      - gzip;q=1.0,deflate;q=0.6,identity;q=0.3
      Accept:
      - "*/*"
  response:
    status:
      code: 200
      message: OK
    headers:
      X-Frame-Options:
      - SAMEORIGIN
      X-Xss-Protection:
      - 1; mode=block
      X-Content-Type-Options:
      - nosniff
      Content-Type:
      - application/json; charset=utf-8
      Etag:
      - '"05b4598356f8323aefc5a2c055cfa336"'
      Cache-Control:
      - max-age=0, private, must-revalidate
      X-Request-Id:
      - 57ec3561-d539-4591-beda-f9b48be7baa0
      X-Runtime:
      - '0.006520'
      Date:
      - Thu, 09 Apr 2015 14:59:48 GMT
      Connection:
      - close
    body:
      encoding: UTF-8
      string: '{"id":283,"name":"Create Collection for Destroy","description":"This
        is a new badge","created_at":"2015-04-09T14:59:48.720Z","updated_at":"2015-04-09T14:59:48.720Z"}'
    http_version: 
  recorded_at: Thu, 09 Apr 2015 14:59:48 GMT
- request:
    method: get
    uri: http://gamification-api.dev/v1//collections/283
    body:
      encoding: US-ASCII
      string: ''
    headers:
      User-Agent:
      - Faraday v0.9.1
      Authorization:
      - Token token="c9cde524238644fa93393159e5e9ad87"
      Accept-Encoding:
      - gzip;q=1.0,deflate;q=0.6,identity;q=0.3
      Accept:
      - "*/*"
  response:
    status:
      code: 404
      message: Not Found
    headers:
      X-Frame-Options:
      - SAMEORIGIN
      X-Xss-Protection:
      - 1; mode=block
      X-Content-Type-Options:
      - nosniff
      Content-Type:
      - application/json; charset=utf-8
      Cache-Control:
      - no-cache
      X-Request-Id:
      - 85fea7c8-99f6-4339-bc9a-be25853cf358
      X-Runtime:
      - '0.004838'
      Date:
      - Thu, 09 Apr 2015 14:59:48 GMT
      Connection:
      - close
    body:
      encoding: UTF-8
      string: '{"error":{"type":"invalid_request_error","message":"No collection exists
        with id: 283","status":404}}'
    http_version: 
  recorded_at: Thu, 09 Apr 2015 14:59:48 GMT
- request:
    method: delete
    uri: http://gamification-api.dev/v1//collections/288
    body:
      encoding: US-ASCII
      string: ''
    headers:
      User-Agent:
      - Faraday v0.9.1
      Authorization:
      - Token token="c9cde524238644fa93393159e5e9ad87"
      Accept-Encoding:
      - gzip;q=1.0,deflate;q=0.6,identity;q=0.3
      Accept:
      - "*/*"
  response:
    status:
      code: 200
      message: OK
    headers:
      X-Frame-Options:
      - SAMEORIGIN
      X-Xss-Protection:
      - 1; mode=block
      X-Content-Type-Options:
      - nosniff
      Content-Type:
      - application/json; charset=utf-8
      Etag:
      - '"eacff155ad63d0e3f98afeb2da3267b7"'
      Cache-Control:
      - max-age=0, private, must-revalidate
      X-Request-Id:
      - ff76d948-6ae6-4617-bab8-fdcb8c3983fc
      X-Runtime:
      - '0.023156'
      Date:
      - Thu, 09 Apr 2015 15:00:43 GMT
      Connection:
      - close
    body:
      encoding: UTF-8
      string: '{"id":288,"name":"Create Collection for Destroy","description":"This
        is a new badge","created_at":"2015-04-09T15:00:43.123Z","updated_at":"2015-04-09T15:00:43.123Z"}'
    http_version: 
  recorded_at: Thu, 09 Apr 2015 15:00:43 GMT
- request:
    method: get
    uri: http://gamification-api.dev/v1//collections/288
    body:
      encoding: US-ASCII
      string: ''
    headers:
      User-Agent:
      - Faraday v0.9.1
      Authorization:
      - Token token="c9cde524238644fa93393159e5e9ad87"
      Accept-Encoding:
      - gzip;q=1.0,deflate;q=0.6,identity;q=0.3
      Accept:
      - "*/*"
  response:
    status:
      code: 404
      message: Not Found
    headers:
      X-Frame-Options:
      - SAMEORIGIN
      X-Xss-Protection:
      - 1; mode=block
      X-Content-Type-Options:
      - nosniff
      Content-Type:
      - application/json; charset=utf-8
      Cache-Control:
      - no-cache
      X-Request-Id:
      - d365a21e-9fce-48af-9f3d-fc5cdf2d077b
      X-Runtime:
      - '0.004068'
      Date:
      - Thu, 09 Apr 2015 15:00:43 GMT
      Connection:
      - close
    body:
      encoding: UTF-8
      string: '{"error":{"type":"invalid_request_error","message":"No collection exists
        with id: 288","status":404}}'
    http_version: 
  recorded_at: Thu, 09 Apr 2015 15:00:43 GMT
- request:
    method: delete
    uri: http://gamification-api.dev/v1//collections/294
    body:
      encoding: US-ASCII
      string: ''
    headers:
      User-Agent:
      - Faraday v0.9.1
      Authorization:
      - Token token="c9cde524238644fa93393159e5e9ad87"
      Accept-Encoding:
      - gzip;q=1.0,deflate;q=0.6,identity;q=0.3
      Accept:
      - "*/*"
  response:
    status:
      code: 200
      message: OK
    headers:
      X-Frame-Options:
      - SAMEORIGIN
      X-Xss-Protection:
      - 1; mode=block
      X-Content-Type-Options:
      - nosniff
      Content-Type:
      - application/json; charset=utf-8
      Etag:
      - '"822840cb0da9933d71a34490dfb7d08f"'
      Cache-Control:
      - max-age=0, private, must-revalidate
      X-Request-Id:
      - 5270343f-1d0e-4155-a51a-ad9af9c17186
      X-Runtime:
      - '0.007251'
      Date:
      - Thu, 09 Apr 2015 15:01:36 GMT
      Connection:
      - close
    body:
      encoding: UTF-8
      string: '{"id":294,"name":"Create Collection for Destroy","description":"This
        is a new badge","created_at":"2015-04-09T15:01:36.597Z","updated_at":"2015-04-09T15:01:36.597Z"}'
    http_version: 
  recorded_at: Thu, 09 Apr 2015 15:01:36 GMT
- request:
    method: get
    uri: http://gamification-api.dev/v1//collections/294
    body:
      encoding: US-ASCII
      string: ''
    headers:
      User-Agent:
      - Faraday v0.9.1
      Authorization:
      - Token token="c9cde524238644fa93393159e5e9ad87"
      Accept-Encoding:
      - gzip;q=1.0,deflate;q=0.6,identity;q=0.3
      Accept:
      - "*/*"
  response:
    status:
      code: 404
      message: Not Found
    headers:
      X-Frame-Options:
      - SAMEORIGIN
      X-Xss-Protection:
      - 1; mode=block
      X-Content-Type-Options:
      - nosniff
      Content-Type:
      - application/json; charset=utf-8
      Cache-Control:
      - no-cache
      X-Request-Id:
      - 474b4e6f-18ed-416c-b824-e97567e93c3e
      X-Runtime:
      - '0.004381'
      Date:
      - Thu, 09 Apr 2015 15:01:36 GMT
      Connection:
      - close
    body:
      encoding: UTF-8
      string: '{"error":{"type":"invalid_request_error","message":"No collection exists
        with id: 294","status":404}}'
    http_version: 
  recorded_at: Thu, 09 Apr 2015 15:01:36 GMT
- request:
    method: delete
    uri: http://gamification-api.dev/v1//collections/300
    body:
      encoding: US-ASCII
      string: ''
    headers:
      User-Agent:
      - Faraday v0.9.1
      Authorization:
      - Token token="c9cde524238644fa93393159e5e9ad87"
      Accept-Encoding:
      - gzip;q=1.0,deflate;q=0.6,identity;q=0.3
      Accept:
      - "*/*"
  response:
    status:
      code: 200
      message: OK
    headers:
      X-Frame-Options:
      - SAMEORIGIN
      X-Xss-Protection:
      - 1; mode=block
      X-Content-Type-Options:
      - nosniff
      Content-Type:
      - application/json; charset=utf-8
      Etag:
      - '"5def39c03b8daa1813a8770c89a588c7"'
      Cache-Control:
      - max-age=0, private, must-revalidate
      X-Request-Id:
      - b974b08c-c27e-44ea-9f4c-533d28e0d3d4
      X-Runtime:
      - '0.006377'
      Date:
      - Thu, 09 Apr 2015 15:01:58 GMT
      Connection:
      - close
    body:
      encoding: UTF-8
      string: '{"id":300,"name":"Create Collection for Destroy","description":"This
        is a new badge","created_at":"2015-04-09T15:01:57.972Z","updated_at":"2015-04-09T15:01:57.972Z"}'
    http_version: 
  recorded_at: Thu, 09 Apr 2015 15:01:58 GMT
- request:
    method: get
    uri: http://gamification-api.dev/v1//collections/300
    body:
      encoding: US-ASCII
      string: ''
    headers:
      User-Agent:
      - Faraday v0.9.1
      Authorization:
      - Token token="c9cde524238644fa93393159e5e9ad87"
      Accept-Encoding:
      - gzip;q=1.0,deflate;q=0.6,identity;q=0.3
      Accept:
      - "*/*"
  response:
    status:
      code: 404
      message: Not Found
    headers:
      X-Frame-Options:
      - SAMEORIGIN
      X-Xss-Protection:
      - 1; mode=block
      X-Content-Type-Options:
      - nosniff
      Content-Type:
      - application/json; charset=utf-8
      Cache-Control:
      - no-cache
      X-Request-Id:
      - 2ece4c7d-0862-4aa4-9cc7-a84f5041dce9
      X-Runtime:
      - '0.004761'
      Date:
      - Thu, 09 Apr 2015 15:01:58 GMT
      Connection:
      - close
    body:
      encoding: UTF-8
      string: '{"error":{"type":"invalid_request_error","message":"No collection exists
        with id: 300","status":404}}'
    http_version: 
  recorded_at: Thu, 09 Apr 2015 15:01:58 GMT
- request:
    method: delete
    uri: http://gamification-api.dev/v1//collections/306
    body:
      encoding: US-ASCII
      string: ''
    headers:
      User-Agent:
      - Faraday v0.9.1
      Authorization:
      - Token token="c9cde524238644fa93393159e5e9ad87"
      Accept-Encoding:
      - gzip;q=1.0,deflate;q=0.6,identity;q=0.3
      Accept:
      - "*/*"
  response:
    status:
      code: 200
      message: OK
    headers:
      X-Frame-Options:
      - SAMEORIGIN
      X-Xss-Protection:
      - 1; mode=block
      X-Content-Type-Options:
      - nosniff
      Content-Type:
      - application/json; charset=utf-8
      Etag:
      - '"6b42ec43e5f4960e70e25ad2048c423b"'
      Cache-Control:
      - max-age=0, private, must-revalidate
      X-Request-Id:
      - 08d5cc6d-7b4f-452b-aadd-bf5f2121cd4c
      X-Runtime:
      - '0.006322'
      Date:
      - Thu, 09 Apr 2015 15:02:23 GMT
      Connection:
      - close
    body:
      encoding: UTF-8
      string: '{"id":306,"name":"Create Collection for Destroy","description":"This
        is a new badge","created_at":"2015-04-09T15:02:23.479Z","updated_at":"2015-04-09T15:02:23.479Z"}'
    http_version: 
  recorded_at: Thu, 09 Apr 2015 15:02:23 GMT
- request:
    method: get
    uri: http://gamification-api.dev/v1//collections/306
    body:
      encoding: US-ASCII
      string: ''
    headers:
      User-Agent:
      - Faraday v0.9.1
      Authorization:
      - Token token="c9cde524238644fa93393159e5e9ad87"
      Accept-Encoding:
      - gzip;q=1.0,deflate;q=0.6,identity;q=0.3
      Accept:
      - "*/*"
  response:
    status:
      code: 404
      message: Not Found
    headers:
      X-Frame-Options:
      - SAMEORIGIN
      X-Xss-Protection:
      - 1; mode=block
      X-Content-Type-Options:
      - nosniff
      Content-Type:
      - application/json; charset=utf-8
      Cache-Control:
      - no-cache
      X-Request-Id:
      - 38057c69-399e-4c1d-8ce1-6e0b0357491f
      X-Runtime:
      - '0.004647'
      Date:
      - Thu, 09 Apr 2015 15:02:23 GMT
      Connection:
      - close
    body:
      encoding: UTF-8
      string: '{"error":{"type":"invalid_request_error","message":"No collection exists
        with id: 306","status":404}}'
    http_version: 
  recorded_at: Thu, 09 Apr 2015 15:02:23 GMT
- request:
    method: delete
    uri: http://gamification-api.dev/v1//collections/308
    body:
      encoding: US-ASCII
      string: ''
    headers:
      User-Agent:
      - Faraday v0.9.1
      Authorization:
      - Token token="c9cde524238644fa93393159e5e9ad87"
      Accept-Encoding:
      - gzip;q=1.0,deflate;q=0.6,identity;q=0.3
      Accept:
      - "*/*"
  response:
    status:
      code: 200
      message: OK
    headers:
      X-Frame-Options:
      - SAMEORIGIN
      X-Xss-Protection:
      - 1; mode=block
      X-Content-Type-Options:
      - nosniff
      Content-Type:
      - application/json; charset=utf-8
      Etag:
      - '"bbcae62695198fc0455d3e4bab6aaa93"'
      Cache-Control:
      - max-age=0, private, must-revalidate
      X-Request-Id:
      - 3a7f41a2-3bfc-41a6-9d6d-1c052a1a35aa
      X-Runtime:
      - '0.006694'
      Date:
      - Thu, 09 Apr 2015 15:02:49 GMT
      Connection:
      - close
    body:
      encoding: UTF-8
      string: '{"id":308,"name":"Create Collection for Destroy","description":"This
        is a new badge","created_at":"2015-04-09T15:02:49.574Z","updated_at":"2015-04-09T15:02:49.574Z"}'
    http_version: 
  recorded_at: Thu, 09 Apr 2015 15:02:49 GMT
- request:
    method: get
    uri: http://gamification-api.dev/v1//collections/308
    body:
      encoding: US-ASCII
      string: ''
    headers:
      User-Agent:
      - Faraday v0.9.1
      Authorization:
      - Token token="c9cde524238644fa93393159e5e9ad87"
      Accept-Encoding:
      - gzip;q=1.0,deflate;q=0.6,identity;q=0.3
      Accept:
      - "*/*"
  response:
    status:
      code: 404
      message: Not Found
    headers:
      X-Frame-Options:
      - SAMEORIGIN
      X-Xss-Protection:
      - 1; mode=block
      X-Content-Type-Options:
      - nosniff
      Content-Type:
      - application/json; charset=utf-8
      Cache-Control:
      - no-cache
      X-Request-Id:
      - 9c642da8-4d5e-495c-9544-ccf31a81f668
      X-Runtime:
      - '0.004234'
      Date:
      - Thu, 09 Apr 2015 15:02:49 GMT
      Connection:
      - close
    body:
      encoding: UTF-8
      string: '{"error":{"type":"invalid_request_error","message":"No collection exists
        with id: 308","status":404}}'
    http_version: 
  recorded_at: Thu, 09 Apr 2015 15:02:49 GMT
- request:
    method: delete
    uri: http://gamification-api.dev/v1//collections/314
    body:
      encoding: US-ASCII
      string: ''
    headers:
      User-Agent:
      - Faraday v0.9.1
      Authorization:
      - Token token="c9cde524238644fa93393159e5e9ad87"
      Accept-Encoding:
      - gzip;q=1.0,deflate;q=0.6,identity;q=0.3
      Accept:
      - "*/*"
  response:
    status:
      code: 200
      message: OK
    headers:
      X-Frame-Options:
      - SAMEORIGIN
      X-Xss-Protection:
      - 1; mode=block
      X-Content-Type-Options:
      - nosniff
      Content-Type:
      - application/json; charset=utf-8
      Etag:
      - '"4696a3c743251b1574c9d46b85483e98"'
      Cache-Control:
      - max-age=0, private, must-revalidate
      X-Request-Id:
      - 2c16f559-92a2-45cf-b360-343267aeee73
      X-Runtime:
      - '0.007387'
      Date:
      - Thu, 09 Apr 2015 15:03:33 GMT
      Connection:
      - close
    body:
      encoding: UTF-8
      string: '{"id":314,"name":"Create Collection for Destroy","description":"This
        is a new badge","created_at":"2015-04-09T15:03:33.252Z","updated_at":"2015-04-09T15:03:33.252Z"}'
    http_version: 
  recorded_at: Thu, 09 Apr 2015 15:03:33 GMT
- request:
    method: get
    uri: http://gamification-api.dev/v1//collections/314
    body:
      encoding: US-ASCII
      string: ''
    headers:
      User-Agent:
      - Faraday v0.9.1
      Authorization:
      - Token token="c9cde524238644fa93393159e5e9ad87"
      Accept-Encoding:
      - gzip;q=1.0,deflate;q=0.6,identity;q=0.3
      Accept:
      - "*/*"
  response:
    status:
      code: 404
      message: Not Found
    headers:
      X-Frame-Options:
      - SAMEORIGIN
      X-Xss-Protection:
      - 1; mode=block
      X-Content-Type-Options:
      - nosniff
      Content-Type:
      - application/json; charset=utf-8
      Cache-Control:
      - no-cache
      X-Request-Id:
      - 99834ee1-93bd-4736-b8ac-b7b68b448a0e
      X-Runtime:
      - '0.003771'
      Date:
      - Thu, 09 Apr 2015 15:03:33 GMT
      Connection:
      - close
    body:
      encoding: UTF-8
      string: '{"error":{"type":"invalid_request_error","message":"No collection exists
        with id: 314","status":404}}'
    http_version: 
  recorded_at: Thu, 09 Apr 2015 15:03:33 GMT
- request:
    method: delete
    uri: http://gamification-api.dev/v1//collections/320
    body:
      encoding: US-ASCII
      string: ''
    headers:
      User-Agent:
      - Faraday v0.9.1
      Authorization:
      - Token token="c9cde524238644fa93393159e5e9ad87"
      Accept-Encoding:
      - gzip;q=1.0,deflate;q=0.6,identity;q=0.3
      Accept:
      - "*/*"
  response:
    status:
      code: 200
      message: OK
    headers:
      X-Frame-Options:
      - SAMEORIGIN
      X-Xss-Protection:
      - 1; mode=block
      X-Content-Type-Options:
      - nosniff
      Content-Type:
      - application/json; charset=utf-8
      Etag:
      - '"f8256dd45f8d8e082dc68d408402bf6a"'
      Cache-Control:
      - max-age=0, private, must-revalidate
      X-Request-Id:
      - 321c97bd-99ab-4aa7-b0b4-2245e379ec15
      X-Runtime:
      - '0.009532'
      Date:
      - Thu, 09 Apr 2015 15:04:35 GMT
      Connection:
      - close
    body:
      encoding: UTF-8
      string: '{"id":320,"name":"Create Collection for Destroy","description":"This
        is a new badge","created_at":"2015-04-09T15:04:35.179Z","updated_at":"2015-04-09T15:04:35.179Z"}'
    http_version: 
  recorded_at: Thu, 09 Apr 2015 15:04:35 GMT
- request:
    method: get
    uri: http://gamification-api.dev/v1//collections/320
    body:
      encoding: US-ASCII
      string: ''
    headers:
      User-Agent:
      - Faraday v0.9.1
      Authorization:
      - Token token="c9cde524238644fa93393159e5e9ad87"
      Accept-Encoding:
      - gzip;q=1.0,deflate;q=0.6,identity;q=0.3
      Accept:
      - "*/*"
  response:
    status:
      code: 404
      message: Not Found
    headers:
      X-Frame-Options:
      - SAMEORIGIN
      X-Xss-Protection:
      - 1; mode=block
      X-Content-Type-Options:
      - nosniff
      Content-Type:
      - application/json; charset=utf-8
      Cache-Control:
      - no-cache
      X-Request-Id:
      - 4f6d01fe-865a-487f-ab69-286a119b725a
      X-Runtime:
      - '0.004107'
      Date:
      - Thu, 09 Apr 2015 15:04:35 GMT
      Connection:
      - close
    body:
      encoding: UTF-8
      string: '{"error":{"type":"invalid_request_error","message":"No collection exists
        with id: 320","status":404}}'
    http_version: 
  recorded_at: Thu, 09 Apr 2015 15:04:35 GMT
- request:
    method: delete
    uri: http://gamification-api.dev/v1//collections/326
    body:
      encoding: US-ASCII
      string: ''
    headers:
      User-Agent:
      - Faraday v0.9.1
      Authorization:
      - Token token="c9cde524238644fa93393159e5e9ad87"
      Accept-Encoding:
      - gzip;q=1.0,deflate;q=0.6,identity;q=0.3
      Accept:
      - "*/*"
  response:
    status:
      code: 200
      message: OK
    headers:
      X-Frame-Options:
      - SAMEORIGIN
      X-Xss-Protection:
      - 1; mode=block
      X-Content-Type-Options:
      - nosniff
      Content-Type:
      - application/json; charset=utf-8
      Etag:
      - '"f5ef2fb6f3ddd56478af3d9b880e762e"'
      Cache-Control:
      - max-age=0, private, must-revalidate
      X-Request-Id:
      - 310a664e-d023-4cb3-a7be-564205b875d2
      X-Runtime:
      - '0.006533'
      Date:
      - Thu, 09 Apr 2015 15:05:41 GMT
      Connection:
      - close
    body:
      encoding: UTF-8
      string: '{"id":326,"name":"Create Collection for Destroy","description":"This
        is a new badge","created_at":"2015-04-09T15:05:40.995Z","updated_at":"2015-04-09T15:05:40.995Z"}'
    http_version: 
  recorded_at: Thu, 09 Apr 2015 15:05:41 GMT
- request:
    method: get
    uri: http://gamification-api.dev/v1//collections/326
    body:
      encoding: US-ASCII
      string: ''
    headers:
      User-Agent:
      - Faraday v0.9.1
      Authorization:
      - Token token="c9cde524238644fa93393159e5e9ad87"
      Accept-Encoding:
      - gzip;q=1.0,deflate;q=0.6,identity;q=0.3
      Accept:
      - "*/*"
  response:
    status:
      code: 404
      message: Not Found
    headers:
      X-Frame-Options:
      - SAMEORIGIN
      X-Xss-Protection:
      - 1; mode=block
      X-Content-Type-Options:
      - nosniff
      Content-Type:
      - application/json; charset=utf-8
      Cache-Control:
      - no-cache
      X-Request-Id:
      - cafe35e2-12f8-4fef-bccb-155403119cba
      X-Runtime:
      - '0.003855'
      Date:
      - Thu, 09 Apr 2015 15:05:41 GMT
      Connection:
      - close
    body:
      encoding: UTF-8
      string: '{"error":{"type":"invalid_request_error","message":"No collection exists
        with id: 326","status":404}}'
    http_version: 
  recorded_at: Thu, 09 Apr 2015 15:05:41 GMT
- request:
    method: delete
    uri: http://gamification-api.dev/v1//collections/332
    body:
      encoding: US-ASCII
      string: ''
    headers:
      User-Agent:
      - Faraday v0.9.1
      Authorization:
      - Token token="c9cde524238644fa93393159e5e9ad87"
      Accept-Encoding:
      - gzip;q=1.0,deflate;q=0.6,identity;q=0.3
      Accept:
      - "*/*"
  response:
    status:
      code: 200
      message: OK
    headers:
      X-Frame-Options:
      - SAMEORIGIN
      X-Xss-Protection:
      - 1; mode=block
      X-Content-Type-Options:
      - nosniff
      Content-Type:
      - application/json; charset=utf-8
      Etag:
      - '"37eac554d95af5a8a1890347178e5d4a"'
      Cache-Control:
      - max-age=0, private, must-revalidate
      X-Request-Id:
      - 4d9282ed-700a-423a-9cd7-967a7a276cb4
      X-Runtime:
      - '0.006552'
      Date:
      - Thu, 09 Apr 2015 15:06:42 GMT
      Connection:
      - close
    body:
      encoding: UTF-8
      string: '{"id":332,"name":"Create Collection for Destroy","description":"This
        is a new badge","created_at":"2015-04-09T15:06:42.809Z","updated_at":"2015-04-09T15:06:42.809Z"}'
    http_version: 
  recorded_at: Thu, 09 Apr 2015 15:06:42 GMT
- request:
    method: get
    uri: http://gamification-api.dev/v1//collections/332
    body:
      encoding: US-ASCII
      string: ''
    headers:
      User-Agent:
      - Faraday v0.9.1
      Authorization:
      - Token token="c9cde524238644fa93393159e5e9ad87"
      Accept-Encoding:
      - gzip;q=1.0,deflate;q=0.6,identity;q=0.3
      Accept:
      - "*/*"
  response:
    status:
      code: 404
      message: Not Found
    headers:
      X-Frame-Options:
      - SAMEORIGIN
      X-Xss-Protection:
      - 1; mode=block
      X-Content-Type-Options:
      - nosniff
      Content-Type:
      - application/json; charset=utf-8
      Cache-Control:
      - no-cache
      X-Request-Id:
      - 88b6e857-425a-44cc-90e9-e0568c491946
      X-Runtime:
      - '0.004048'
      Date:
      - Thu, 09 Apr 2015 15:06:42 GMT
      Connection:
      - close
    body:
      encoding: UTF-8
      string: '{"error":{"type":"invalid_request_error","message":"No collection exists
        with id: 332","status":404}}'
    http_version: 
  recorded_at: Thu, 09 Apr 2015 15:06:42 GMT
- request:
    method: delete
    uri: http://gamification-api.dev/v1//collections/338
    body:
      encoding: US-ASCII
      string: ''
    headers:
      User-Agent:
      - Faraday v0.9.1
      Authorization:
      - Token token="c9cde524238644fa93393159e5e9ad87"
      Accept-Encoding:
      - gzip;q=1.0,deflate;q=0.6,identity;q=0.3
      Accept:
      - "*/*"
  response:
    status:
      code: 200
      message: OK
    headers:
      X-Frame-Options:
      - SAMEORIGIN
      X-Xss-Protection:
      - 1; mode=block
      X-Content-Type-Options:
      - nosniff
      Content-Type:
      - application/json; charset=utf-8
      Etag:
      - '"8606c265fd9df12aa9eced6ab64356c5"'
      Cache-Control:
      - max-age=0, private, must-revalidate
      X-Request-Id:
      - 9cf0a154-a441-4892-9c16-672b77a84b5f
      X-Runtime:
      - '0.007634'
      Date:
      - Thu, 09 Apr 2015 15:07:11 GMT
      Connection:
      - close
    body:
      encoding: UTF-8
      string: '{"id":338,"name":"Create Collection for Destroy","description":"This
        is a new badge","created_at":"2015-04-09T15:07:11.773Z","updated_at":"2015-04-09T15:07:11.773Z"}'
    http_version: 
  recorded_at: Thu, 09 Apr 2015 15:07:11 GMT
- request:
    method: get
    uri: http://gamification-api.dev/v1//collections/338
    body:
      encoding: US-ASCII
      string: ''
    headers:
      User-Agent:
      - Faraday v0.9.1
      Authorization:
      - Token token="c9cde524238644fa93393159e5e9ad87"
      Accept-Encoding:
      - gzip;q=1.0,deflate;q=0.6,identity;q=0.3
      Accept:
      - "*/*"
  response:
    status:
      code: 404
      message: Not Found
    headers:
      X-Frame-Options:
      - SAMEORIGIN
      X-Xss-Protection:
      - 1; mode=block
      X-Content-Type-Options:
      - nosniff
      Content-Type:
      - application/json; charset=utf-8
      Cache-Control:
      - no-cache
      X-Request-Id:
      - a8a86238-d174-447b-a2d9-44616b219349
      X-Runtime:
      - '0.004687'
      Date:
      - Thu, 09 Apr 2015 15:07:11 GMT
      Connection:
      - close
    body:
      encoding: UTF-8
      string: '{"error":{"type":"invalid_request_error","message":"No collection exists
        with id: 338","status":404}}'
    http_version: 
  recorded_at: Thu, 09 Apr 2015 15:07:11 GMT
- request:
    method: get
    uri: http://gamification-api.dev/v1//collections/338
    body:
      encoding: US-ASCII
      string: ''
    headers:
      User-Agent:
      - Faraday v0.9.1
      Authorization:
      - Token token="c9cde524238644fa93393159e5e9ad87"
      Accept-Encoding:
      - gzip;q=1.0,deflate;q=0.6,identity;q=0.3
      Accept:
      - "*/*"
  response:
    status:
      code: 404
      message: Not Found
    headers:
      X-Frame-Options:
      - SAMEORIGIN
      X-Xss-Protection:
      - 1; mode=block
      X-Content-Type-Options:
      - nosniff
      Content-Type:
      - application/json; charset=utf-8
      Cache-Control:
      - no-cache
      X-Request-Id:
      - 18c6a61a-9242-4843-876f-092547e890b9
      X-Runtime:
      - '0.004331'
      Date:
      - Thu, 09 Apr 2015 15:07:11 GMT
      Connection:
      - close
    body:
      encoding: UTF-8
      string: '{"error":{"type":"invalid_request_error","message":"No collection exists
        with id: 338","status":404}}'
    http_version: 
  recorded_at: Thu, 09 Apr 2015 15:07:11 GMT
- request:
    method: delete
    uri: http://gamification-api.dev/v1//collections/344
    body:
      encoding: US-ASCII
      string: ''
    headers:
      User-Agent:
      - Faraday v0.9.1
      Authorization:
      - Token token="c9cde524238644fa93393159e5e9ad87"
      Accept-Encoding:
      - gzip;q=1.0,deflate;q=0.6,identity;q=0.3
      Accept:
      - "*/*"
  response:
    status:
      code: 200
      message: OK
    headers:
      X-Frame-Options:
      - SAMEORIGIN
      X-Xss-Protection:
      - 1; mode=block
      X-Content-Type-Options:
      - nosniff
      Content-Type:
      - application/json; charset=utf-8
      Etag:
      - '"8ca832578538ae9b4dcf0b76bcc7e0ff"'
      Cache-Control:
      - max-age=0, private, must-revalidate
      X-Request-Id:
      - 8c369aca-d6b7-4590-b730-6ecbdd39c778
      X-Runtime:
      - '0.006523'
      Date:
      - Thu, 09 Apr 2015 15:08:07 GMT
      Connection:
      - close
    body:
      encoding: UTF-8
      string: '{"id":344,"name":"Create Collection for Destroy","description":"This
        is a new badge","created_at":"2015-04-09T15:08:07.142Z","updated_at":"2015-04-09T15:08:07.142Z"}'
    http_version: 
  recorded_at: Thu, 09 Apr 2015 15:08:07 GMT
- request:
    method: get
    uri: http://gamification-api.dev/v1//collections/344
    body:
      encoding: US-ASCII
      string: ''
    headers:
      User-Agent:
      - Faraday v0.9.1
      Authorization:
      - Token token="c9cde524238644fa93393159e5e9ad87"
      Accept-Encoding:
      - gzip;q=1.0,deflate;q=0.6,identity;q=0.3
      Accept:
      - "*/*"
  response:
    status:
      code: 404
      message: Not Found
    headers:
      X-Frame-Options:
      - SAMEORIGIN
      X-Xss-Protection:
      - 1; mode=block
      X-Content-Type-Options:
      - nosniff
      Content-Type:
      - application/json; charset=utf-8
      Cache-Control:
      - no-cache
      X-Request-Id:
      - e1034f75-2ba9-4dcd-a05d-4bc124450890
      X-Runtime:
      - '0.006031'
      Date:
      - Thu, 09 Apr 2015 15:08:07 GMT
      Connection:
      - close
    body:
      encoding: UTF-8
      string: '{"error":{"type":"invalid_request_error","message":"No collection exists
        with id: 344","status":404}}'
    http_version: 
  recorded_at: Thu, 09 Apr 2015 15:08:07 GMT
- request:
    method: get
    uri: http://gamification-api.dev/v1//collections/344
    body:
      encoding: US-ASCII
      string: ''
    headers:
      User-Agent:
      - Faraday v0.9.1
      Authorization:
      - Token token="c9cde524238644fa93393159e5e9ad87"
      Accept-Encoding:
      - gzip;q=1.0,deflate;q=0.6,identity;q=0.3
      Accept:
      - "*/*"
  response:
    status:
      code: 404
      message: Not Found
    headers:
      X-Frame-Options:
      - SAMEORIGIN
      X-Xss-Protection:
      - 1; mode=block
      X-Content-Type-Options:
      - nosniff
      Content-Type:
      - application/json; charset=utf-8
      Cache-Control:
      - no-cache
      X-Request-Id:
      - ef65475d-41a1-4203-95a0-00516d129c69
      X-Runtime:
      - '0.004047'
      Date:
      - Thu, 09 Apr 2015 15:08:07 GMT
      Connection:
      - close
    body:
      encoding: UTF-8
      string: '{"error":{"type":"invalid_request_error","message":"No collection exists
        with id: 344","status":404}}'
    http_version: 
  recorded_at: Thu, 09 Apr 2015 15:08:07 GMT
- request:
    method: delete
    uri: http://gamification-api.dev/v1//collections/350
    body:
      encoding: US-ASCII
      string: ''
    headers:
      User-Agent:
      - Faraday v0.9.1
      Authorization:
      - Token token="c9cde524238644fa93393159e5e9ad87"
      Accept-Encoding:
      - gzip;q=1.0,deflate;q=0.6,identity;q=0.3
      Accept:
      - "*/*"
  response:
    status:
      code: 200
      message: OK
    headers:
      X-Frame-Options:
      - SAMEORIGIN
      X-Xss-Protection:
      - 1; mode=block
      X-Content-Type-Options:
      - nosniff
      Content-Type:
      - application/json; charset=utf-8
      Etag:
      - '"a6ba17f8ad48ecebcd8ebedf21fd0b21"'
      Cache-Control:
      - max-age=0, private, must-revalidate
      X-Request-Id:
      - d6ed6e42-181a-4312-907c-75cc7516302a
      X-Runtime:
      - '0.024064'
      Date:
      - Thu, 09 Apr 2015 15:08:25 GMT
      Connection:
      - close
    body:
      encoding: UTF-8
      string: '{"id":350,"name":"Create Collection for Destroy","description":"This
        is a new badge","created_at":"2015-04-09T15:08:25.241Z","updated_at":"2015-04-09T15:08:25.241Z"}'
    http_version: 
  recorded_at: Thu, 09 Apr 2015 15:08:25 GMT
- request:
    method: get
    uri: http://gamification-api.dev/v1//collections/350
    body:
      encoding: US-ASCII
      string: ''
    headers:
      User-Agent:
      - Faraday v0.9.1
      Authorization:
      - Token token="c9cde524238644fa93393159e5e9ad87"
      Accept-Encoding:
      - gzip;q=1.0,deflate;q=0.6,identity;q=0.3
      Accept:
      - "*/*"
  response:
    status:
      code: 404
      message: Not Found
    headers:
      X-Frame-Options:
      - SAMEORIGIN
      X-Xss-Protection:
      - 1; mode=block
      X-Content-Type-Options:
      - nosniff
      Content-Type:
      - application/json; charset=utf-8
      Cache-Control:
      - no-cache
      X-Request-Id:
      - 5a5a47d0-cdb8-480e-a8fd-df2435240516
      X-Runtime:
      - '0.004176'
      Date:
      - Thu, 09 Apr 2015 15:08:25 GMT
      Connection:
      - close
    body:
      encoding: UTF-8
      string: '{"error":{"type":"invalid_request_error","message":"No collection exists
        with id: 350","status":404}}'
    http_version: 
  recorded_at: Thu, 09 Apr 2015 15:08:25 GMT
- request:
    method: get
    uri: http://gamification-api.dev/v1//collections/350
    body:
      encoding: US-ASCII
      string: ''
    headers:
      User-Agent:
      - Faraday v0.9.1
      Authorization:
      - Token token="c9cde524238644fa93393159e5e9ad87"
      Accept-Encoding:
      - gzip;q=1.0,deflate;q=0.6,identity;q=0.3
      Accept:
      - "*/*"
  response:
    status:
      code: 404
      message: Not Found
    headers:
      X-Frame-Options:
      - SAMEORIGIN
      X-Xss-Protection:
      - 1; mode=block
      X-Content-Type-Options:
      - nosniff
      Content-Type:
      - application/json; charset=utf-8
      Cache-Control:
      - no-cache
      X-Request-Id:
      - 551d364f-919f-4287-91e7-98a47d803707
      X-Runtime:
      - '0.004726'
      Date:
      - Thu, 09 Apr 2015 15:08:25 GMT
      Connection:
      - close
    body:
      encoding: UTF-8
      string: '{"error":{"type":"invalid_request_error","message":"No collection exists
        with id: 350","status":404}}'
    http_version: 
  recorded_at: Thu, 09 Apr 2015 15:08:25 GMT
- request:
    method: delete
    uri: http://gamification-api.dev/v1//collections/356
    body:
      encoding: US-ASCII
      string: ''
    headers:
      User-Agent:
      - Faraday v0.9.1
      Authorization:
      - Token token="c9cde524238644fa93393159e5e9ad87"
      Accept-Encoding:
      - gzip;q=1.0,deflate;q=0.6,identity;q=0.3
      Accept:
      - "*/*"
  response:
    status:
      code: 200
      message: OK
    headers:
      X-Frame-Options:
      - SAMEORIGIN
      X-Xss-Protection:
      - 1; mode=block
      X-Content-Type-Options:
      - nosniff
      Content-Type:
      - application/json; charset=utf-8
      Etag:
      - '"4fe0a2a1635fd56b852398ebd0426042"'
      Cache-Control:
      - max-age=0, private, must-revalidate
      X-Request-Id:
      - a642bd78-78d7-4c36-a4ea-031cb612a2e8
      X-Runtime:
      - '0.006091'
      Date:
      - Thu, 09 Apr 2015 15:12:43 GMT
      Connection:
      - close
    body:
      encoding: UTF-8
      string: '{"id":356,"name":"Create Collection for Destroy","description":"This
        is a new badge","created_at":"2015-04-09T15:12:43.322Z","updated_at":"2015-04-09T15:12:43.322Z"}'
    http_version: 
  recorded_at: Thu, 09 Apr 2015 15:12:43 GMT
- request:
    method: get
    uri: http://gamification-api.dev/v1//collections/356
    body:
      encoding: US-ASCII
      string: ''
    headers:
      User-Agent:
      - Faraday v0.9.1
      Authorization:
      - Token token="c9cde524238644fa93393159e5e9ad87"
      Accept-Encoding:
      - gzip;q=1.0,deflate;q=0.6,identity;q=0.3
      Accept:
      - "*/*"
  response:
    status:
      code: 404
      message: Not Found
    headers:
      X-Frame-Options:
      - SAMEORIGIN
      X-Xss-Protection:
      - 1; mode=block
      X-Content-Type-Options:
      - nosniff
      Content-Type:
      - application/json; charset=utf-8
      Cache-Control:
      - no-cache
      X-Request-Id:
      - 0030e711-ea76-4224-9dd5-a87a23b8726a
      X-Runtime:
      - '0.004162'
      Date:
      - Thu, 09 Apr 2015 15:12:43 GMT
      Connection:
      - close
    body:
      encoding: UTF-8
      string: '{"error":{"type":"invalid_request_error","message":"No collection exists
        with id: 356","status":404}}'
    http_version: 
  recorded_at: Thu, 09 Apr 2015 15:12:43 GMT
- request:
    method: get
    uri: http://gamification-api.dev/v1//collections/356
    body:
      encoding: US-ASCII
      string: ''
    headers:
      User-Agent:
      - Faraday v0.9.1
      Authorization:
      - Token token="c9cde524238644fa93393159e5e9ad87"
      Accept-Encoding:
      - gzip;q=1.0,deflate;q=0.6,identity;q=0.3
      Accept:
      - "*/*"
  response:
    status:
      code: 404
      message: Not Found
    headers:
      X-Frame-Options:
      - SAMEORIGIN
      X-Xss-Protection:
      - 1; mode=block
      X-Content-Type-Options:
      - nosniff
      Content-Type:
      - application/json; charset=utf-8
      Cache-Control:
      - no-cache
      X-Request-Id:
      - d31510b9-e319-4372-a41f-6c6e5c42673d
      X-Runtime:
      - '0.003705'
      Date:
      - Thu, 09 Apr 2015 15:12:43 GMT
      Connection:
      - close
    body:
      encoding: UTF-8
      string: '{"error":{"type":"invalid_request_error","message":"No collection exists
        with id: 356","status":404}}'
    http_version: 
  recorded_at: Thu, 09 Apr 2015 15:12:43 GMT
- request:
    method: post
    uri: http://gamification-api.dev/v1//collections
    body:
      encoding: UTF-8
      string: collection%5Bdescription%5D=This+is+a+new+badge&collection%5Bname%5D=Create+Collection+for+Destroy&collection%5Brequirements%5D=You+need+to+love+the+Badge+API
    headers:
      User-Agent:
      - Faraday v0.9.1
      Authorization:
      - Token token="c9cde524238644fa93393159e5e9ad87"
      Content-Type:
      - application/x-www-form-urlencoded
      Accept-Encoding:
      - gzip;q=1.0,deflate;q=0.6,identity;q=0.3
      Accept:
      - "*/*"
  response:
    status:
      code: 201
      message: Created
    headers:
      X-Frame-Options:
      - SAMEORIGIN
      X-Xss-Protection:
      - 1; mode=block
      X-Content-Type-Options:
      - nosniff
      Content-Type:
      - application/json; charset=utf-8
      Etag:
      - '"2e839adc8a60eade56037fbb81061d4e"'
      Cache-Control:
      - max-age=0, private, must-revalidate
      X-Request-Id:
      - 660af2ed-104a-4aae-89df-903f7ca27220
      X-Runtime:
      - '0.008754'
      Date:
      - Thu, 09 Apr 2015 15:15:09 GMT
      Connection:
      - close
    body:
      encoding: UTF-8
      string: '{"id":362,"name":"Create Collection for Destroy","description":"This
        is a new badge","created_at":"2015-04-09T15:15:09.653Z","updated_at":"2015-04-09T15:15:09.653Z"}'
    http_version: 
  recorded_at: Thu, 09 Apr 2015 15:15:09 GMT
- request:
    method: delete
    uri: http://gamification-api.dev/v1//collections/362
    body:
      encoding: US-ASCII
      string: ''
    headers:
      User-Agent:
      - Faraday v0.9.1
      Authorization:
      - Token token="c9cde524238644fa93393159e5e9ad87"
      Accept-Encoding:
      - gzip;q=1.0,deflate;q=0.6,identity;q=0.3
      Accept:
      - "*/*"
  response:
    status:
      code: 200
      message: OK
    headers:
      X-Frame-Options:
      - SAMEORIGIN
      X-Xss-Protection:
      - 1; mode=block
      X-Content-Type-Options:
      - nosniff
      Content-Type:
      - application/json; charset=utf-8
      Etag:
      - '"2e839adc8a60eade56037fbb81061d4e"'
      Cache-Control:
      - max-age=0, private, must-revalidate
      X-Request-Id:
      - f5edfa2d-18fe-49e2-ad46-baf7e293a121
      X-Runtime:
      - '0.011572'
      Date:
      - Thu, 09 Apr 2015 15:15:09 GMT
      Connection:
      - close
    body:
      encoding: UTF-8
      string: '{"id":362,"name":"Create Collection for Destroy","description":"This
        is a new badge","created_at":"2015-04-09T15:15:09.653Z","updated_at":"2015-04-09T15:15:09.653Z"}'
    http_version: 
  recorded_at: Thu, 09 Apr 2015 15:15:09 GMT
- request:
    method: get
    uri: http://gamification-api.dev/v1//collections/362
    body:
      encoding: US-ASCII
      string: ''
    headers:
      User-Agent:
      - Faraday v0.9.1
      Authorization:
      - Token token="c9cde524238644fa93393159e5e9ad87"
      Accept-Encoding:
      - gzip;q=1.0,deflate;q=0.6,identity;q=0.3
      Accept:
      - "*/*"
  response:
    status:
      code: 404
      message: Not Found
    headers:
      X-Frame-Options:
      - SAMEORIGIN
      X-Xss-Protection:
      - 1; mode=block
      X-Content-Type-Options:
      - nosniff
      Content-Type:
      - application/json; charset=utf-8
      Cache-Control:
      - no-cache
      X-Request-Id:
      - 14253522-133d-48f8-aefc-38869708860c
      X-Runtime:
      - '0.004259'
      Date:
      - Thu, 09 Apr 2015 15:15:09 GMT
      Connection:
      - close
    body:
      encoding: UTF-8
      string: '{"error":{"type":"invalid_request_error","message":"No collection exists
        with id: 362","status":404}}'
    http_version: 
  recorded_at: Thu, 09 Apr 2015 15:15:09 GMT
- request:
    method: get
    uri: http://gamification-api.dev/v1//collections/362
    body:
      encoding: US-ASCII
      string: ''
    headers:
      User-Agent:
      - Faraday v0.9.1
      Authorization:
      - Token token="c9cde524238644fa93393159e5e9ad87"
      Accept-Encoding:
      - gzip;q=1.0,deflate;q=0.6,identity;q=0.3
      Accept:
      - "*/*"
  response:
    status:
      code: 404
      message: Not Found
    headers:
      X-Frame-Options:
      - SAMEORIGIN
      X-Xss-Protection:
      - 1; mode=block
      X-Content-Type-Options:
      - nosniff
      Content-Type:
      - application/json; charset=utf-8
      Cache-Control:
      - no-cache
      X-Request-Id:
      - 76e15c3f-94a7-42a5-9231-b2a576ba44d7
      X-Runtime:
      - '0.003793'
      Date:
      - Thu, 09 Apr 2015 15:15:09 GMT
      Connection:
      - close
    body:
      encoding: UTF-8
      string: '{"error":{"type":"invalid_request_error","message":"No collection exists
        with id: 362","status":404}}'
    http_version: 
  recorded_at: Thu, 09 Apr 2015 15:15:09 GMT
recorded_with: VCR 2.9.3
