---
http_interactions:
- request:
    method: delete
    uri: http://gamification-api.dev/v1/badges/create-badge-for-destroy-error
    body:
      encoding: US-ASCII
      string: ''
    headers:
      User-Agent:
      - Faraday v0.9.1
      Authorization:
      - Token token="c9cde524238644fa93393159e5e9ad87"
      Accept-Encoding:
      - gzip;q=1.0,deflate;q=0.6,identity;q=0.3
      Accept:
      - "*/*"
  response:
    status:
      code: 200
      message: OK
    headers:
      X-Frame-Options:
      - SAMEORIGIN
      X-Xss-Protection:
      - 1; mode=block
      X-Content-Type-Options:
      - nosniff
      Content-Type:
      - application/json; charset=utf-8
      Etag:
      - '"053561c84fda77a31f0659418c46c131"'
      Cache-Control:
      - max-age=0, private, must-revalidate
      X-Request-Id:
      - fe0582aa-fc10-4cf7-bef4-0eefa11b7e09
      X-Runtime:
      - '0.034529'
      Date:
      - Thu, 27 Aug 2015 08:26:21 GMT
      Connection:
      - close
    body:
      encoding: UTF-8
      string: '{"name":"Create Badge for Destroy Error","description":"This is a new
        badge","requirements":"You need to love the Badge API","hint":"Love us..","image":"http://gamification-api.dev/badge_images/create-badge-for-destroy-error/badge.png","collection_id":"library","created_at":"2015-08-27T08:26:21.818Z","updated_at":"2015-08-27T08:26:21.818Z","level":"bronze","auto_issue":false,"status":"draft","required_badges":[],"points":25,"object":"badge","id":"create-badge-for-destroy-error"}'
    http_version: 
  recorded_at: Thu, 27 Aug 2015 08:26:21 GMT
- request:
    method: delete
    uri: http://gamification-api.dev/v1/badges/create-badge-for-destroy-error
    body:
      encoding: US-ASCII
      string: ''
    headers:
      User-Agent:
      - Faraday v0.9.1
      Authorization:
      - Token token="c9cde524238644fa93393159e5e9ad87"
      Accept-Encoding:
      - gzip;q=1.0,deflate;q=0.6,identity;q=0.3
      Accept:
      - "*/*"
  response:
    status:
      code: 404
      message: Not Found
    headers:
      X-Frame-Options:
      - SAMEORIGIN
      X-Xss-Protection:
      - 1; mode=block
      X-Content-Type-Options:
      - nosniff
      Content-Type:
      - application/json; charset=utf-8
      Cache-Control:
      - no-cache
      X-Request-Id:
      - 4cde3b36-3ef5-49ef-b742-d226ab0dd18d
      X-Runtime:
      - '0.015227'
      Date:
      - Thu, 27 Aug 2015 08:26:21 GMT
      Connection:
      - close
    body:
      encoding: UTF-8
      string: '{"error":{"type":"invalid_request_error","message":"No badge exists
        with id: create-badge-for-destroy-error","status":404}}'
    http_version: 
  recorded_at: Thu, 27 Aug 2015 08:26:21 GMT
- request:
    method: post
    uri: http://gamification-api.dev/v1/badges
    body:
      encoding: UTF-8
      string: badge%5Bcollection_id%5D=1&badge%5Bdescription%5D=This+is+a+new+badge&badge%5Bhint%5D=Love+us..&badge%5Blevel%5D=bronze&badge%5Bname%5D=Create+Badge+for+Destroy&badge%5Brequirements%5D=You+need+to+love+the+Badge+API
    headers:
      User-Agent:
      - Faraday v0.9.1
      Authorization:
      - Token token="c9cde524238644fa93393159e5e9ad87"
      Content-Type:
      - application/x-www-form-urlencoded
      Accept-Encoding:
      - gzip;q=1.0,deflate;q=0.6,identity;q=0.3
      Accept:
      - "*/*"
  response:
    status:
      code: 201
      message: Created
    headers:
      X-Frame-Options:
      - SAMEORIGIN
      X-Xss-Protection:
      - 1; mode=block
      X-Content-Type-Options:
      - nosniff
      Content-Type:
      - application/json; charset=utf-8
      Etag:
      - '"457cfda92e98fcd284202db381ebdecd"'
      Cache-Control:
      - max-age=0, private, must-revalidate
      X-Request-Id:
      - 8969c577-52c8-438a-89d3-2fd70dffe30e
      X-Runtime:
      - '0.081608'
      Date:
      - Thu, 27 Aug 2015 15:29:33 GMT
      Connection:
      - close
    body:
      encoding: UTF-8
      string: '{"name":"Create Badge for Destroy","description":"This is a new badge","requirements":"You
        need to love the Badge API","hint":"Love us..","image":"http://gamification-api.dev/badge_images/create-badge-for-destroy/badge.png","collection_id":"library","created_at":"2015-08-27T15:29:33.366Z","updated_at":"2015-08-27T15:29:33.366Z","level":"bronze","auto_issue":false,"status":"draft","required_badges":[],"points":25,"object":"badge","id":"create-badge-for-destroy"}'
    http_version: 
  recorded_at: Thu, 27 Aug 2015 15:29:33 GMT
- request:
    method: delete
    uri: http://gamification-api.dev/v1/badges/create-badge-for-destroy
    body:
      encoding: US-ASCII
      string: ''
    headers:
      User-Agent:
      - Faraday v0.9.1
      Authorization:
      - Token token="c9cde524238644fa93393159e5e9ad87"
      Accept-Encoding:
      - gzip;q=1.0,deflate;q=0.6,identity;q=0.3
      Accept:
      - "*/*"
  response:
    status:
      code: 200
      message: OK
    headers:
      X-Frame-Options:
      - SAMEORIGIN
      X-Xss-Protection:
      - 1; mode=block
      X-Content-Type-Options:
      - nosniff
      Content-Type:
      - application/json; charset=utf-8
      Etag:
      - '"457cfda92e98fcd284202db381ebdecd"'
      Cache-Control:
      - max-age=0, private, must-revalidate
      X-Request-Id:
      - c938e6f3-6513-491a-a971-a5cb50bcac19
      X-Runtime:
      - '0.028281'
      Date:
      - Thu, 27 Aug 2015 15:29:33 GMT
      Connection:
      - close
    body:
      encoding: UTF-8
      string: '{"name":"Create Badge for Destroy","description":"This is a new badge","requirements":"You
        need to love the Badge API","hint":"Love us..","image":"http://gamification-api.dev/badge_images/create-badge-for-destroy/badge.png","collection_id":"library","created_at":"2015-08-27T15:29:33.366Z","updated_at":"2015-08-27T15:29:33.366Z","level":"bronze","auto_issue":false,"status":"draft","required_badges":[],"points":25,"object":"badge","id":"create-badge-for-destroy"}'
    http_version: 
  recorded_at: Thu, 27 Aug 2015 15:29:33 GMT
- request:
    method: delete
    uri: http://gamification-api.dev/v1/badges/create-badge-for-destroy
    body:
      encoding: US-ASCII
      string: ''
    headers:
      User-Agent:
      - Faraday v0.9.1
      Authorization:
      - Token token="c9cde524238644fa93393159e5e9ad87"
      Accept-Encoding:
      - gzip;q=1.0,deflate;q=0.6,identity;q=0.3
      Accept:
      - "*/*"
  response:
    status:
      code: 404
      message: Not Found
    headers:
      X-Frame-Options:
      - SAMEORIGIN
      X-Xss-Protection:
      - 1; mode=block
      X-Content-Type-Options:
      - nosniff
      Content-Type:
      - application/json; charset=utf-8
      Cache-Control:
      - no-cache
      X-Request-Id:
      - decbc2c3-785f-4eca-a67b-91aeca94a2ad
      X-Runtime:
      - '0.012598'
      Date:
      - Thu, 27 Aug 2015 15:29:33 GMT
      Connection:
      - close
    body:
      encoding: UTF-8
      string: '{"error":{"type":"invalid_request_error","message":"No badge exists
        with id: create-badge-for-destroy","status":404}}'
    http_version: 
  recorded_at: Thu, 27 Aug 2015 15:29:33 GMT
recorded_with: VCR 2.9.3
