---
http_interactions:
- request:
    method: post
    uri: http://gamification-api.dev/badges
    body:
      encoding: UTF-8
      string: badge%5Bcollection_id%5D=1&badge%5Bdescription%5D=This+is+a+new+badge&badge%5Bhint%5D=Love+us..&badge%5Bimage%5D=http%3A%2F%2Fexample.org%2Fbadge.png&badge%5Bname%5D=Create+Badge+for+Destroy&badge%5Brequirements%5D=You+need+to+love+the+Badge+API
    headers:
      User-Agent:
      - Faraday v0.9.1
      Authorization:
      - Token token="c9cde524238644fa93393159e5e9ad87"
      Content-Type:
      - application/x-www-form-urlencoded
      Accept-Encoding:
      - gzip;q=1.0,deflate;q=0.6,identity;q=0.3
      Accept:
      - "*/*"
  response:
    status:
      code: 201
      message: Created
    headers:
      X-Frame-Options:
      - SAMEORIGIN
      X-Xss-Protection:
      - 1; mode=block
      X-Content-Type-Options:
      - nosniff
      Location:
      - http://gamification-api.dev/badges/37
      Content-Type:
      - application/json; charset=utf-8
      Etag:
      - '"52afaa42a9cd475e445fbb9eaebdc3dd"'
      Cache-Control:
      - max-age=0, private, must-revalidate
      X-Request-Id:
      - f1bbbf9e-713c-410c-8e1f-8e73535cb888
      X-Runtime:
      - '0.012418'
      Date:
      - Tue, 31 Mar 2015 15:01:51 GMT
      Connection:
      - close
    body:
      encoding: UTF-8
      string: '{"id":37,"name":"Create Badge for Destroy","description":"This is a
        new badge","requirements":"You need to love the Badge API","hint":"Love us..","image":"http://example.org/badge.png","recipient_id":null,"issuer_id":null,"collection_id":1,"issued_at":null,"created_at":"2015-03-31T15:01:51.295Z","updated_at":"2015-03-31T15:01:51.295Z"}'
    http_version: 
  recorded_at: Tue, 31 Mar 2015 15:01:51 GMT
- request:
    method: delete
    uri: http://gamification-api.dev/badges/37
    body:
      encoding: US-ASCII
      string: ''
    headers:
      User-Agent:
      - Faraday v0.9.1
      Authorization:
      - Token token="c9cde524238644fa93393159e5e9ad87"
      Accept-Encoding:
      - gzip;q=1.0,deflate;q=0.6,identity;q=0.3
      Accept:
      - "*/*"
  response:
    status:
      code: 500
      message: Internal Server Error
    headers:
      X-Frame-Options:
      - SAMEORIGIN
      X-Xss-Protection:
      - 1; mode=block
      X-Content-Type-Options:
      - nosniff
      Content-Type:
      - application/json; charset=utf-8
      Cache-Control:
      - no-cache
      X-Request-Id:
      - 65384a57-16d8-4879-9624-5232034a5d45
      X-Runtime:
      - '0.006091'
      Date:
      - Tue, 31 Mar 2015 15:01:51 GMT
      Connection:
      - close
    body:
      encoding: UTF-8
      string: '{"id":37,"name":"Create Badge for Destroy","description":"This is a
        new badge","requirements":"You need to love the Badge API","hint":"Love us..","image":"http://example.org/badge.png","recipient_id":null,"issuer_id":null,"collection_id":1,"issued_at":null,"created_at":"2015-03-31T15:01:51.295Z","updated_at":"2015-03-31T15:01:51.295Z"}'
    http_version: 
  recorded_at: Tue, 31 Mar 2015 15:01:51 GMT
- request:
    method: delete
    uri: http://gamification-api.dev/badges/37
    body:
      encoding: US-ASCII
      string: ''
    headers:
      User-Agent:
      - Faraday v0.9.1
      Authorization:
      - Token token="c9cde524238644fa93393159e5e9ad87"
      Accept-Encoding:
      - gzip;q=1.0,deflate;q=0.6,identity;q=0.3
      Accept:
      - "*/*"
  response:
    status:
      code: 404
      message: Not Found
    headers:
      X-Frame-Options:
      - SAMEORIGIN
      X-Xss-Protection:
      - 1; mode=block
      X-Content-Type-Options:
      - nosniff
      Content-Type:
      - application/json; charset=utf-8
      Cache-Control:
      - no-cache
      X-Request-Id:
      - 6c633a74-c34a-4bd7-b5c4-483609c10025
      X-Runtime:
      - '0.003739'
      Date:
      - Tue, 31 Mar 2015 15:01:51 GMT
      Connection:
      - close
    body:
      encoding: UTF-8
      string: '{"error":"No Record Found"}'
    http_version: 
  recorded_at: Tue, 31 Mar 2015 15:01:51 GMT
recorded_with: VCR 2.9.3
