---
http_interactions:
- request:
    method: post
    uri: http://gamification-api.dev/collections
    body:
      encoding: UTF-8
      string: collection%5Bdescription%5D=This+is+a+new+badge&collection%5Bname%5D=Create+Collection+for+Destroy&collection%5Brequirements%5D=You+need+to+love+the+Badge+API
    headers:
      User-Agent:
      - Faraday v0.9.1
      Authorization:
      - Token token="c1616687d0fc420d85c8590357d1ab29"
      Content-Type:
      - application/x-www-form-urlencoded
      Accept-Encoding:
      - gzip;q=1.0,deflate;q=0.6,identity;q=0.3
      Accept:
      - "*/*"
  response:
    status:
      code: 201
      message: Created
    headers:
      X-Frame-Options:
      - SAMEORIGIN
      X-Xss-Protection:
      - 1; mode=block
      X-Content-Type-Options:
      - nosniff
      Location:
      - http://gamification-api.dev/collections/21
      Content-Type:
      - application/json; charset=utf-8
      Etag:
      - '"3897ab7880f0ca740258ba0ce4c3cecd"'
      Cache-Control:
      - max-age=0, private, must-revalidate
      X-Request-Id:
      - f562a9e9-32c1-4275-8883-5f60f286c110
      X-Runtime:
      - '0.038882'
      Date:
      - Mon, 30 Mar 2015 10:22:45 GMT
      Connection:
      - close
    body:
      encoding: UTF-8
      string: '{"id":21,"name":"Create Collection for Destroy","description":"This
        is a new badge","created_at":"2015-03-30T10:22:45.115Z","updated_at":"2015-03-30T10:22:45.115Z"}'
    http_version: 
  recorded_at: Mon, 30 Mar 2015 10:22:45 GMT
- request:
    method: delete
    uri: http://gamification-api.dev/collections/21
    body:
      encoding: US-ASCII
      string: ''
    headers:
      User-Agent:
      - Faraday v0.9.1
      Authorization:
      - Token token="c1616687d0fc420d85c8590357d1ab29"
      Accept-Encoding:
      - gzip;q=1.0,deflate;q=0.6,identity;q=0.3
      Accept:
      - "*/*"
  response:
    status:
      code: 500
      message: Internal Server Error
    headers:
      X-Frame-Options:
      - SAMEORIGIN
      X-Xss-Protection:
      - 1; mode=block
      X-Content-Type-Options:
      - nosniff
      Content-Type:
      - application/json; charset=utf-8
      Cache-Control:
      - no-cache
      X-Request-Id:
      - c13dcd1c-53c3-478e-bce9-6c3bae249480
      X-Runtime:
      - '0.005592'
      Date:
      - Mon, 30 Mar 2015 10:22:45 GMT
      Connection:
      - close
    body:
      encoding: UTF-8
      string: '{"id":21,"name":"Create Collection for Destroy","description":"This
        is a new badge","created_at":"2015-03-30T10:22:45.115Z","updated_at":"2015-03-30T10:22:45.115Z"}'
    http_version: 
  recorded_at: Mon, 30 Mar 2015 10:22:45 GMT
- request:
    method: get
    uri: http://gamification-api.dev/collections/21.json
    body:
      encoding: US-ASCII
      string: ''
    headers:
      User-Agent:
      - Faraday v0.9.1
      Authorization:
      - Token token="c1616687d0fc420d85c8590357d1ab29"
      Accept-Encoding:
      - gzip;q=1.0,deflate;q=0.6,identity;q=0.3
      Accept:
      - "*/*"
  response:
    status:
      code: 404
      message: Not Found
    headers:
      X-Frame-Options:
      - SAMEORIGIN
      X-Xss-Protection:
      - 1; mode=block
      X-Content-Type-Options:
      - nosniff
      Content-Type:
      - application/json; charset=utf-8
      Cache-Control:
      - no-cache
      X-Request-Id:
      - 6349ecaa-934e-4d81-8c23-90aec23dcb0a
      X-Runtime:
      - '0.003798'
      Date:
      - Mon, 30 Mar 2015 10:22:45 GMT
      Connection:
      - close
    body:
      encoding: UTF-8
      string: '{"error":"No Record Found"}'
    http_version: 
  recorded_at: Mon, 30 Mar 2015 10:22:45 GMT
recorded_with: VCR 2.9.3
