---
http_interactions:
- request:
    method: post
    uri: http://gamification-api.dev/v1/collections
    body:
      encoding: UTF-8
      string: collection%5Bdescription%5D=This+is+a+new+badge&collection%5Bname%5D=Create+Collection+for+Destroy
    headers:
      User-Agent:
      - Faraday v0.9.1
      Authorization:
      - Token token="c9cde524238644fa93393159e5e9ad87"
      Content-Type:
      - application/x-www-form-urlencoded
      Accept-Encoding:
      - gzip;q=1.0,deflate;q=0.6,identity;q=0.3
      Accept:
      - "*/*"
  response:
    status:
      code: 201
      message: Created
    headers:
      X-Frame-Options:
      - SAMEORIGIN
      X-Xss-Protection:
      - 1; mode=block
      X-Content-Type-Options:
      - nosniff
      Content-Type:
      - application/json; charset=utf-8
      Etag:
      - '"b0d7bcc52771875ab4e1370f49eb7656"'
      Cache-Control:
      - max-age=0, private, must-revalidate
      X-Request-Id:
      - e26c342c-559a-49a2-9502-921796f8c01f
      X-Runtime:
      - '0.022553'
      Date:
      - Tue, 21 Jul 2015 08:10:38 GMT
      Connection:
      - close
    body:
      encoding: UTF-8
      string: '{"id":"create-collection-for-destroy","name":"Create Collection for
        Destroy","description":"This is a new badge","created_at":"2015-07-21T08:10:38.017Z","updated_at":"2015-07-21T08:10:38.017Z","total_points_available":0}'
    http_version: 
  recorded_at: Tue, 21 Jul 2015 08:10:38 GMT
- request:
    method: delete
    uri: http://gamification-api.dev/v1/collections/create-collection-for-destroy
    body:
      encoding: US-ASCII
      string: ''
    headers:
      User-Agent:
      - Faraday v0.9.1
      Authorization:
      - Token token="c9cde524238644fa93393159e5e9ad87"
      Accept-Encoding:
      - gzip;q=1.0,deflate;q=0.6,identity;q=0.3
      Accept:
      - "*/*"
  response:
    status:
      code: 200
      message: OK
    headers:
      X-Frame-Options:
      - SAMEORIGIN
      X-Xss-Protection:
      - 1; mode=block
      X-Content-Type-Options:
      - nosniff
      Content-Type:
      - application/json; charset=utf-8
      Etag:
      - '"b0d7bcc52771875ab4e1370f49eb7656"'
      Cache-Control:
      - max-age=0, private, must-revalidate
      X-Request-Id:
      - 4eb11416-9192-4926-a063-6b14f3143f47
      X-Runtime:
      - '0.035041'
      Date:
      - Tue, 21 Jul 2015 08:10:38 GMT
      Connection:
      - close
    body:
      encoding: UTF-8
      string: '{"id":"create-collection-for-destroy","name":"Create Collection for
        Destroy","description":"This is a new badge","created_at":"2015-07-21T08:10:38.017Z","updated_at":"2015-07-21T08:10:38.017Z","total_points_available":0}'
    http_version: 
  recorded_at: Tue, 21 Jul 2015 08:10:38 GMT
- request:
    method: delete
    uri: http://gamification-api.dev/v1/collections/create-collection-for-destroy
    body:
      encoding: US-ASCII
      string: ''
    headers:
      User-Agent:
      - Faraday v0.9.1
      Authorization:
      - Token token="c9cde524238644fa93393159e5e9ad87"
      Accept-Encoding:
      - gzip;q=1.0,deflate;q=0.6,identity;q=0.3
      Accept:
      - "*/*"
  response:
    status:
      code: 404
      message: Not Found
    headers:
      X-Frame-Options:
      - SAMEORIGIN
      X-Xss-Protection:
      - 1; mode=block
      X-Content-Type-Options:
      - nosniff
      Content-Type:
      - application/json; charset=utf-8
      Cache-Control:
      - no-cache
      X-Request-Id:
      - a41efdcf-f036-4263-af55-ca522c04c883
      X-Runtime:
      - '0.009264'
      Date:
      - Tue, 21 Jul 2015 08:10:38 GMT
      Connection:
      - close
    body:
      encoding: UTF-8
      string: '{"error":{"type":"invalid_request_error","message":"No collection exists
        with id: create-collection-for-destroy","status":404}}'
    http_version: 
  recorded_at: Tue, 21 Jul 2015 08:10:38 GMT
- request:
    method: delete
    uri: http://gamification-api.dev/v1/collections/create-collection-for-destroy
    body:
      encoding: US-ASCII
      string: ''
    headers:
      User-Agent:
      - Faraday v0.9.1
      Authorization:
      - Token token="c9cde524238644fa93393159e5e9ad87"
      Accept-Encoding:
      - gzip;q=1.0,deflate;q=0.6,identity;q=0.3
      Accept:
      - "*/*"
  response:
    status:
      code: 404
      message: Not Found
    headers:
      X-Frame-Options:
      - SAMEORIGIN
      X-Xss-Protection:
      - 1; mode=block
      X-Content-Type-Options:
      - nosniff
      Content-Type:
      - application/json; charset=utf-8
      Cache-Control:
      - no-cache
      X-Request-Id:
      - 8d0aa4f2-88f5-487d-bac4-f7f10912937c
      X-Runtime:
      - '0.008732'
      Date:
      - Tue, 21 Jul 2015 08:10:38 GMT
      Connection:
      - close
    body:
      encoding: UTF-8
      string: '{"error":{"type":"invalid_request_error","message":"No collection exists
        with id: create-collection-for-destroy","status":404}}'
    http_version: 
  recorded_at: Tue, 21 Jul 2015 08:10:38 GMT
recorded_with: VCR 2.9.3
