---
http_interactions:
- request:
    method: post
    uri: http://gamification-api.dev/v1/badges
    body:
      encoding: UTF-8
      string: badge%5Bcollection_id%5D=1&badge%5Bdescription%5D=This+is+a+new+badge&badge%5Bhint%5D=Love+us..&badge%5Blevel%5D=bronze&badge%5Bname%5D=Create+Badge+for+Destroy&badge%5Brequirements%5D=You+need+to+love+the+Badge+API
    headers:
      User-Agent:
      - Faraday v0.9.1
      Authorization:
      - Token token="c9cde524238644fa93393159e5e9ad87"
      Content-Type:
      - application/x-www-form-urlencoded
      Accept-Encoding:
      - gzip;q=1.0,deflate;q=0.6,identity;q=0.3
      Accept:
      - "*/*"
  response:
    status:
      code: 201
      message: Created
    headers:
      X-Frame-Options:
      - SAMEORIGIN
      X-Xss-Protection:
      - 1; mode=block
      X-Content-Type-Options:
      - nosniff
      Content-Type:
      - application/json; charset=utf-8
      Etag:
      - '"e3d4090479c383d86348482dcbce6419"'
      Cache-Control:
      - max-age=0, private, must-revalidate
      X-Request-Id:
      - b3411b8f-a68d-4ec3-9d4f-36b4ab90577b
      X-Runtime:
      - '0.089748'
      Date:
      - Mon, 27 Jul 2015 16:12:05 GMT
      Connection:
      - close
    body:
      encoding: UTF-8
      string: '{"name":"Create Badge for Destroy","description":"This is a new badge","requirements":"You
        need to love the Badge API","hint":"Love us..","image":"http://gamification-api.dev/badge_images/create-badge-for-destroy/badge.png","collection_id":"library","created_at":"2015-07-27T16:12:05.441Z","updated_at":"2015-07-27T16:12:05.441Z","level":"bronze","auto_issue":false,"required_badges":[],"points":25,"object":"badge","id":"create-badge-for-destroy"}'
    http_version: 
  recorded_at: Mon, 27 Jul 2015 16:12:05 GMT
- request:
    method: delete
    uri: http://gamification-api.dev/v1/badges/create-badge-for-destroy
    body:
      encoding: US-ASCII
      string: ''
    headers:
      User-Agent:
      - Faraday v0.9.1
      Authorization:
      - Token token="c9cde524238644fa93393159e5e9ad87"
      Accept-Encoding:
      - gzip;q=1.0,deflate;q=0.6,identity;q=0.3
      Accept:
      - "*/*"
  response:
    status:
      code: 200
      message: OK
    headers:
      X-Frame-Options:
      - SAMEORIGIN
      X-Xss-Protection:
      - 1; mode=block
      X-Content-Type-Options:
      - nosniff
      Content-Type:
      - application/json; charset=utf-8
      Etag:
      - '"e3d4090479c383d86348482dcbce6419"'
      Cache-Control:
      - max-age=0, private, must-revalidate
      X-Request-Id:
      - 8bb853b3-3509-4051-8b0f-fa4bebc64bff
      X-Runtime:
      - '0.036084'
      Date:
      - Mon, 27 Jul 2015 16:12:05 GMT
      Connection:
      - close
    body:
      encoding: UTF-8
      string: '{"name":"Create Badge for Destroy","description":"This is a new badge","requirements":"You
        need to love the Badge API","hint":"Love us..","image":"http://gamification-api.dev/badge_images/create-badge-for-destroy/badge.png","collection_id":"library","created_at":"2015-07-27T16:12:05.441Z","updated_at":"2015-07-27T16:12:05.441Z","level":"bronze","auto_issue":false,"required_badges":[],"points":25,"object":"badge","id":"create-badge-for-destroy"}'
    http_version: 
  recorded_at: Mon, 27 Jul 2015 16:12:05 GMT
- request:
    method: delete
    uri: http://gamification-api.dev/v1/badges/create-badge-for-destroy
    body:
      encoding: US-ASCII
      string: ''
    headers:
      User-Agent:
      - Faraday v0.9.1
      Authorization:
      - Token token="c9cde524238644fa93393159e5e9ad87"
      Accept-Encoding:
      - gzip;q=1.0,deflate;q=0.6,identity;q=0.3
      Accept:
      - "*/*"
  response:
    status:
      code: 404
      message: Not Found
    headers:
      X-Frame-Options:
      - SAMEORIGIN
      X-Xss-Protection:
      - 1; mode=block
      X-Content-Type-Options:
      - nosniff
      Content-Type:
      - application/json; charset=utf-8
      Cache-Control:
      - no-cache
      X-Request-Id:
      - da08fd75-d58c-43af-bf29-eb0c1bd933fb
      X-Runtime:
      - '0.015264'
      Date:
      - Mon, 27 Jul 2015 16:12:05 GMT
      Connection:
      - close
    body:
      encoding: UTF-8
      string: '{"error":{"type":"invalid_request_error","message":"No badge exists
        with id: create-badge-for-destroy","status":404}}'
    http_version: 
  recorded_at: Mon, 27 Jul 2015 16:12:05 GMT
recorded_with: VCR 2.9.3
