---
http_interactions:
- request:
    method: post
    uri: http://gamification-api.dev/v1/collections
    body:
      encoding: UTF-8
      string: collection%5Bdescription%5D=This+is+a+new+badge&collection%5Bname%5D=Create+Collection+for+Destroy
    headers:
      User-Agent:
      - Faraday v0.9.1
      Authorization:
      - Token token="c9cde524238644fa93393159e5e9ad87"
      Content-Type:
      - application/x-www-form-urlencoded
      Accept-Encoding:
      - gzip;q=1.0,deflate;q=0.6,identity;q=0.3
      Accept:
      - "*/*"
  response:
    status:
      code: 201
      message: Created
    headers:
      X-Frame-Options:
      - SAMEORIGIN
      X-Xss-Protection:
      - 1; mode=block
      X-Content-Type-Options:
      - nosniff
      Content-Type:
      - application/json; charset=utf-8
      Etag:
      - '"5b86b1fd3f6b404435444022e44ec45c"'
      Cache-Control:
      - max-age=0, private, must-revalidate
      X-Request-Id:
      - 51a1d8e9-768b-421e-9a0e-e6a5c50fc3e4
      X-Runtime:
      - '0.031916'
      Date:
      - Thu, 27 Aug 2015 08:26:06 GMT
      Connection:
      - close
    body:
      encoding: UTF-8
      string: '{"id":"create-collection-for-destroy","name":"Create Collection for
        Destroy","description":"This is a new badge","created_at":"2015-08-27T08:26:06.782Z","updated_at":"2015-08-27T08:26:06.782Z","total_points_available":0,"object":"collection"}'
    http_version: 
  recorded_at: Thu, 27 Aug 2015 08:26:06 GMT
- request:
    method: delete
    uri: http://gamification-api.dev/v1/collections/create-collection-for-destroy
    body:
      encoding: US-ASCII
      string: ''
    headers:
      User-Agent:
      - Faraday v0.9.1
      Authorization:
      - Token token="c9cde524238644fa93393159e5e9ad87"
      Accept-Encoding:
      - gzip;q=1.0,deflate;q=0.6,identity;q=0.3
      Accept:
      - "*/*"
  response:
    status:
      code: 200
      message: OK
    headers:
      X-Frame-Options:
      - SAMEORIGIN
      X-Xss-Protection:
      - 1; mode=block
      X-Content-Type-Options:
      - nosniff
      Content-Type:
      - application/json; charset=utf-8
      Etag:
      - '"5b86b1fd3f6b404435444022e44ec45c"'
      Cache-Control:
      - max-age=0, private, must-revalidate
      X-Request-Id:
      - e7345eeb-018c-4c55-9b03-e9c14427d9b3
      X-Runtime:
      - '0.017150'
      Date:
      - Thu, 27 Aug 2015 08:26:06 GMT
      Connection:
      - close
    body:
      encoding: UTF-8
      string: '{"id":"create-collection-for-destroy","name":"Create Collection for
        Destroy","description":"This is a new badge","created_at":"2015-08-27T08:26:06.782Z","updated_at":"2015-08-27T08:26:06.782Z","total_points_available":0,"object":"collection"}'
    http_version: 
  recorded_at: Thu, 27 Aug 2015 08:26:06 GMT
- request:
    method: get
    uri: http://gamification-api.dev/v1/collections/create-collection-for-destroy
    body:
      encoding: US-ASCII
      string: ''
    headers:
      User-Agent:
      - Faraday v0.9.1
      Authorization:
      - Token token="c9cde524238644fa93393159e5e9ad87"
      Accept-Encoding:
      - gzip;q=1.0,deflate;q=0.6,identity;q=0.3
      Accept:
      - "*/*"
  response:
    status:
      code: 404
      message: Not Found
    headers:
      X-Frame-Options:
      - SAMEORIGIN
      X-Xss-Protection:
      - 1; mode=block
      X-Content-Type-Options:
      - nosniff
      Content-Type:
      - application/json; charset=utf-8
      Cache-Control:
      - no-cache
      X-Request-Id:
      - 38975f75-d016-47cd-8908-9fe6c1f4cc67
      X-Runtime:
      - '0.013062'
      Date:
      - Thu, 27 Aug 2015 08:26:06 GMT
      Connection:
      - close
    body:
      encoding: UTF-8
      string: '{"error":{"type":"invalid_request_error","message":"No collection exists
        with id: create-collection-for-destroy","status":404}}'
    http_version: 
  recorded_at: Thu, 27 Aug 2015 08:26:06 GMT
- request:
    method: get
    uri: http://gamification-api.dev/v1/collections/create-collection-for-destroy
    body:
      encoding: US-ASCII
      string: ''
    headers:
      User-Agent:
      - Faraday v0.9.1
      Authorization:
      - Token token="c9cde524238644fa93393159e5e9ad87"
      Accept-Encoding:
      - gzip;q=1.0,deflate;q=0.6,identity;q=0.3
      Accept:
      - "*/*"
  response:
    status:
      code: 404
      message: Not Found
    headers:
      X-Frame-Options:
      - SAMEORIGIN
      X-Xss-Protection:
      - 1; mode=block
      X-Content-Type-Options:
      - nosniff
      Content-Type:
      - application/json; charset=utf-8
      Cache-Control:
      - no-cache
      X-Request-Id:
      - a9ad8542-8d59-4023-93ae-bfed96d7f1c4
      X-Runtime:
      - '0.011365'
      Date:
      - Thu, 27 Aug 2015 08:26:06 GMT
      Connection:
      - close
    body:
      encoding: UTF-8
      string: '{"error":{"type":"invalid_request_error","message":"No collection exists
        with id: create-collection-for-destroy","status":404}}'
    http_version: 
  recorded_at: Thu, 27 Aug 2015 08:26:06 GMT
recorded_with: VCR 2.9.3
