---
http_interactions:
- request:
    method: post
    uri: http://gamification-api.dev/v1/badges/3/issue
    body:
      encoding: UTF-8
      string: recipient=t.skarbek-wazynski%40lancaster.ac.uk
    headers:
      User-Agent:
      - Faraday v0.9.1
      Authorization:
      - Token token="c9cde524238644fa93393159e5e9ad87"
      Content-Type:
      - application/x-www-form-urlencoded
      Accept-Encoding:
      - gzip;q=1.0,deflate;q=0.6,identity;q=0.3
      Accept:
      - "*/*"
  response:
    status:
      code: 200
      message: OK
    headers:
      X-Frame-Options:
      - SAMEORIGIN
      X-Xss-Protection:
      - 1; mode=block
      X-Content-Type-Options:
      - nosniff
      Content-Type:
      - application/json; charset=utf-8
      Etag:
      - '"aeb1dc320dbf15761c7cd0f017c85dcb"'
      Cache-Control:
      - max-age=0, private, must-revalidate
      X-Request-Id:
      - 20220236-9edd-4601-8699-f3fec8f8bb03
      X-Runtime:
      - '0.034771'
      Date:
      - Thu, 16 Jul 2015 09:30:11 GMT
      Connection:
      - close
    body:
      encoding: UTF-8
      string: '[{"name":"Book Worm","description":"You have loaned out over 25 books.
        Nice going!","requirements":"Loan out 25 books","hint":"You must like books...","image":"http://gamification-api.dev/uploads/badge/image/1/seed.png","collection_id":"library","created_at":"2015-07-16T09:21:22.448Z","updated_at":"2015-07-16T09:21:22.448Z","level":"bronze","image_greyscale":"http://gamification-api.dev/uploads/badge/image/1/grey_seed.png","required_badges":[],"points":25,"id":"book-worm"}]'
    http_version: 
  recorded_at: Thu, 16 Jul 2015 09:30:11 GMT
- request:
    method: post
    uri: http://gamification-api.dev/v1/badges/2/issue
    body:
      encoding: UTF-8
      string: recipient=t.skarbek-wazynski%40lancaster.ac.uk
    headers:
      User-Agent:
      - Faraday v0.9.1
      Authorization:
      - Token token="c9cde524238644fa93393159e5e9ad87"
      Content-Type:
      - application/x-www-form-urlencoded
      Accept-Encoding:
      - gzip;q=1.0,deflate;q=0.6,identity;q=0.3
      Accept:
      - "*/*"
  response:
    status:
      code: 200
      message: OK
    headers:
      X-Frame-Options:
      - SAMEORIGIN
      X-Xss-Protection:
      - 1; mode=block
      X-Content-Type-Options:
      - nosniff
      Content-Type:
      - application/json; charset=utf-8
      Etag:
      - '"aeb1dc320dbf15761c7cd0f017c85dcb"'
      Cache-Control:
      - max-age=0, private, must-revalidate
      X-Request-Id:
      - 70f03472-0632-4e06-b986-38088e133f20
      X-Runtime:
      - '0.032332'
      Date:
      - Thu, 16 Jul 2015 09:48:02 GMT
      Connection:
      - close
    body:
      encoding: UTF-8
      string: '[{"name":"Book Worm","description":"You have loaned out over 25 books.
        Nice going!","requirements":"Loan out 25 books","hint":"You must like books...","image":"http://gamification-api.dev/uploads/badge/image/1/seed.png","collection_id":"library","created_at":"2015-07-16T09:21:22.448Z","updated_at":"2015-07-16T09:21:22.448Z","level":"bronze","image_greyscale":"http://gamification-api.dev/uploads/badge/image/1/grey_seed.png","required_badges":[],"points":25,"id":"book-worm"}]'
    http_version: 
  recorded_at: Thu, 16 Jul 2015 09:48:02 GMT
- request:
    method: post
    uri: http://gamification-api.dev/v1/badges/mega-book-worm/issue
    body:
      encoding: UTF-8
      string: recipient=t.skarbek-wazynski%40lancaster.ac.uk
    headers:
      User-Agent:
      - Faraday v0.9.1
      Authorization:
      - Token token="c9cde524238644fa93393159e5e9ad87"
      Content-Type:
      - application/x-www-form-urlencoded
      Accept-Encoding:
      - gzip;q=1.0,deflate;q=0.6,identity;q=0.3
      Accept:
      - "*/*"
  response:
    status:
      code: 200
      message: OK
    headers:
      X-Frame-Options:
      - SAMEORIGIN
      X-Xss-Protection:
      - 1; mode=block
      X-Content-Type-Options:
      - nosniff
      Content-Type:
      - application/json; charset=utf-8
      Etag:
      - '"787f2720a6f8e14a5a86b002174ccb60"'
      Cache-Control:
      - max-age=0, private, must-revalidate
      X-Request-Id:
      - 013c243b-aca0-4807-a998-bc4838ac7f0c
      X-Runtime:
      - '0.045779'
      Date:
      - Fri, 17 Jul 2015 09:56:03 GMT
      Connection:
      - close
    body:
      encoding: UTF-8
      string: '[{"name":"Book Worm","description":"You have loaned out over 25 books.
        Nice going!","requirements":"Loan out 25 books","hint":"You must like books...","image":"http://gamification-api.dev/uploads/badge/image/1/seed.png","collection_id":"library","created_at":"2015-07-16T09:21:22.448Z","updated_at":"2015-07-16T09:21:22.448Z","level":"bronze","image_greyscale":"http://gamification-api.dev/uploads/badge/image/1/grey_seed.png","required_badges":[],"points":25,"id":"book-worm"},{"name":"Mega
        Book Worm","description":"You have loaned out 50 books.","requirements":"Loan
        out 50 books","hint":"You must really like books...","image":"http://gamification-api.dev/uploads/badge/image/2/seed.png","collection_id":"library","created_at":"2015-07-16T09:21:22.531Z","updated_at":"2015-07-16T09:21:22.531Z","level":"silver","image_greyscale":"http://gamification-api.dev/uploads/badge/image/2/grey_seed.png","required_badges":[{"name":"Book
        Worm","description":"You have loaned out over 25 books. Nice going!","requirements":"Loan
        out 25 books","hint":"You must like books...","image":"http://gamification-api.dev/uploads/badge/image/1/seed.png","collection_id":"library","created_at":"2015-07-16T09:21:22.448Z","updated_at":"2015-07-16T09:21:22.448Z","level":"bronze","image_greyscale":"http://gamification-api.dev/uploads/badge/image/1/grey_seed.png","required_badges":[],"points":25,"id":"book-worm"}],"points":50,"id":"mega-book-worm"}]'
    http_version: 
  recorded_at: Fri, 17 Jul 2015 09:56:03 GMT
- request:
    method: post
    uri: http://gamification-api.dev/v1/badges/mega-book-worm/revoke
    body:
      encoding: UTF-8
      string: recipient=t.skarbek-wazynski%40lancaster.ac.uk
    headers:
      User-Agent:
      - Faraday v0.9.1
      Authorization:
      - Token token="c9cde524238644fa93393159e5e9ad87"
      Content-Type:
      - application/x-www-form-urlencoded
      Accept-Encoding:
      - gzip;q=1.0,deflate;q=0.6,identity;q=0.3
      Accept:
      - "*/*"
  response:
    status:
      code: 200
      message: OK
    headers:
      X-Frame-Options:
      - SAMEORIGIN
      X-Xss-Protection:
      - 1; mode=block
      X-Content-Type-Options:
      - nosniff
      Content-Type:
      - application/json; charset=utf-8
      Etag:
      - '"aeb1dc320dbf15761c7cd0f017c85dcb"'
      Cache-Control:
      - max-age=0, private, must-revalidate
      X-Request-Id:
      - debc1183-2b84-4798-b695-c8206afbb70e
      X-Runtime:
      - '0.032504'
      Date:
      - Fri, 17 Jul 2015 09:56:03 GMT
      Connection:
      - close
    body:
      encoding: UTF-8
      string: '[{"name":"Book Worm","description":"You have loaned out over 25 books.
        Nice going!","requirements":"Loan out 25 books","hint":"You must like books...","image":"http://gamification-api.dev/uploads/badge/image/1/seed.png","collection_id":"library","created_at":"2015-07-16T09:21:22.448Z","updated_at":"2015-07-16T09:21:22.448Z","level":"bronze","image_greyscale":"http://gamification-api.dev/uploads/badge/image/1/grey_seed.png","required_badges":[],"points":25,"id":"book-worm"}]'
    http_version: 
  recorded_at: Fri, 17 Jul 2015 09:56:03 GMT
recorded_with: VCR 2.9.3
