---
http_interactions:
- request:
    method: post
    uri: http://gamification-api.dev/v1/collections
    body:
      encoding: UTF-8
      string: collection%5Bdescription%5D=This+is+a+new+collection&collection%5Bname%5D=Create+Collection+for+update
    headers:
      User-Agent:
      - Faraday v0.9.1
      Authorization:
      - Token token="c9cde524238644fa93393159e5e9ad87"
      Content-Type:
      - application/x-www-form-urlencoded
      Accept-Encoding:
      - gzip;q=1.0,deflate;q=0.6,identity;q=0.3
      Accept:
      - "*/*"
  response:
    status:
      code: 201
      message: Created
    headers:
      X-Frame-Options:
      - SAMEORIGIN
      X-Xss-Protection:
      - 1; mode=block
      X-Content-Type-Options:
      - nosniff
      Content-Type:
      - application/json; charset=utf-8
      Etag:
      - '"fc9fde534d54afa3a9a9a00586eed944"'
      Cache-Control:
      - max-age=0, private, must-revalidate
      X-Request-Id:
      - e8bd5a14-32d9-4d43-aee6-0231e3925ec2
      X-Runtime:
      - '0.025430'
      Date:
      - Thu, 27 Aug 2015 08:26:07 GMT
      Connection:
      - close
    body:
      encoding: UTF-8
      string: '{"id":"create-collection-for-update","name":"Create Collection for
        update","description":"This is a new collection","created_at":"2015-08-27T08:26:07.598Z","updated_at":"2015-08-27T08:26:07.598Z","total_points_available":0,"object":"collection"}'
    http_version: 
  recorded_at: Thu, 27 Aug 2015 08:26:07 GMT
- request:
    method: patch
    uri: http://gamification-api.dev/v1/collections/create-collection-for-update
    body:
      encoding: UTF-8
      string: collection%5Bdescription%5D=Updated+Collection&collection%5Bname%5D=Updated+Collection
    headers:
      User-Agent:
      - Faraday v0.9.1
      Authorization:
      - Token token="c9cde524238644fa93393159e5e9ad87"
      Content-Type:
      - application/x-www-form-urlencoded
      Accept-Encoding:
      - gzip;q=1.0,deflate;q=0.6,identity;q=0.3
      Accept:
      - "*/*"
  response:
    status:
      code: 200
      message: OK
    headers:
      X-Frame-Options:
      - SAMEORIGIN
      X-Xss-Protection:
      - 1; mode=block
      X-Content-Type-Options:
      - nosniff
      Content-Type:
      - application/json; charset=utf-8
      Etag:
      - '"05d91212cb60b92fb962e408ff51c02d"'
      Cache-Control:
      - max-age=0, private, must-revalidate
      X-Request-Id:
      - 0cebaca8-4227-469a-9869-1579f8292e3a
      X-Runtime:
      - '0.033543'
      Date:
      - Thu, 27 Aug 2015 08:26:07 GMT
      Connection:
      - close
    body:
      encoding: UTF-8
      string: '{"id":"updated-collection","name":"Updated Collection","description":"Updated
        Collection","created_at":"2015-08-27T08:26:07.598Z","updated_at":"2015-08-27T08:26:07.643Z","total_points_available":0,"object":"collection"}'
    http_version: 
  recorded_at: Thu, 27 Aug 2015 08:26:07 GMT
- request:
    method: get
    uri: http://gamification-api.dev/v1/collections/create-collection-for-update
    body:
      encoding: US-ASCII
      string: ''
    headers:
      User-Agent:
      - Faraday v0.9.1
      Authorization:
      - Token token="c9cde524238644fa93393159e5e9ad87"
      Accept-Encoding:
      - gzip;q=1.0,deflate;q=0.6,identity;q=0.3
      Accept:
      - "*/*"
  response:
    status:
      code: 200
      message: OK
    headers:
      X-Frame-Options:
      - SAMEORIGIN
      X-Xss-Protection:
      - 1; mode=block
      X-Content-Type-Options:
      - nosniff
      Content-Type:
      - application/json; charset=utf-8
      Etag:
      - '"05d91212cb60b92fb962e408ff51c02d"'
      Cache-Control:
      - max-age=0, private, must-revalidate
      X-Request-Id:
      - b8303b43-c510-4eb6-a162-bc28f811a4c1
      X-Runtime:
      - '0.014515'
      Date:
      - Thu, 27 Aug 2015 08:26:07 GMT
      Connection:
      - close
    body:
      encoding: UTF-8
      string: '{"id":"updated-collection","name":"Updated Collection","description":"Updated
        Collection","created_at":"2015-08-27T08:26:07.598Z","updated_at":"2015-08-27T08:26:07.643Z","total_points_available":0,"object":"collection"}'
    http_version: 
  recorded_at: Thu, 27 Aug 2015 08:26:07 GMT
- request:
    method: delete
    uri: http://gamification-api.dev/v1/collections/create-collection-for-update
    body:
      encoding: US-ASCII
      string: ''
    headers:
      User-Agent:
      - Faraday v0.9.1
      Authorization:
      - Token token="c9cde524238644fa93393159e5e9ad87"
      Accept-Encoding:
      - gzip;q=1.0,deflate;q=0.6,identity;q=0.3
      Accept:
      - "*/*"
  response:
    status:
      code: 200
      message: OK
    headers:
      X-Frame-Options:
      - SAMEORIGIN
      X-Xss-Protection:
      - 1; mode=block
      X-Content-Type-Options:
      - nosniff
      Content-Type:
      - application/json; charset=utf-8
      Etag:
      - '"05d91212cb60b92fb962e408ff51c02d"'
      Cache-Control:
      - max-age=0, private, must-revalidate
      X-Request-Id:
      - 63bcf66b-37d5-45cd-8691-044702ba9c41
      X-Runtime:
      - '0.018810'
      Date:
      - Thu, 27 Aug 2015 08:26:07 GMT
      Connection:
      - close
    body:
      encoding: UTF-8
      string: '{"id":"updated-collection","name":"Updated Collection","description":"Updated
        Collection","created_at":"2015-08-27T08:26:07.598Z","updated_at":"2015-08-27T08:26:07.643Z","total_points_available":0,"object":"collection"}'
    http_version: 
  recorded_at: Thu, 27 Aug 2015 08:26:07 GMT
recorded_with: VCR 2.9.3
